ARM GAS  C:\Users\Luci\AppData\Local\Temp\ccpYOZqY.s 			page 1


   1              		.cpu cortex-m0
   2              		.fpu softvfp
   3              		.eabi_attribute 20, 1
   4              		.eabi_attribute 21, 1
   5              		.eabi_attribute 23, 3
   6              		.eabi_attribute 24, 1
   7              		.eabi_attribute 25, 1
   8              		.eabi_attribute 26, 1
   9              		.eabi_attribute 30, 1
  10              		.eabi_attribute 34, 0
  11              		.eabi_attribute 18, 4
  12              		.code	16
  13              		.file	"ADC_EOC_Int.c"
  14              		.text
  15              	.Ltext0:
  16              		.cfi_sections	.debug_frame
  17              		.section	.text.ADC_EOC_Int_Interrupt,"ax",%progbits
  18              		.align	2
  19              		.global	ADC_EOC_Int_Interrupt
  20              		.code	16
  21              		.thumb_func
  22              		.type	ADC_EOC_Int_Interrupt, %function
  23              	ADC_EOC_Int_Interrupt:
  24              	.LFB5:
  25              		.file 1 ".\\Generated_Source\\PSoC4\\ADC_EOC_Int.c"
   1:.\Generated_Source\PSoC4/ADC_EOC_Int.c **** /*******************************************************************************
   2:.\Generated_Source\PSoC4/ADC_EOC_Int.c **** * File Name: ADC_EOC_Int.c  
   3:.\Generated_Source\PSoC4/ADC_EOC_Int.c **** * Version 1.70
   4:.\Generated_Source\PSoC4/ADC_EOC_Int.c **** *
   5:.\Generated_Source\PSoC4/ADC_EOC_Int.c **** *  Description:
   6:.\Generated_Source\PSoC4/ADC_EOC_Int.c **** *   API for controlling the state of an interrupt.
   7:.\Generated_Source\PSoC4/ADC_EOC_Int.c **** *
   8:.\Generated_Source\PSoC4/ADC_EOC_Int.c **** *
   9:.\Generated_Source\PSoC4/ADC_EOC_Int.c **** *  Note:
  10:.\Generated_Source\PSoC4/ADC_EOC_Int.c **** *
  11:.\Generated_Source\PSoC4/ADC_EOC_Int.c **** ********************************************************************************
  12:.\Generated_Source\PSoC4/ADC_EOC_Int.c **** * Copyright 2008-2015, Cypress Semiconductor Corporation.  All rights reserved.
  13:.\Generated_Source\PSoC4/ADC_EOC_Int.c **** * You may use this file only in accordance with the license, terms, conditions, 
  14:.\Generated_Source\PSoC4/ADC_EOC_Int.c **** * disclaimers, and limitations in the end user license agreement accompanying 
  15:.\Generated_Source\PSoC4/ADC_EOC_Int.c **** * the software package with which this file was provided.
  16:.\Generated_Source\PSoC4/ADC_EOC_Int.c **** *******************************************************************************/
  17:.\Generated_Source\PSoC4/ADC_EOC_Int.c **** 
  18:.\Generated_Source\PSoC4/ADC_EOC_Int.c **** 
  19:.\Generated_Source\PSoC4/ADC_EOC_Int.c **** #include <cydevice_trm.h>
  20:.\Generated_Source\PSoC4/ADC_EOC_Int.c **** #include <CyLib.h>
  21:.\Generated_Source\PSoC4/ADC_EOC_Int.c **** #include <ADC_EOC_Int.h>
  22:.\Generated_Source\PSoC4/ADC_EOC_Int.c **** 
  23:.\Generated_Source\PSoC4/ADC_EOC_Int.c **** 
  24:.\Generated_Source\PSoC4/ADC_EOC_Int.c **** #if !defined(ADC_EOC_Int__REMOVED) /* Check for removal by optimization */
  25:.\Generated_Source\PSoC4/ADC_EOC_Int.c **** 
  26:.\Generated_Source\PSoC4/ADC_EOC_Int.c **** /*******************************************************************************
  27:.\Generated_Source\PSoC4/ADC_EOC_Int.c **** *  Place your includes, defines and code here 
  28:.\Generated_Source\PSoC4/ADC_EOC_Int.c **** ********************************************************************************/
  29:.\Generated_Source\PSoC4/ADC_EOC_Int.c **** /* `#START ADC_EOC_Int_intc` */
  30:.\Generated_Source\PSoC4/ADC_EOC_Int.c **** 
  31:.\Generated_Source\PSoC4/ADC_EOC_Int.c **** /* `#END` */
  32:.\Generated_Source\PSoC4/ADC_EOC_Int.c **** 
ARM GAS  C:\Users\Luci\AppData\Local\Temp\ccpYOZqY.s 			page 2


  33:.\Generated_Source\PSoC4/ADC_EOC_Int.c **** extern cyisraddress CyRamVectors[CYINT_IRQ_BASE + CY_NUM_INTERRUPTS];
  34:.\Generated_Source\PSoC4/ADC_EOC_Int.c **** 
  35:.\Generated_Source\PSoC4/ADC_EOC_Int.c **** /* Declared in startup, used to set unused interrupts to. */
  36:.\Generated_Source\PSoC4/ADC_EOC_Int.c **** CY_ISR_PROTO(IntDefaultHandler);
  37:.\Generated_Source\PSoC4/ADC_EOC_Int.c **** 
  38:.\Generated_Source\PSoC4/ADC_EOC_Int.c **** 
  39:.\Generated_Source\PSoC4/ADC_EOC_Int.c **** /*******************************************************************************
  40:.\Generated_Source\PSoC4/ADC_EOC_Int.c **** * Function Name: ADC_EOC_Int_Start
  41:.\Generated_Source\PSoC4/ADC_EOC_Int.c **** ********************************************************************************
  42:.\Generated_Source\PSoC4/ADC_EOC_Int.c **** *
  43:.\Generated_Source\PSoC4/ADC_EOC_Int.c **** * Summary:
  44:.\Generated_Source\PSoC4/ADC_EOC_Int.c **** *  Set up the interrupt and enable it. This function disables the interrupt, 
  45:.\Generated_Source\PSoC4/ADC_EOC_Int.c **** *  sets the default interrupt vector, sets the priority from the value in the
  46:.\Generated_Source\PSoC4/ADC_EOC_Int.c **** *  Design Wide Resources Interrupt Editor, then enables the interrupt to the 
  47:.\Generated_Source\PSoC4/ADC_EOC_Int.c **** *  interrupt controller.
  48:.\Generated_Source\PSoC4/ADC_EOC_Int.c **** *
  49:.\Generated_Source\PSoC4/ADC_EOC_Int.c **** * Parameters:  
  50:.\Generated_Source\PSoC4/ADC_EOC_Int.c **** *   None
  51:.\Generated_Source\PSoC4/ADC_EOC_Int.c **** *
  52:.\Generated_Source\PSoC4/ADC_EOC_Int.c **** * Return:
  53:.\Generated_Source\PSoC4/ADC_EOC_Int.c **** *   None
  54:.\Generated_Source\PSoC4/ADC_EOC_Int.c **** *
  55:.\Generated_Source\PSoC4/ADC_EOC_Int.c **** *******************************************************************************/
  56:.\Generated_Source\PSoC4/ADC_EOC_Int.c **** void ADC_EOC_Int_Start(void)
  57:.\Generated_Source\PSoC4/ADC_EOC_Int.c **** {
  58:.\Generated_Source\PSoC4/ADC_EOC_Int.c ****     /* For all we know the interrupt is active. */
  59:.\Generated_Source\PSoC4/ADC_EOC_Int.c ****     ADC_EOC_Int_Disable();
  60:.\Generated_Source\PSoC4/ADC_EOC_Int.c **** 
  61:.\Generated_Source\PSoC4/ADC_EOC_Int.c ****     /* Set the ISR to point to the ADC_EOC_Int Interrupt. */
  62:.\Generated_Source\PSoC4/ADC_EOC_Int.c ****     ADC_EOC_Int_SetVector(&ADC_EOC_Int_Interrupt);
  63:.\Generated_Source\PSoC4/ADC_EOC_Int.c **** 
  64:.\Generated_Source\PSoC4/ADC_EOC_Int.c ****     /* Set the priority. */
  65:.\Generated_Source\PSoC4/ADC_EOC_Int.c ****     ADC_EOC_Int_SetPriority((uint8)ADC_EOC_Int_INTC_PRIOR_NUMBER);
  66:.\Generated_Source\PSoC4/ADC_EOC_Int.c **** 
  67:.\Generated_Source\PSoC4/ADC_EOC_Int.c ****     /* Enable it. */
  68:.\Generated_Source\PSoC4/ADC_EOC_Int.c ****     ADC_EOC_Int_Enable();
  69:.\Generated_Source\PSoC4/ADC_EOC_Int.c **** }
  70:.\Generated_Source\PSoC4/ADC_EOC_Int.c **** 
  71:.\Generated_Source\PSoC4/ADC_EOC_Int.c **** 
  72:.\Generated_Source\PSoC4/ADC_EOC_Int.c **** /*******************************************************************************
  73:.\Generated_Source\PSoC4/ADC_EOC_Int.c **** * Function Name: ADC_EOC_Int_StartEx
  74:.\Generated_Source\PSoC4/ADC_EOC_Int.c **** ********************************************************************************
  75:.\Generated_Source\PSoC4/ADC_EOC_Int.c **** *
  76:.\Generated_Source\PSoC4/ADC_EOC_Int.c **** * Summary:
  77:.\Generated_Source\PSoC4/ADC_EOC_Int.c **** *  Sets up the interrupt and enables it. This function disables the interrupt,
  78:.\Generated_Source\PSoC4/ADC_EOC_Int.c **** *  sets the interrupt vector based on the address passed in, sets the priority 
  79:.\Generated_Source\PSoC4/ADC_EOC_Int.c **** *  from the value in the Design Wide Resources Interrupt Editor, then enables 
  80:.\Generated_Source\PSoC4/ADC_EOC_Int.c **** *  the interrupt to the interrupt controller.
  81:.\Generated_Source\PSoC4/ADC_EOC_Int.c **** *  
  82:.\Generated_Source\PSoC4/ADC_EOC_Int.c **** *  When defining ISR functions, the CY_ISR and CY_ISR_PROTO macros should be 
  83:.\Generated_Source\PSoC4/ADC_EOC_Int.c **** *  used to provide consistent definition across compilers:
  84:.\Generated_Source\PSoC4/ADC_EOC_Int.c **** *  
  85:.\Generated_Source\PSoC4/ADC_EOC_Int.c **** *  Function definition example:
  86:.\Generated_Source\PSoC4/ADC_EOC_Int.c **** *   CY_ISR(MyISR)
  87:.\Generated_Source\PSoC4/ADC_EOC_Int.c **** *   {
  88:.\Generated_Source\PSoC4/ADC_EOC_Int.c **** *   }
  89:.\Generated_Source\PSoC4/ADC_EOC_Int.c **** *   Function prototype example:
ARM GAS  C:\Users\Luci\AppData\Local\Temp\ccpYOZqY.s 			page 3


  90:.\Generated_Source\PSoC4/ADC_EOC_Int.c **** *   CY_ISR_PROTO(MyISR);
  91:.\Generated_Source\PSoC4/ADC_EOC_Int.c **** *
  92:.\Generated_Source\PSoC4/ADC_EOC_Int.c **** * Parameters:  
  93:.\Generated_Source\PSoC4/ADC_EOC_Int.c **** *   address: Address of the ISR to set in the interrupt vector table.
  94:.\Generated_Source\PSoC4/ADC_EOC_Int.c **** *
  95:.\Generated_Source\PSoC4/ADC_EOC_Int.c **** * Return:
  96:.\Generated_Source\PSoC4/ADC_EOC_Int.c **** *   None
  97:.\Generated_Source\PSoC4/ADC_EOC_Int.c **** *
  98:.\Generated_Source\PSoC4/ADC_EOC_Int.c **** *******************************************************************************/
  99:.\Generated_Source\PSoC4/ADC_EOC_Int.c **** void ADC_EOC_Int_StartEx(cyisraddress address)
 100:.\Generated_Source\PSoC4/ADC_EOC_Int.c **** {
 101:.\Generated_Source\PSoC4/ADC_EOC_Int.c ****     /* For all we know the interrupt is active. */
 102:.\Generated_Source\PSoC4/ADC_EOC_Int.c ****     ADC_EOC_Int_Disable();
 103:.\Generated_Source\PSoC4/ADC_EOC_Int.c **** 
 104:.\Generated_Source\PSoC4/ADC_EOC_Int.c ****     /* Set the ISR to point to the ADC_EOC_Int Interrupt. */
 105:.\Generated_Source\PSoC4/ADC_EOC_Int.c ****     ADC_EOC_Int_SetVector(address);
 106:.\Generated_Source\PSoC4/ADC_EOC_Int.c **** 
 107:.\Generated_Source\PSoC4/ADC_EOC_Int.c ****     /* Set the priority. */
 108:.\Generated_Source\PSoC4/ADC_EOC_Int.c ****     ADC_EOC_Int_SetPriority((uint8)ADC_EOC_Int_INTC_PRIOR_NUMBER);
 109:.\Generated_Source\PSoC4/ADC_EOC_Int.c **** 
 110:.\Generated_Source\PSoC4/ADC_EOC_Int.c ****     /* Enable it. */
 111:.\Generated_Source\PSoC4/ADC_EOC_Int.c ****     ADC_EOC_Int_Enable();
 112:.\Generated_Source\PSoC4/ADC_EOC_Int.c **** }
 113:.\Generated_Source\PSoC4/ADC_EOC_Int.c **** 
 114:.\Generated_Source\PSoC4/ADC_EOC_Int.c **** 
 115:.\Generated_Source\PSoC4/ADC_EOC_Int.c **** /*******************************************************************************
 116:.\Generated_Source\PSoC4/ADC_EOC_Int.c **** * Function Name: ADC_EOC_Int_Stop
 117:.\Generated_Source\PSoC4/ADC_EOC_Int.c **** ********************************************************************************
 118:.\Generated_Source\PSoC4/ADC_EOC_Int.c **** *
 119:.\Generated_Source\PSoC4/ADC_EOC_Int.c **** * Summary:
 120:.\Generated_Source\PSoC4/ADC_EOC_Int.c **** *   Disables and removes the interrupt.
 121:.\Generated_Source\PSoC4/ADC_EOC_Int.c **** *
 122:.\Generated_Source\PSoC4/ADC_EOC_Int.c **** * Parameters:  
 123:.\Generated_Source\PSoC4/ADC_EOC_Int.c **** *   None
 124:.\Generated_Source\PSoC4/ADC_EOC_Int.c **** *
 125:.\Generated_Source\PSoC4/ADC_EOC_Int.c **** * Return:
 126:.\Generated_Source\PSoC4/ADC_EOC_Int.c **** *   None
 127:.\Generated_Source\PSoC4/ADC_EOC_Int.c **** *
 128:.\Generated_Source\PSoC4/ADC_EOC_Int.c **** *******************************************************************************/
 129:.\Generated_Source\PSoC4/ADC_EOC_Int.c **** void ADC_EOC_Int_Stop(void)
 130:.\Generated_Source\PSoC4/ADC_EOC_Int.c **** {
 131:.\Generated_Source\PSoC4/ADC_EOC_Int.c ****     /* Disable this interrupt. */
 132:.\Generated_Source\PSoC4/ADC_EOC_Int.c ****     ADC_EOC_Int_Disable();
 133:.\Generated_Source\PSoC4/ADC_EOC_Int.c **** 
 134:.\Generated_Source\PSoC4/ADC_EOC_Int.c ****     /* Set the ISR to point to the passive one. */
 135:.\Generated_Source\PSoC4/ADC_EOC_Int.c ****     ADC_EOC_Int_SetVector(&IntDefaultHandler);
 136:.\Generated_Source\PSoC4/ADC_EOC_Int.c **** }
 137:.\Generated_Source\PSoC4/ADC_EOC_Int.c **** 
 138:.\Generated_Source\PSoC4/ADC_EOC_Int.c **** 
 139:.\Generated_Source\PSoC4/ADC_EOC_Int.c **** /*******************************************************************************
 140:.\Generated_Source\PSoC4/ADC_EOC_Int.c **** * Function Name: ADC_EOC_Int_Interrupt
 141:.\Generated_Source\PSoC4/ADC_EOC_Int.c **** ********************************************************************************
 142:.\Generated_Source\PSoC4/ADC_EOC_Int.c **** *
 143:.\Generated_Source\PSoC4/ADC_EOC_Int.c **** * Summary:
 144:.\Generated_Source\PSoC4/ADC_EOC_Int.c **** *   The default Interrupt Service Routine for ADC_EOC_Int.
 145:.\Generated_Source\PSoC4/ADC_EOC_Int.c **** *
 146:.\Generated_Source\PSoC4/ADC_EOC_Int.c **** *   Add custom code between the START and END comments to keep the next version
ARM GAS  C:\Users\Luci\AppData\Local\Temp\ccpYOZqY.s 			page 4


 147:.\Generated_Source\PSoC4/ADC_EOC_Int.c **** *   of this file from over-writing your code.
 148:.\Generated_Source\PSoC4/ADC_EOC_Int.c **** *
 149:.\Generated_Source\PSoC4/ADC_EOC_Int.c **** *   Note You may use either the default ISR by using this API, or you may define
 150:.\Generated_Source\PSoC4/ADC_EOC_Int.c **** *   your own separate ISR through ISR_StartEx().
 151:.\Generated_Source\PSoC4/ADC_EOC_Int.c **** *
 152:.\Generated_Source\PSoC4/ADC_EOC_Int.c **** * Parameters:  
 153:.\Generated_Source\PSoC4/ADC_EOC_Int.c **** *   None
 154:.\Generated_Source\PSoC4/ADC_EOC_Int.c **** *
 155:.\Generated_Source\PSoC4/ADC_EOC_Int.c **** * Return:
 156:.\Generated_Source\PSoC4/ADC_EOC_Int.c **** *   None
 157:.\Generated_Source\PSoC4/ADC_EOC_Int.c **** *
 158:.\Generated_Source\PSoC4/ADC_EOC_Int.c **** *******************************************************************************/
 159:.\Generated_Source\PSoC4/ADC_EOC_Int.c **** CY_ISR(ADC_EOC_Int_Interrupt)
 160:.\Generated_Source\PSoC4/ADC_EOC_Int.c **** {
  26              		.loc 1 160 0
  27              		.cfi_startproc
 161:.\Generated_Source\PSoC4/ADC_EOC_Int.c ****     #ifdef ADC_EOC_Int_INTERRUPT_INTERRUPT_CALLBACK
 162:.\Generated_Source\PSoC4/ADC_EOC_Int.c ****         ADC_EOC_Int_Interrupt_InterruptCallback();
 163:.\Generated_Source\PSoC4/ADC_EOC_Int.c ****     #endif /* ADC_EOC_Int_INTERRUPT_INTERRUPT_CALLBACK */ 
 164:.\Generated_Source\PSoC4/ADC_EOC_Int.c **** 
 165:.\Generated_Source\PSoC4/ADC_EOC_Int.c ****     /*  Place your Interrupt code here. */
 166:.\Generated_Source\PSoC4/ADC_EOC_Int.c ****     /* `#START ADC_EOC_Int_Interrupt` */
 167:.\Generated_Source\PSoC4/ADC_EOC_Int.c **** 
 168:.\Generated_Source\PSoC4/ADC_EOC_Int.c ****     /* `#END` */
 169:.\Generated_Source\PSoC4/ADC_EOC_Int.c **** }
  28              		.loc 1 169 0
  29              		@ sp needed
  30 0000 7047     		bx	lr
  31              		.cfi_endproc
  32              	.LFE5:
  33              		.size	ADC_EOC_Int_Interrupt, .-ADC_EOC_Int_Interrupt
  34 0002 C046     		.section	.text.ADC_EOC_Int_SetVector,"ax",%progbits
  35              		.align	2
  36              		.global	ADC_EOC_Int_SetVector
  37              		.code	16
  38              		.thumb_func
  39              		.type	ADC_EOC_Int_SetVector, %function
  40              	ADC_EOC_Int_SetVector:
  41              	.LFB6:
 170:.\Generated_Source\PSoC4/ADC_EOC_Int.c **** 
 171:.\Generated_Source\PSoC4/ADC_EOC_Int.c **** 
 172:.\Generated_Source\PSoC4/ADC_EOC_Int.c **** /*******************************************************************************
 173:.\Generated_Source\PSoC4/ADC_EOC_Int.c **** * Function Name: ADC_EOC_Int_SetVector
 174:.\Generated_Source\PSoC4/ADC_EOC_Int.c **** ********************************************************************************
 175:.\Generated_Source\PSoC4/ADC_EOC_Int.c **** *
 176:.\Generated_Source\PSoC4/ADC_EOC_Int.c **** * Summary:
 177:.\Generated_Source\PSoC4/ADC_EOC_Int.c **** *   Change the ISR vector for the Interrupt. Note calling ADC_EOC_Int_Start
 178:.\Generated_Source\PSoC4/ADC_EOC_Int.c **** *   will override any effect this method would have had. To set the vector 
 179:.\Generated_Source\PSoC4/ADC_EOC_Int.c **** *   before the component has been started use ADC_EOC_Int_StartEx instead.
 180:.\Generated_Source\PSoC4/ADC_EOC_Int.c **** * 
 181:.\Generated_Source\PSoC4/ADC_EOC_Int.c **** *   When defining ISR functions, the CY_ISR and CY_ISR_PROTO macros should be 
 182:.\Generated_Source\PSoC4/ADC_EOC_Int.c **** *   used to provide consistent definition across compilers:
 183:.\Generated_Source\PSoC4/ADC_EOC_Int.c **** *
 184:.\Generated_Source\PSoC4/ADC_EOC_Int.c **** *   Function definition example:
 185:.\Generated_Source\PSoC4/ADC_EOC_Int.c **** *   CY_ISR(MyISR)
 186:.\Generated_Source\PSoC4/ADC_EOC_Int.c **** *   {
 187:.\Generated_Source\PSoC4/ADC_EOC_Int.c **** *   }
ARM GAS  C:\Users\Luci\AppData\Local\Temp\ccpYOZqY.s 			page 5


 188:.\Generated_Source\PSoC4/ADC_EOC_Int.c **** *
 189:.\Generated_Source\PSoC4/ADC_EOC_Int.c **** *   Function prototype example:
 190:.\Generated_Source\PSoC4/ADC_EOC_Int.c **** *     CY_ISR_PROTO(MyISR);
 191:.\Generated_Source\PSoC4/ADC_EOC_Int.c **** *
 192:.\Generated_Source\PSoC4/ADC_EOC_Int.c **** * Parameters:
 193:.\Generated_Source\PSoC4/ADC_EOC_Int.c **** *   address: Address of the ISR to set in the interrupt vector table.
 194:.\Generated_Source\PSoC4/ADC_EOC_Int.c **** *
 195:.\Generated_Source\PSoC4/ADC_EOC_Int.c **** * Return:
 196:.\Generated_Source\PSoC4/ADC_EOC_Int.c **** *   None
 197:.\Generated_Source\PSoC4/ADC_EOC_Int.c **** *
 198:.\Generated_Source\PSoC4/ADC_EOC_Int.c **** *******************************************************************************/
 199:.\Generated_Source\PSoC4/ADC_EOC_Int.c **** void ADC_EOC_Int_SetVector(cyisraddress address)
 200:.\Generated_Source\PSoC4/ADC_EOC_Int.c **** {
  42              		.loc 1 200 0
  43              		.cfi_startproc
  44              	.LVL0:
 201:.\Generated_Source\PSoC4/ADC_EOC_Int.c ****     CyRamVectors[CYINT_IRQ_BASE + ADC_EOC_Int__INTC_NUMBER] = address;
  45              		.loc 1 201 0
  46 0000 014B     		ldr	r3, .L3
  47 0002 D864     		str	r0, [r3, #76]
 202:.\Generated_Source\PSoC4/ADC_EOC_Int.c **** }
  48              		.loc 1 202 0
  49              		@ sp needed
  50 0004 7047     		bx	lr
  51              	.L4:
  52 0006 C046     		.align	2
  53              	.L3:
  54 0008 00000000 		.word	CyRamVectors
  55              		.cfi_endproc
  56              	.LFE6:
  57              		.size	ADC_EOC_Int_SetVector, .-ADC_EOC_Int_SetVector
  58              		.section	.text.ADC_EOC_Int_GetVector,"ax",%progbits
  59              		.align	2
  60              		.global	ADC_EOC_Int_GetVector
  61              		.code	16
  62              		.thumb_func
  63              		.type	ADC_EOC_Int_GetVector, %function
  64              	ADC_EOC_Int_GetVector:
  65              	.LFB7:
 203:.\Generated_Source\PSoC4/ADC_EOC_Int.c **** 
 204:.\Generated_Source\PSoC4/ADC_EOC_Int.c **** 
 205:.\Generated_Source\PSoC4/ADC_EOC_Int.c **** /*******************************************************************************
 206:.\Generated_Source\PSoC4/ADC_EOC_Int.c **** * Function Name: ADC_EOC_Int_GetVector
 207:.\Generated_Source\PSoC4/ADC_EOC_Int.c **** ********************************************************************************
 208:.\Generated_Source\PSoC4/ADC_EOC_Int.c **** *
 209:.\Generated_Source\PSoC4/ADC_EOC_Int.c **** * Summary:
 210:.\Generated_Source\PSoC4/ADC_EOC_Int.c **** *   Gets the "address" of the current ISR vector for the Interrupt.
 211:.\Generated_Source\PSoC4/ADC_EOC_Int.c **** *
 212:.\Generated_Source\PSoC4/ADC_EOC_Int.c **** * Parameters:
 213:.\Generated_Source\PSoC4/ADC_EOC_Int.c **** *   None
 214:.\Generated_Source\PSoC4/ADC_EOC_Int.c **** *
 215:.\Generated_Source\PSoC4/ADC_EOC_Int.c **** * Return:
 216:.\Generated_Source\PSoC4/ADC_EOC_Int.c **** *   Address of the ISR in the interrupt vector table.
 217:.\Generated_Source\PSoC4/ADC_EOC_Int.c **** *
 218:.\Generated_Source\PSoC4/ADC_EOC_Int.c **** *******************************************************************************/
 219:.\Generated_Source\PSoC4/ADC_EOC_Int.c **** cyisraddress ADC_EOC_Int_GetVector(void)
 220:.\Generated_Source\PSoC4/ADC_EOC_Int.c **** {
ARM GAS  C:\Users\Luci\AppData\Local\Temp\ccpYOZqY.s 			page 6


  66              		.loc 1 220 0
  67              		.cfi_startproc
 221:.\Generated_Source\PSoC4/ADC_EOC_Int.c ****     return CyRamVectors[CYINT_IRQ_BASE + ADC_EOC_Int__INTC_NUMBER];
  68              		.loc 1 221 0
  69 0000 014B     		ldr	r3, .L6
  70 0002 D86C     		ldr	r0, [r3, #76]
 222:.\Generated_Source\PSoC4/ADC_EOC_Int.c **** }
  71              		.loc 1 222 0
  72              		@ sp needed
  73 0004 7047     		bx	lr
  74              	.L7:
  75 0006 C046     		.align	2
  76              	.L6:
  77 0008 00000000 		.word	CyRamVectors
  78              		.cfi_endproc
  79              	.LFE7:
  80              		.size	ADC_EOC_Int_GetVector, .-ADC_EOC_Int_GetVector
  81              		.section	.text.ADC_EOC_Int_SetPriority,"ax",%progbits
  82              		.align	2
  83              		.global	ADC_EOC_Int_SetPriority
  84              		.code	16
  85              		.thumb_func
  86              		.type	ADC_EOC_Int_SetPriority, %function
  87              	ADC_EOC_Int_SetPriority:
  88              	.LFB8:
 223:.\Generated_Source\PSoC4/ADC_EOC_Int.c **** 
 224:.\Generated_Source\PSoC4/ADC_EOC_Int.c **** 
 225:.\Generated_Source\PSoC4/ADC_EOC_Int.c **** /*******************************************************************************
 226:.\Generated_Source\PSoC4/ADC_EOC_Int.c **** * Function Name: ADC_EOC_Int_SetPriority
 227:.\Generated_Source\PSoC4/ADC_EOC_Int.c **** ********************************************************************************
 228:.\Generated_Source\PSoC4/ADC_EOC_Int.c **** *
 229:.\Generated_Source\PSoC4/ADC_EOC_Int.c **** * Summary:
 230:.\Generated_Source\PSoC4/ADC_EOC_Int.c **** *   Sets the Priority of the Interrupt. 
 231:.\Generated_Source\PSoC4/ADC_EOC_Int.c **** *
 232:.\Generated_Source\PSoC4/ADC_EOC_Int.c **** *   Note calling ADC_EOC_Int_Start or ADC_EOC_Int_StartEx will 
 233:.\Generated_Source\PSoC4/ADC_EOC_Int.c **** *   override any effect this API would have had. This API should only be called
 234:.\Generated_Source\PSoC4/ADC_EOC_Int.c **** *   after ADC_EOC_Int_Start or ADC_EOC_Int_StartEx has been called. 
 235:.\Generated_Source\PSoC4/ADC_EOC_Int.c **** *   To set the initial priority for the component, use the Design-Wide Resources
 236:.\Generated_Source\PSoC4/ADC_EOC_Int.c **** *   Interrupt Editor.
 237:.\Generated_Source\PSoC4/ADC_EOC_Int.c **** *
 238:.\Generated_Source\PSoC4/ADC_EOC_Int.c **** *   Note This API has no effect on Non-maskable interrupt NMI).
 239:.\Generated_Source\PSoC4/ADC_EOC_Int.c **** *
 240:.\Generated_Source\PSoC4/ADC_EOC_Int.c **** * Parameters:
 241:.\Generated_Source\PSoC4/ADC_EOC_Int.c **** *   priority: Priority of the interrupt, 0 being the highest priority
 242:.\Generated_Source\PSoC4/ADC_EOC_Int.c **** *             PSoC 3 and PSoC 5LP: Priority is from 0 to 7.
 243:.\Generated_Source\PSoC4/ADC_EOC_Int.c **** *             PSoC 4: Priority is from 0 to 3.
 244:.\Generated_Source\PSoC4/ADC_EOC_Int.c **** *
 245:.\Generated_Source\PSoC4/ADC_EOC_Int.c **** * Return:
 246:.\Generated_Source\PSoC4/ADC_EOC_Int.c **** *   None
 247:.\Generated_Source\PSoC4/ADC_EOC_Int.c **** *
 248:.\Generated_Source\PSoC4/ADC_EOC_Int.c **** *******************************************************************************/
 249:.\Generated_Source\PSoC4/ADC_EOC_Int.c **** void ADC_EOC_Int_SetPriority(uint8 priority)
 250:.\Generated_Source\PSoC4/ADC_EOC_Int.c **** {
  89              		.loc 1 250 0
  90              		.cfi_startproc
  91              	.LVL1:
  92 0000 10B5     		push	{r4, lr}
ARM GAS  C:\Users\Luci\AppData\Local\Temp\ccpYOZqY.s 			page 7


  93              		.cfi_def_cfa_offset 8
  94              		.cfi_offset 4, -8
  95              		.cfi_offset 14, -4
  96 0002 041C     		mov	r4, r0
  97              	.LVL2:
 251:.\Generated_Source\PSoC4/ADC_EOC_Int.c **** 	uint8 interruptState;
 252:.\Generated_Source\PSoC4/ADC_EOC_Int.c ****     uint32 priorityOffset = ((ADC_EOC_Int__INTC_NUMBER % 4u) * 8u) + 6u;
 253:.\Generated_Source\PSoC4/ADC_EOC_Int.c ****     
 254:.\Generated_Source\PSoC4/ADC_EOC_Int.c **** 	interruptState = CyEnterCriticalSection();
  98              		.loc 1 254 0
  99 0004 FFF7FEFF 		bl	CyEnterCriticalSection
 100              	.LVL3:
 255:.\Generated_Source\PSoC4/ADC_EOC_Int.c ****     *ADC_EOC_Int_INTC_PRIOR = (*ADC_EOC_Int_INTC_PRIOR & (uint32)(~ADC_EOC_Int__INTC_PRIOR_MASK)) |
 101              		.loc 1 255 0
 102 0008 044A     		ldr	r2, .L9
 103 000a 1368     		ldr	r3, [r2]
 104 000c 9B00     		lsl	r3, r3, #2
 105 000e 9B08     		lsr	r3, r3, #2
 256:.\Generated_Source\PSoC4/ADC_EOC_Int.c ****                                     ((uint32)priority << priorityOffset);
 106              		.loc 1 256 0
 107 0010 A407     		lsl	r4, r4, #30
 255:.\Generated_Source\PSoC4/ADC_EOC_Int.c ****     *ADC_EOC_Int_INTC_PRIOR = (*ADC_EOC_Int_INTC_PRIOR & (uint32)(~ADC_EOC_Int__INTC_PRIOR_MASK)) |
 108              		.loc 1 255 0
 109 0012 1C43     		orr	r4, r3
 110 0014 1460     		str	r4, [r2]
 257:.\Generated_Source\PSoC4/ADC_EOC_Int.c **** 	CyExitCriticalSection(interruptState);
 111              		.loc 1 257 0
 112 0016 FFF7FEFF 		bl	CyExitCriticalSection
 113              	.LVL4:
 258:.\Generated_Source\PSoC4/ADC_EOC_Int.c **** }
 114              		.loc 1 258 0
 115              		@ sp needed
 116 001a 10BD     		pop	{r4, pc}
 117              	.L10:
 118              		.align	2
 119              	.L9:
 120 001c 00E400E0 		.word	-536812544
 121              		.cfi_endproc
 122              	.LFE8:
 123              		.size	ADC_EOC_Int_SetPriority, .-ADC_EOC_Int_SetPriority
 124              		.section	.text.ADC_EOC_Int_GetPriority,"ax",%progbits
 125              		.align	2
 126              		.global	ADC_EOC_Int_GetPriority
 127              		.code	16
 128              		.thumb_func
 129              		.type	ADC_EOC_Int_GetPriority, %function
 130              	ADC_EOC_Int_GetPriority:
 131              	.LFB9:
 259:.\Generated_Source\PSoC4/ADC_EOC_Int.c **** 
 260:.\Generated_Source\PSoC4/ADC_EOC_Int.c **** 
 261:.\Generated_Source\PSoC4/ADC_EOC_Int.c **** /*******************************************************************************
 262:.\Generated_Source\PSoC4/ADC_EOC_Int.c **** * Function Name: ADC_EOC_Int_GetPriority
 263:.\Generated_Source\PSoC4/ADC_EOC_Int.c **** ********************************************************************************
 264:.\Generated_Source\PSoC4/ADC_EOC_Int.c **** *
 265:.\Generated_Source\PSoC4/ADC_EOC_Int.c **** * Summary:
 266:.\Generated_Source\PSoC4/ADC_EOC_Int.c **** *   Gets the Priority of the Interrupt.
 267:.\Generated_Source\PSoC4/ADC_EOC_Int.c **** *
ARM GAS  C:\Users\Luci\AppData\Local\Temp\ccpYOZqY.s 			page 8


 268:.\Generated_Source\PSoC4/ADC_EOC_Int.c **** * Parameters:
 269:.\Generated_Source\PSoC4/ADC_EOC_Int.c **** *   None
 270:.\Generated_Source\PSoC4/ADC_EOC_Int.c **** *
 271:.\Generated_Source\PSoC4/ADC_EOC_Int.c **** * Return:
 272:.\Generated_Source\PSoC4/ADC_EOC_Int.c **** *   Priority of the interrupt, 0 being the highest priority
 273:.\Generated_Source\PSoC4/ADC_EOC_Int.c **** *    PSoC 3 and PSoC 5LP: Priority is from 0 to 7.
 274:.\Generated_Source\PSoC4/ADC_EOC_Int.c **** *    PSoC 4: Priority is from 0 to 3.
 275:.\Generated_Source\PSoC4/ADC_EOC_Int.c **** *
 276:.\Generated_Source\PSoC4/ADC_EOC_Int.c **** *******************************************************************************/
 277:.\Generated_Source\PSoC4/ADC_EOC_Int.c **** uint8 ADC_EOC_Int_GetPriority(void)
 278:.\Generated_Source\PSoC4/ADC_EOC_Int.c **** {
 132              		.loc 1 278 0
 133              		.cfi_startproc
 134              	.LVL5:
 279:.\Generated_Source\PSoC4/ADC_EOC_Int.c ****     uint32 priority;
 280:.\Generated_Source\PSoC4/ADC_EOC_Int.c **** 	uint32 priorityOffset = ((ADC_EOC_Int__INTC_NUMBER % 4u) * 8u) + 6u;
 281:.\Generated_Source\PSoC4/ADC_EOC_Int.c **** 
 282:.\Generated_Source\PSoC4/ADC_EOC_Int.c ****     priority = (*ADC_EOC_Int_INTC_PRIOR & ADC_EOC_Int__INTC_PRIOR_MASK) >> priorityOffset;
 135              		.loc 1 282 0
 136 0000 014B     		ldr	r3, .L12
 137 0002 1868     		ldr	r0, [r3]
 138              	.LVL6:
 283:.\Generated_Source\PSoC4/ADC_EOC_Int.c **** 
 284:.\Generated_Source\PSoC4/ADC_EOC_Int.c ****     return (uint8)priority;
 139              		.loc 1 284 0
 140 0004 800F     		lsr	r0, r0, #30
 141              	.LVL7:
 285:.\Generated_Source\PSoC4/ADC_EOC_Int.c **** }
 142              		.loc 1 285 0
 143              		@ sp needed
 144 0006 7047     		bx	lr
 145              	.L13:
 146              		.align	2
 147              	.L12:
 148 0008 00E400E0 		.word	-536812544
 149              		.cfi_endproc
 150              	.LFE9:
 151              		.size	ADC_EOC_Int_GetPriority, .-ADC_EOC_Int_GetPriority
 152              		.section	.text.ADC_EOC_Int_Enable,"ax",%progbits
 153              		.align	2
 154              		.global	ADC_EOC_Int_Enable
 155              		.code	16
 156              		.thumb_func
 157              		.type	ADC_EOC_Int_Enable, %function
 158              	ADC_EOC_Int_Enable:
 159              	.LFB10:
 286:.\Generated_Source\PSoC4/ADC_EOC_Int.c **** 
 287:.\Generated_Source\PSoC4/ADC_EOC_Int.c **** 
 288:.\Generated_Source\PSoC4/ADC_EOC_Int.c **** /*******************************************************************************
 289:.\Generated_Source\PSoC4/ADC_EOC_Int.c **** * Function Name: ADC_EOC_Int_Enable
 290:.\Generated_Source\PSoC4/ADC_EOC_Int.c **** ********************************************************************************
 291:.\Generated_Source\PSoC4/ADC_EOC_Int.c **** *
 292:.\Generated_Source\PSoC4/ADC_EOC_Int.c **** * Summary:
 293:.\Generated_Source\PSoC4/ADC_EOC_Int.c **** *   Enables the interrupt to the interrupt controller. Do not call this function
 294:.\Generated_Source\PSoC4/ADC_EOC_Int.c **** *   unless ISR_Start() has been called or the functionality of the ISR_Start() 
 295:.\Generated_Source\PSoC4/ADC_EOC_Int.c **** *   function, which sets the vector and the priority, has been called.
 296:.\Generated_Source\PSoC4/ADC_EOC_Int.c **** *
ARM GAS  C:\Users\Luci\AppData\Local\Temp\ccpYOZqY.s 			page 9


 297:.\Generated_Source\PSoC4/ADC_EOC_Int.c **** * Parameters:
 298:.\Generated_Source\PSoC4/ADC_EOC_Int.c **** *   None
 299:.\Generated_Source\PSoC4/ADC_EOC_Int.c **** *
 300:.\Generated_Source\PSoC4/ADC_EOC_Int.c **** * Return:
 301:.\Generated_Source\PSoC4/ADC_EOC_Int.c **** *   None
 302:.\Generated_Source\PSoC4/ADC_EOC_Int.c **** *
 303:.\Generated_Source\PSoC4/ADC_EOC_Int.c **** *******************************************************************************/
 304:.\Generated_Source\PSoC4/ADC_EOC_Int.c **** void ADC_EOC_Int_Enable(void)
 305:.\Generated_Source\PSoC4/ADC_EOC_Int.c **** {
 160              		.loc 1 305 0
 161              		.cfi_startproc
 306:.\Generated_Source\PSoC4/ADC_EOC_Int.c ****     /* Enable the general interrupt. */
 307:.\Generated_Source\PSoC4/ADC_EOC_Int.c ****     *ADC_EOC_Int_INTC_SET_EN = ADC_EOC_Int__INTC_MASK;
 162              		.loc 1 307 0
 163 0000 0822     		mov	r2, #8
 164 0002 014B     		ldr	r3, .L15
 165 0004 1A60     		str	r2, [r3]
 308:.\Generated_Source\PSoC4/ADC_EOC_Int.c **** }
 166              		.loc 1 308 0
 167              		@ sp needed
 168 0006 7047     		bx	lr
 169              	.L16:
 170              		.align	2
 171              	.L15:
 172 0008 00E100E0 		.word	-536813312
 173              		.cfi_endproc
 174              	.LFE10:
 175              		.size	ADC_EOC_Int_Enable, .-ADC_EOC_Int_Enable
 176              		.section	.text.ADC_EOC_Int_GetState,"ax",%progbits
 177              		.align	2
 178              		.global	ADC_EOC_Int_GetState
 179              		.code	16
 180              		.thumb_func
 181              		.type	ADC_EOC_Int_GetState, %function
 182              	ADC_EOC_Int_GetState:
 183              	.LFB11:
 309:.\Generated_Source\PSoC4/ADC_EOC_Int.c **** 
 310:.\Generated_Source\PSoC4/ADC_EOC_Int.c **** 
 311:.\Generated_Source\PSoC4/ADC_EOC_Int.c **** /*******************************************************************************
 312:.\Generated_Source\PSoC4/ADC_EOC_Int.c **** * Function Name: ADC_EOC_Int_GetState
 313:.\Generated_Source\PSoC4/ADC_EOC_Int.c **** ********************************************************************************
 314:.\Generated_Source\PSoC4/ADC_EOC_Int.c **** *
 315:.\Generated_Source\PSoC4/ADC_EOC_Int.c **** * Summary:
 316:.\Generated_Source\PSoC4/ADC_EOC_Int.c **** *   Gets the state (enabled, disabled) of the Interrupt.
 317:.\Generated_Source\PSoC4/ADC_EOC_Int.c **** *
 318:.\Generated_Source\PSoC4/ADC_EOC_Int.c **** * Parameters:
 319:.\Generated_Source\PSoC4/ADC_EOC_Int.c **** *   None
 320:.\Generated_Source\PSoC4/ADC_EOC_Int.c **** *
 321:.\Generated_Source\PSoC4/ADC_EOC_Int.c **** * Return:
 322:.\Generated_Source\PSoC4/ADC_EOC_Int.c **** *   1 if enabled, 0 if disabled.
 323:.\Generated_Source\PSoC4/ADC_EOC_Int.c **** *
 324:.\Generated_Source\PSoC4/ADC_EOC_Int.c **** *******************************************************************************/
 325:.\Generated_Source\PSoC4/ADC_EOC_Int.c **** uint8 ADC_EOC_Int_GetState(void)
 326:.\Generated_Source\PSoC4/ADC_EOC_Int.c **** {
 184              		.loc 1 326 0
 185              		.cfi_startproc
 327:.\Generated_Source\PSoC4/ADC_EOC_Int.c ****     /* Get the state of the general interrupt. */
ARM GAS  C:\Users\Luci\AppData\Local\Temp\ccpYOZqY.s 			page 10


 328:.\Generated_Source\PSoC4/ADC_EOC_Int.c ****     return ((*ADC_EOC_Int_INTC_SET_EN & (uint32)ADC_EOC_Int__INTC_MASK) != 0u) ? 1u:0u;
 186              		.loc 1 328 0
 187 0000 034B     		ldr	r3, .L20
 188 0002 1B68     		ldr	r3, [r3]
 189 0004 1B07     		lsl	r3, r3, #28
 190 0006 01D5     		bpl	.L19
 191 0008 0120     		mov	r0, #1
 192 000a 00E0     		b	.L18
 193              	.L19:
 194 000c 0020     		mov	r0, #0
 195              	.L18:
 329:.\Generated_Source\PSoC4/ADC_EOC_Int.c **** }
 196              		.loc 1 329 0 discriminator 4
 197              		@ sp needed
 198 000e 7047     		bx	lr
 199              	.L21:
 200              		.align	2
 201              	.L20:
 202 0010 00E100E0 		.word	-536813312
 203              		.cfi_endproc
 204              	.LFE11:
 205              		.size	ADC_EOC_Int_GetState, .-ADC_EOC_Int_GetState
 206              		.section	.text.ADC_EOC_Int_Disable,"ax",%progbits
 207              		.align	2
 208              		.global	ADC_EOC_Int_Disable
 209              		.code	16
 210              		.thumb_func
 211              		.type	ADC_EOC_Int_Disable, %function
 212              	ADC_EOC_Int_Disable:
 213              	.LFB12:
 330:.\Generated_Source\PSoC4/ADC_EOC_Int.c **** 
 331:.\Generated_Source\PSoC4/ADC_EOC_Int.c **** 
 332:.\Generated_Source\PSoC4/ADC_EOC_Int.c **** /*******************************************************************************
 333:.\Generated_Source\PSoC4/ADC_EOC_Int.c **** * Function Name: ADC_EOC_Int_Disable
 334:.\Generated_Source\PSoC4/ADC_EOC_Int.c **** ********************************************************************************
 335:.\Generated_Source\PSoC4/ADC_EOC_Int.c **** *
 336:.\Generated_Source\PSoC4/ADC_EOC_Int.c **** * Summary:
 337:.\Generated_Source\PSoC4/ADC_EOC_Int.c **** *   Disables the Interrupt in the interrupt controller.
 338:.\Generated_Source\PSoC4/ADC_EOC_Int.c **** *
 339:.\Generated_Source\PSoC4/ADC_EOC_Int.c **** * Parameters:
 340:.\Generated_Source\PSoC4/ADC_EOC_Int.c **** *   None
 341:.\Generated_Source\PSoC4/ADC_EOC_Int.c **** *
 342:.\Generated_Source\PSoC4/ADC_EOC_Int.c **** * Return:
 343:.\Generated_Source\PSoC4/ADC_EOC_Int.c **** *   None
 344:.\Generated_Source\PSoC4/ADC_EOC_Int.c **** *
 345:.\Generated_Source\PSoC4/ADC_EOC_Int.c **** *******************************************************************************/
 346:.\Generated_Source\PSoC4/ADC_EOC_Int.c **** void ADC_EOC_Int_Disable(void)
 347:.\Generated_Source\PSoC4/ADC_EOC_Int.c **** {
 214              		.loc 1 347 0
 215              		.cfi_startproc
 348:.\Generated_Source\PSoC4/ADC_EOC_Int.c ****     /* Disable the general interrupt. */
 349:.\Generated_Source\PSoC4/ADC_EOC_Int.c ****     *ADC_EOC_Int_INTC_CLR_EN = ADC_EOC_Int__INTC_MASK;
 216              		.loc 1 349 0
 217 0000 0822     		mov	r2, #8
 218 0002 014B     		ldr	r3, .L23
 219 0004 1A60     		str	r2, [r3]
 350:.\Generated_Source\PSoC4/ADC_EOC_Int.c **** }
ARM GAS  C:\Users\Luci\AppData\Local\Temp\ccpYOZqY.s 			page 11


 220              		.loc 1 350 0
 221              		@ sp needed
 222 0006 7047     		bx	lr
 223              	.L24:
 224              		.align	2
 225              	.L23:
 226 0008 80E100E0 		.word	-536813184
 227              		.cfi_endproc
 228              	.LFE12:
 229              		.size	ADC_EOC_Int_Disable, .-ADC_EOC_Int_Disable
 230              		.section	.text.ADC_EOC_Int_Start,"ax",%progbits
 231              		.align	2
 232              		.global	ADC_EOC_Int_Start
 233              		.code	16
 234              		.thumb_func
 235              		.type	ADC_EOC_Int_Start, %function
 236              	ADC_EOC_Int_Start:
 237              	.LFB2:
  57:.\Generated_Source\PSoC4/ADC_EOC_Int.c ****     /* For all we know the interrupt is active. */
 238              		.loc 1 57 0
 239              		.cfi_startproc
 240 0000 08B5     		push	{r3, lr}
 241              		.cfi_def_cfa_offset 8
 242              		.cfi_offset 3, -8
 243              		.cfi_offset 14, -4
  59:.\Generated_Source\PSoC4/ADC_EOC_Int.c **** 
 244              		.loc 1 59 0
 245 0002 FFF7FEFF 		bl	ADC_EOC_Int_Disable
 246              	.LVL8:
  62:.\Generated_Source\PSoC4/ADC_EOC_Int.c **** 
 247              		.loc 1 62 0
 248 0006 0448     		ldr	r0, .L26
 249 0008 FFF7FEFF 		bl	ADC_EOC_Int_SetVector
 250              	.LVL9:
  65:.\Generated_Source\PSoC4/ADC_EOC_Int.c **** 
 251              		.loc 1 65 0
 252 000c 0320     		mov	r0, #3
 253 000e FFF7FEFF 		bl	ADC_EOC_Int_SetPriority
 254              	.LVL10:
  68:.\Generated_Source\PSoC4/ADC_EOC_Int.c **** }
 255              		.loc 1 68 0
 256 0012 FFF7FEFF 		bl	ADC_EOC_Int_Enable
 257              	.LVL11:
  69:.\Generated_Source\PSoC4/ADC_EOC_Int.c **** 
 258              		.loc 1 69 0
 259              		@ sp needed
 260 0016 08BD     		pop	{r3, pc}
 261              	.L27:
 262              		.align	2
 263              	.L26:
 264 0018 00000000 		.word	ADC_EOC_Int_Interrupt
 265              		.cfi_endproc
 266              	.LFE2:
 267              		.size	ADC_EOC_Int_Start, .-ADC_EOC_Int_Start
 268              		.section	.text.ADC_EOC_Int_StartEx,"ax",%progbits
 269              		.align	2
 270              		.global	ADC_EOC_Int_StartEx
ARM GAS  C:\Users\Luci\AppData\Local\Temp\ccpYOZqY.s 			page 12


 271              		.code	16
 272              		.thumb_func
 273              		.type	ADC_EOC_Int_StartEx, %function
 274              	ADC_EOC_Int_StartEx:
 275              	.LFB3:
 100:.\Generated_Source\PSoC4/ADC_EOC_Int.c ****     /* For all we know the interrupt is active. */
 276              		.loc 1 100 0
 277              		.cfi_startproc
 278              	.LVL12:
 279 0000 10B5     		push	{r4, lr}
 280              		.cfi_def_cfa_offset 8
 281              		.cfi_offset 4, -8
 282              		.cfi_offset 14, -4
 283 0002 041C     		mov	r4, r0
 102:.\Generated_Source\PSoC4/ADC_EOC_Int.c **** 
 284              		.loc 1 102 0
 285 0004 FFF7FEFF 		bl	ADC_EOC_Int_Disable
 286              	.LVL13:
 105:.\Generated_Source\PSoC4/ADC_EOC_Int.c **** 
 287              		.loc 1 105 0
 288 0008 201C     		mov	r0, r4
 289 000a FFF7FEFF 		bl	ADC_EOC_Int_SetVector
 290              	.LVL14:
 108:.\Generated_Source\PSoC4/ADC_EOC_Int.c **** 
 291              		.loc 1 108 0
 292 000e 0320     		mov	r0, #3
 293 0010 FFF7FEFF 		bl	ADC_EOC_Int_SetPriority
 294              	.LVL15:
 111:.\Generated_Source\PSoC4/ADC_EOC_Int.c **** }
 295              		.loc 1 111 0
 296 0014 FFF7FEFF 		bl	ADC_EOC_Int_Enable
 297              	.LVL16:
 112:.\Generated_Source\PSoC4/ADC_EOC_Int.c **** 
 298              		.loc 1 112 0
 299              		@ sp needed
 300              	.LVL17:
 301 0018 10BD     		pop	{r4, pc}
 302              		.cfi_endproc
 303              	.LFE3:
 304              		.size	ADC_EOC_Int_StartEx, .-ADC_EOC_Int_StartEx
 305 001a C046     		.section	.text.ADC_EOC_Int_Stop,"ax",%progbits
 306              		.align	2
 307              		.global	ADC_EOC_Int_Stop
 308              		.code	16
 309              		.thumb_func
 310              		.type	ADC_EOC_Int_Stop, %function
 311              	ADC_EOC_Int_Stop:
 312              	.LFB4:
 130:.\Generated_Source\PSoC4/ADC_EOC_Int.c ****     /* Disable this interrupt. */
 313              		.loc 1 130 0
 314              		.cfi_startproc
 315 0000 08B5     		push	{r3, lr}
 316              		.cfi_def_cfa_offset 8
 317              		.cfi_offset 3, -8
 318              		.cfi_offset 14, -4
 132:.\Generated_Source\PSoC4/ADC_EOC_Int.c **** 
 319              		.loc 1 132 0
ARM GAS  C:\Users\Luci\AppData\Local\Temp\ccpYOZqY.s 			page 13


 320 0002 FFF7FEFF 		bl	ADC_EOC_Int_Disable
 321              	.LVL18:
 135:.\Generated_Source\PSoC4/ADC_EOC_Int.c **** }
 322              		.loc 1 135 0
 323 0006 0248     		ldr	r0, .L30
 324 0008 FFF7FEFF 		bl	ADC_EOC_Int_SetVector
 325              	.LVL19:
 136:.\Generated_Source\PSoC4/ADC_EOC_Int.c **** 
 326              		.loc 1 136 0
 327              		@ sp needed
 328 000c 08BD     		pop	{r3, pc}
 329              	.L31:
 330 000e C046     		.align	2
 331              	.L30:
 332 0010 00000000 		.word	IntDefaultHandler
 333              		.cfi_endproc
 334              	.LFE4:
 335              		.size	ADC_EOC_Int_Stop, .-ADC_EOC_Int_Stop
 336              		.section	.text.ADC_EOC_Int_SetPending,"ax",%progbits
 337              		.align	2
 338              		.global	ADC_EOC_Int_SetPending
 339              		.code	16
 340              		.thumb_func
 341              		.type	ADC_EOC_Int_SetPending, %function
 342              	ADC_EOC_Int_SetPending:
 343              	.LFB13:
 351:.\Generated_Source\PSoC4/ADC_EOC_Int.c **** 
 352:.\Generated_Source\PSoC4/ADC_EOC_Int.c **** 
 353:.\Generated_Source\PSoC4/ADC_EOC_Int.c **** /*******************************************************************************
 354:.\Generated_Source\PSoC4/ADC_EOC_Int.c **** * Function Name: ADC_EOC_Int_SetPending
 355:.\Generated_Source\PSoC4/ADC_EOC_Int.c **** ********************************************************************************
 356:.\Generated_Source\PSoC4/ADC_EOC_Int.c **** *
 357:.\Generated_Source\PSoC4/ADC_EOC_Int.c **** * Summary:
 358:.\Generated_Source\PSoC4/ADC_EOC_Int.c **** *   Causes the Interrupt to enter the pending state, a software method of
 359:.\Generated_Source\PSoC4/ADC_EOC_Int.c **** *   generating the interrupt.
 360:.\Generated_Source\PSoC4/ADC_EOC_Int.c **** *
 361:.\Generated_Source\PSoC4/ADC_EOC_Int.c **** * Parameters:
 362:.\Generated_Source\PSoC4/ADC_EOC_Int.c **** *   None
 363:.\Generated_Source\PSoC4/ADC_EOC_Int.c **** *
 364:.\Generated_Source\PSoC4/ADC_EOC_Int.c **** * Return:
 365:.\Generated_Source\PSoC4/ADC_EOC_Int.c **** *   None
 366:.\Generated_Source\PSoC4/ADC_EOC_Int.c **** *
 367:.\Generated_Source\PSoC4/ADC_EOC_Int.c **** * Side Effects:
 368:.\Generated_Source\PSoC4/ADC_EOC_Int.c **** *   If interrupts are enabled and the interrupt is set up properly, the ISR is
 369:.\Generated_Source\PSoC4/ADC_EOC_Int.c **** *   entered (depending on the priority of this interrupt and other pending 
 370:.\Generated_Source\PSoC4/ADC_EOC_Int.c **** *   interrupts).
 371:.\Generated_Source\PSoC4/ADC_EOC_Int.c **** *
 372:.\Generated_Source\PSoC4/ADC_EOC_Int.c **** *******************************************************************************/
 373:.\Generated_Source\PSoC4/ADC_EOC_Int.c **** void ADC_EOC_Int_SetPending(void)
 374:.\Generated_Source\PSoC4/ADC_EOC_Int.c **** {
 344              		.loc 1 374 0
 345              		.cfi_startproc
 375:.\Generated_Source\PSoC4/ADC_EOC_Int.c ****     *ADC_EOC_Int_INTC_SET_PD = ADC_EOC_Int__INTC_MASK;
 346              		.loc 1 375 0
 347 0000 0822     		mov	r2, #8
 348 0002 014B     		ldr	r3, .L33
 349 0004 1A60     		str	r2, [r3]
ARM GAS  C:\Users\Luci\AppData\Local\Temp\ccpYOZqY.s 			page 14


 376:.\Generated_Source\PSoC4/ADC_EOC_Int.c **** }
 350              		.loc 1 376 0
 351              		@ sp needed
 352 0006 7047     		bx	lr
 353              	.L34:
 354              		.align	2
 355              	.L33:
 356 0008 00E200E0 		.word	-536813056
 357              		.cfi_endproc
 358              	.LFE13:
 359              		.size	ADC_EOC_Int_SetPending, .-ADC_EOC_Int_SetPending
 360              		.section	.text.ADC_EOC_Int_ClearPending,"ax",%progbits
 361              		.align	2
 362              		.global	ADC_EOC_Int_ClearPending
 363              		.code	16
 364              		.thumb_func
 365              		.type	ADC_EOC_Int_ClearPending, %function
 366              	ADC_EOC_Int_ClearPending:
 367              	.LFB14:
 377:.\Generated_Source\PSoC4/ADC_EOC_Int.c **** 
 378:.\Generated_Source\PSoC4/ADC_EOC_Int.c **** 
 379:.\Generated_Source\PSoC4/ADC_EOC_Int.c **** /*******************************************************************************
 380:.\Generated_Source\PSoC4/ADC_EOC_Int.c **** * Function Name: ADC_EOC_Int_ClearPending
 381:.\Generated_Source\PSoC4/ADC_EOC_Int.c **** ********************************************************************************
 382:.\Generated_Source\PSoC4/ADC_EOC_Int.c **** *
 383:.\Generated_Source\PSoC4/ADC_EOC_Int.c **** * Summary:
 384:.\Generated_Source\PSoC4/ADC_EOC_Int.c **** *   Clears a pending interrupt in the interrupt controller.
 385:.\Generated_Source\PSoC4/ADC_EOC_Int.c **** *
 386:.\Generated_Source\PSoC4/ADC_EOC_Int.c **** *   Note Some interrupt sources are clear-on-read and require the block 
 387:.\Generated_Source\PSoC4/ADC_EOC_Int.c **** *   interrupt/status register to be read/cleared with the appropriate block API 
 388:.\Generated_Source\PSoC4/ADC_EOC_Int.c **** *   (GPIO, UART, and so on). Otherwise the ISR will continue to remain in 
 389:.\Generated_Source\PSoC4/ADC_EOC_Int.c **** *   pending state even though the interrupt itself is cleared using this API.
 390:.\Generated_Source\PSoC4/ADC_EOC_Int.c **** *
 391:.\Generated_Source\PSoC4/ADC_EOC_Int.c **** * Parameters:
 392:.\Generated_Source\PSoC4/ADC_EOC_Int.c **** *   None
 393:.\Generated_Source\PSoC4/ADC_EOC_Int.c **** *
 394:.\Generated_Source\PSoC4/ADC_EOC_Int.c **** * Return:
 395:.\Generated_Source\PSoC4/ADC_EOC_Int.c **** *   None
 396:.\Generated_Source\PSoC4/ADC_EOC_Int.c **** *
 397:.\Generated_Source\PSoC4/ADC_EOC_Int.c **** *******************************************************************************/
 398:.\Generated_Source\PSoC4/ADC_EOC_Int.c **** void ADC_EOC_Int_ClearPending(void)
 399:.\Generated_Source\PSoC4/ADC_EOC_Int.c **** {
 368              		.loc 1 399 0
 369              		.cfi_startproc
 400:.\Generated_Source\PSoC4/ADC_EOC_Int.c ****     *ADC_EOC_Int_INTC_CLR_PD = ADC_EOC_Int__INTC_MASK;
 370              		.loc 1 400 0
 371 0000 0822     		mov	r2, #8
 372 0002 014B     		ldr	r3, .L36
 373 0004 1A60     		str	r2, [r3]
 401:.\Generated_Source\PSoC4/ADC_EOC_Int.c **** }
 374              		.loc 1 401 0
 375              		@ sp needed
 376 0006 7047     		bx	lr
 377              	.L37:
 378              		.align	2
 379              	.L36:
 380 0008 80E200E0 		.word	-536812928
ARM GAS  C:\Users\Luci\AppData\Local\Temp\ccpYOZqY.s 			page 15


 381              		.cfi_endproc
 382              	.LFE14:
 383              		.size	ADC_EOC_Int_ClearPending, .-ADC_EOC_Int_ClearPending
 384              		.text
 385              	.Letext0:
 386              		.file 2 "Generated_Source\\PSoC4/cytypes.h"
 387              		.file 3 "Generated_Source\\PSoC4/CyLib.h"
 388              		.section	.debug_info,"",%progbits
 389              	.Ldebug_info0:
 390 0000 FA020000 		.4byte	0x2fa
 391 0004 0400     		.2byte	0x4
 392 0006 00000000 		.4byte	.Ldebug_abbrev0
 393 000a 04       		.byte	0x4
 394 000b 01       		.uleb128 0x1
 395 000c 25020000 		.4byte	.LASF33
 396 0010 01       		.byte	0x1
 397 0011 17010000 		.4byte	.LASF34
 398 0015 4D000000 		.4byte	.LASF35
 399 0019 00000000 		.4byte	.Ldebug_ranges0+0
 400 001d 00000000 		.4byte	0
 401 0021 00000000 		.4byte	.Ldebug_line0
 402 0025 02       		.uleb128 0x2
 403 0026 01       		.byte	0x1
 404 0027 06       		.byte	0x6
 405 0028 0D030000 		.4byte	.LASF0
 406 002c 02       		.uleb128 0x2
 407 002d 01       		.byte	0x1
 408 002e 08       		.byte	0x8
 409 002f BC000000 		.4byte	.LASF1
 410 0033 02       		.uleb128 0x2
 411 0034 02       		.byte	0x2
 412 0035 05       		.byte	0x5
 413 0036 C0020000 		.4byte	.LASF2
 414 003a 02       		.uleb128 0x2
 415 003b 02       		.byte	0x2
 416 003c 07       		.byte	0x7
 417 003d 33000000 		.4byte	.LASF3
 418 0041 02       		.uleb128 0x2
 419 0042 04       		.byte	0x4
 420 0043 05       		.byte	0x5
 421 0044 D9020000 		.4byte	.LASF4
 422 0048 02       		.uleb128 0x2
 423 0049 04       		.byte	0x4
 424 004a 07       		.byte	0x7
 425 004b 05010000 		.4byte	.LASF5
 426 004f 02       		.uleb128 0x2
 427 0050 08       		.byte	0x8
 428 0051 05       		.byte	0x5
 429 0052 12020000 		.4byte	.LASF6
 430 0056 02       		.uleb128 0x2
 431 0057 08       		.byte	0x8
 432 0058 07       		.byte	0x7
 433 0059 A5000000 		.4byte	.LASF7
 434 005d 03       		.uleb128 0x3
 435 005e 04       		.byte	0x4
 436 005f 05       		.byte	0x5
 437 0060 696E7400 		.ascii	"int\000"
ARM GAS  C:\Users\Luci\AppData\Local\Temp\ccpYOZqY.s 			page 16


 438 0064 02       		.uleb128 0x2
 439 0065 04       		.byte	0x4
 440 0066 07       		.byte	0x7
 441 0067 A8010000 		.4byte	.LASF8
 442 006b 04       		.uleb128 0x4
 443 006c 3E010000 		.4byte	.LASF9
 444 0070 02       		.byte	0x2
 445 0071 B3       		.byte	0xb3
 446 0072 2C000000 		.4byte	0x2c
 447 0076 04       		.uleb128 0x4
 448 0077 8A010000 		.4byte	.LASF10
 449 007b 02       		.byte	0x2
 450 007c B5       		.byte	0xb5
 451 007d 48000000 		.4byte	0x48
 452 0081 02       		.uleb128 0x2
 453 0082 04       		.byte	0x4
 454 0083 04       		.byte	0x4
 455 0084 9F000000 		.4byte	.LASF11
 456 0088 02       		.uleb128 0x2
 457 0089 08       		.byte	0x8
 458 008a 04       		.byte	0x4
 459 008b 46000000 		.4byte	.LASF12
 460 008f 02       		.uleb128 0x2
 461 0090 01       		.byte	0x1
 462 0091 08       		.byte	0x8
 463 0092 20020000 		.4byte	.LASF13
 464 0096 05       		.uleb128 0x5
 465 0097 00000000 		.4byte	.LASF14
 466 009b 02       		.byte	0x2
 467 009c 5F01     		.2byte	0x15f
 468 009e A2000000 		.4byte	0xa2
 469 00a2 06       		.uleb128 0x6
 470 00a3 76000000 		.4byte	0x76
 471 00a7 05       		.uleb128 0x5
 472 00a8 E4010000 		.4byte	.LASF15
 473 00ac 02       		.byte	0x2
 474 00ad 6F01     		.2byte	0x16f
 475 00af B3000000 		.4byte	0xb3
 476 00b3 07       		.uleb128 0x7
 477 00b4 04       		.byte	0x4
 478 00b5 B9000000 		.4byte	0xb9
 479 00b9 08       		.uleb128 0x8
 480 00ba 02       		.uleb128 0x2
 481 00bb 04       		.byte	0x4
 482 00bc 07       		.byte	0x7
 483 00bd 09020000 		.4byte	.LASF16
 484 00c1 09       		.uleb128 0x9
 485 00c2 E0000000 		.4byte	.LASF23
 486 00c6 01       		.byte	0x1
 487 00c7 9F       		.byte	0x9f
 488 00c8 00000000 		.4byte	.LFB5
 489 00cc 02000000 		.4byte	.LFE5-.LFB5
 490 00d0 01       		.uleb128 0x1
 491 00d1 9C       		.byte	0x9c
 492 00d2 0A       		.uleb128 0xa
 493 00d3 19030000 		.4byte	.LASF17
 494 00d7 01       		.byte	0x1
ARM GAS  C:\Users\Luci\AppData\Local\Temp\ccpYOZqY.s 			page 17


 495 00d8 C7       		.byte	0xc7
 496 00d9 00000000 		.4byte	.LFB6
 497 00dd 0C000000 		.4byte	.LFE6-.LFB6
 498 00e1 01       		.uleb128 0x1
 499 00e2 9C       		.byte	0x9c
 500 00e3 F5000000 		.4byte	0xf5
 501 00e7 0B       		.uleb128 0xb
 502 00e8 C6010000 		.4byte	.LASF19
 503 00ec 01       		.byte	0x1
 504 00ed C7       		.byte	0xc7
 505 00ee A7000000 		.4byte	0xa7
 506 00f2 01       		.uleb128 0x1
 507 00f3 50       		.byte	0x50
 508 00f4 00       		.byte	0
 509 00f5 0C       		.uleb128 0xc
 510 00f6 CA000000 		.4byte	.LASF25
 511 00fa 01       		.byte	0x1
 512 00fb DB       		.byte	0xdb
 513 00fc A7000000 		.4byte	0xa7
 514 0100 00000000 		.4byte	.LFB7
 515 0104 0C000000 		.4byte	.LFE7-.LFB7
 516 0108 01       		.uleb128 0x1
 517 0109 9C       		.byte	0x9c
 518 010a 0A       		.uleb128 0xa
 519 010b E2020000 		.4byte	.LASF18
 520 010f 01       		.byte	0x1
 521 0110 F9       		.byte	0xf9
 522 0111 00000000 		.4byte	.LFB8
 523 0115 20000000 		.4byte	.LFE8-.LFB8
 524 0119 01       		.uleb128 0x1
 525 011a 9C       		.byte	0x9c
 526 011b 5C010000 		.4byte	0x15c
 527 011f 0D       		.uleb128 0xd
 528 0120 44010000 		.4byte	.LASF20
 529 0124 01       		.byte	0x1
 530 0125 F9       		.byte	0xf9
 531 0126 6B000000 		.4byte	0x6b
 532 012a 00000000 		.4byte	.LLST0
 533 012e 0E       		.uleb128 0xe
 534 012f F6000000 		.4byte	.LASF21
 535 0133 01       		.byte	0x1
 536 0134 FB       		.byte	0xfb
 537 0135 6B000000 		.4byte	0x6b
 538 0139 21000000 		.4byte	.LLST1
 539 013d 0F       		.uleb128 0xf
 540 013e CA020000 		.4byte	.LASF22
 541 0142 01       		.byte	0x1
 542 0143 FC       		.byte	0xfc
 543 0144 76000000 		.4byte	0x76
 544 0148 1E       		.byte	0x1e
 545 0149 10       		.uleb128 0x10
 546 014a 08000000 		.4byte	.LVL3
 547 014e E5020000 		.4byte	0x2e5
 548 0152 10       		.uleb128 0x10
 549 0153 1A000000 		.4byte	.LVL4
 550 0157 F0020000 		.4byte	0x2f0
 551 015b 00       		.byte	0
ARM GAS  C:\Users\Luci\AppData\Local\Temp\ccpYOZqY.s 			page 18


 552 015c 11       		.uleb128 0x11
 553 015d F1010000 		.4byte	.LASF36
 554 0161 01       		.byte	0x1
 555 0162 1501     		.2byte	0x115
 556 0164 6B000000 		.4byte	0x6b
 557 0168 00000000 		.4byte	.LFB9
 558 016c 0C000000 		.4byte	.LFE9-.LFB9
 559 0170 01       		.uleb128 0x1
 560 0171 9C       		.byte	0x9c
 561 0172 94010000 		.4byte	0x194
 562 0176 12       		.uleb128 0x12
 563 0177 44010000 		.4byte	.LASF20
 564 017b 01       		.byte	0x1
 565 017c 1701     		.2byte	0x117
 566 017e 76000000 		.4byte	0x76
 567 0182 34000000 		.4byte	.LLST2
 568 0186 13       		.uleb128 0x13
 569 0187 CA020000 		.4byte	.LASF22
 570 018b 01       		.byte	0x1
 571 018c 1801     		.2byte	0x118
 572 018e 76000000 		.4byte	0x76
 573 0192 1E       		.byte	0x1e
 574 0193 00       		.byte	0
 575 0194 14       		.uleb128 0x14
 576 0195 FA020000 		.4byte	.LASF24
 577 0199 01       		.byte	0x1
 578 019a 3001     		.2byte	0x130
 579 019c 00000000 		.4byte	.LFB10
 580 01a0 0C000000 		.4byte	.LFE10-.LFB10
 581 01a4 01       		.uleb128 0x1
 582 01a5 9C       		.byte	0x9c
 583 01a6 15       		.uleb128 0x15
 584 01a7 2F030000 		.4byte	.LASF26
 585 01ab 01       		.byte	0x1
 586 01ac 4501     		.2byte	0x145
 587 01ae 6B000000 		.4byte	0x6b
 588 01b2 00000000 		.4byte	.LFB11
 589 01b6 14000000 		.4byte	.LFE11-.LFB11
 590 01ba 01       		.uleb128 0x1
 591 01bb 9C       		.byte	0x9c
 592 01bc 14       		.uleb128 0x14
 593 01bd 5F010000 		.4byte	.LASF27
 594 01c1 01       		.byte	0x1
 595 01c2 5A01     		.2byte	0x15a
 596 01c4 00000000 		.4byte	.LFB12
 597 01c8 0C000000 		.4byte	.LFE12-.LFB12
 598 01cc 01       		.uleb128 0x1
 599 01cd 9C       		.byte	0x9c
 600 01ce 0A       		.uleb128 0xa
 601 01cf 4D010000 		.4byte	.LASF28
 602 01d3 01       		.byte	0x1
 603 01d4 38       		.byte	0x38
 604 01d5 00000000 		.4byte	.LFB2
 605 01d9 1C000000 		.4byte	.LFE2-.LFB2
 606 01dd 01       		.uleb128 0x1
 607 01de 9C       		.byte	0x9c
 608 01df 20020000 		.4byte	0x220
ARM GAS  C:\Users\Luci\AppData\Local\Temp\ccpYOZqY.s 			page 19


 609 01e3 10       		.uleb128 0x10
 610 01e4 06000000 		.4byte	.LVL8
 611 01e8 BC010000 		.4byte	0x1bc
 612 01ec 16       		.uleb128 0x16
 613 01ed 0C000000 		.4byte	.LVL9
 614 01f1 D2000000 		.4byte	0xd2
 615 01f5 03020000 		.4byte	0x203
 616 01f9 17       		.uleb128 0x17
 617 01fa 01       		.uleb128 0x1
 618 01fb 50       		.byte	0x50
 619 01fc 05       		.uleb128 0x5
 620 01fd 03       		.byte	0x3
 621 01fe 00000000 		.4byte	ADC_EOC_Int_Interrupt
 622 0202 00       		.byte	0
 623 0203 16       		.uleb128 0x16
 624 0204 12000000 		.4byte	.LVL10
 625 0208 0A010000 		.4byte	0x10a
 626 020c 16020000 		.4byte	0x216
 627 0210 17       		.uleb128 0x17
 628 0211 01       		.uleb128 0x1
 629 0212 50       		.byte	0x50
 630 0213 01       		.uleb128 0x1
 631 0214 33       		.byte	0x33
 632 0215 00       		.byte	0
 633 0216 10       		.uleb128 0x10
 634 0217 16000000 		.4byte	.LVL11
 635 021b 94010000 		.4byte	0x194
 636 021f 00       		.byte	0
 637 0220 0A       		.uleb128 0xa
 638 0221 1F000000 		.4byte	.LASF29
 639 0225 01       		.byte	0x1
 640 0226 63       		.byte	0x63
 641 0227 00000000 		.4byte	.LFB3
 642 022b 1A000000 		.4byte	.LFE3-.LFB3
 643 022f 01       		.uleb128 0x1
 644 0230 9C       		.byte	0x9c
 645 0231 7E020000 		.4byte	0x27e
 646 0235 0D       		.uleb128 0xd
 647 0236 C6010000 		.4byte	.LASF19
 648 023a 01       		.byte	0x1
 649 023b 63       		.byte	0x63
 650 023c A7000000 		.4byte	0xa7
 651 0240 56000000 		.4byte	.LLST3
 652 0244 10       		.uleb128 0x10
 653 0245 08000000 		.4byte	.LVL13
 654 0249 BC010000 		.4byte	0x1bc
 655 024d 16       		.uleb128 0x16
 656 024e 0E000000 		.4byte	.LVL14
 657 0252 D2000000 		.4byte	0xd2
 658 0256 61020000 		.4byte	0x261
 659 025a 17       		.uleb128 0x17
 660 025b 01       		.uleb128 0x1
 661 025c 50       		.byte	0x50
 662 025d 02       		.uleb128 0x2
 663 025e 74       		.byte	0x74
 664 025f 00       		.sleb128 0
 665 0260 00       		.byte	0
ARM GAS  C:\Users\Luci\AppData\Local\Temp\ccpYOZqY.s 			page 20


 666 0261 16       		.uleb128 0x16
 667 0262 14000000 		.4byte	.LVL15
 668 0266 0A010000 		.4byte	0x10a
 669 026a 74020000 		.4byte	0x274
 670 026e 17       		.uleb128 0x17
 671 026f 01       		.uleb128 0x1
 672 0270 50       		.byte	0x50
 673 0271 01       		.uleb128 0x1
 674 0272 33       		.byte	0x33
 675 0273 00       		.byte	0
 676 0274 10       		.uleb128 0x10
 677 0275 18000000 		.4byte	.LVL16
 678 0279 94010000 		.4byte	0x194
 679 027d 00       		.byte	0
 680 027e 0A       		.uleb128 0xa
 681 027f B5010000 		.4byte	.LASF30
 682 0283 01       		.byte	0x1
 683 0284 81       		.byte	0x81
 684 0285 00000000 		.4byte	.LFB4
 685 0289 14000000 		.4byte	.LFE4-.LFB4
 686 028d 01       		.uleb128 0x1
 687 028e 9C       		.byte	0x9c
 688 028f A6020000 		.4byte	0x2a6
 689 0293 10       		.uleb128 0x10
 690 0294 06000000 		.4byte	.LVL18
 691 0298 BC010000 		.4byte	0x1bc
 692 029c 10       		.uleb128 0x10
 693 029d 0C000000 		.4byte	.LVL19
 694 02a1 D2000000 		.4byte	0xd2
 695 02a5 00       		.byte	0
 696 02a6 14       		.uleb128 0x14
 697 02a7 73010000 		.4byte	.LASF31
 698 02ab 01       		.byte	0x1
 699 02ac 7501     		.2byte	0x175
 700 02ae 00000000 		.4byte	.LFB13
 701 02b2 0C000000 		.4byte	.LFE13-.LFB13
 702 02b6 01       		.uleb128 0x1
 703 02b7 9C       		.byte	0x9c
 704 02b8 14       		.uleb128 0x14
 705 02b9 06000000 		.4byte	.LASF32
 706 02bd 01       		.byte	0x1
 707 02be 8E01     		.2byte	0x18e
 708 02c0 00000000 		.4byte	.LFB14
 709 02c4 0C000000 		.4byte	.LFE14-.LFB14
 710 02c8 01       		.uleb128 0x1
 711 02c9 9C       		.byte	0x9c
 712 02ca 18       		.uleb128 0x18
 713 02cb A7000000 		.4byte	0xa7
 714 02cf DA020000 		.4byte	0x2da
 715 02d3 19       		.uleb128 0x19
 716 02d4 BA000000 		.4byte	0xba
 717 02d8 2F       		.byte	0x2f
 718 02d9 00       		.byte	0
 719 02da 1A       		.uleb128 0x1a
 720 02db B3020000 		.4byte	.LASF37
 721 02df 01       		.byte	0x1
 722 02e0 21       		.byte	0x21
ARM GAS  C:\Users\Luci\AppData\Local\Temp\ccpYOZqY.s 			page 21


 723 02e1 CA020000 		.4byte	0x2ca
 724 02e5 1B       		.uleb128 0x1b
 725 02e6 91010000 		.4byte	.LASF38
 726 02ea 03       		.byte	0x3
 727 02eb 5E       		.byte	0x5e
 728 02ec 6B000000 		.4byte	0x6b
 729 02f0 1C       		.uleb128 0x1c
 730 02f1 CE010000 		.4byte	.LASF39
 731 02f5 03       		.byte	0x3
 732 02f6 5F       		.byte	0x5f
 733 02f7 1D       		.uleb128 0x1d
 734 02f8 6B000000 		.4byte	0x6b
 735 02fc 00       		.byte	0
 736 02fd 00       		.byte	0
 737              		.section	.debug_abbrev,"",%progbits
 738              	.Ldebug_abbrev0:
 739 0000 01       		.uleb128 0x1
 740 0001 11       		.uleb128 0x11
 741 0002 01       		.byte	0x1
 742 0003 25       		.uleb128 0x25
 743 0004 0E       		.uleb128 0xe
 744 0005 13       		.uleb128 0x13
 745 0006 0B       		.uleb128 0xb
 746 0007 03       		.uleb128 0x3
 747 0008 0E       		.uleb128 0xe
 748 0009 1B       		.uleb128 0x1b
 749 000a 0E       		.uleb128 0xe
 750 000b 55       		.uleb128 0x55
 751 000c 17       		.uleb128 0x17
 752 000d 11       		.uleb128 0x11
 753 000e 01       		.uleb128 0x1
 754 000f 10       		.uleb128 0x10
 755 0010 17       		.uleb128 0x17
 756 0011 00       		.byte	0
 757 0012 00       		.byte	0
 758 0013 02       		.uleb128 0x2
 759 0014 24       		.uleb128 0x24
 760 0015 00       		.byte	0
 761 0016 0B       		.uleb128 0xb
 762 0017 0B       		.uleb128 0xb
 763 0018 3E       		.uleb128 0x3e
 764 0019 0B       		.uleb128 0xb
 765 001a 03       		.uleb128 0x3
 766 001b 0E       		.uleb128 0xe
 767 001c 00       		.byte	0
 768 001d 00       		.byte	0
 769 001e 03       		.uleb128 0x3
 770 001f 24       		.uleb128 0x24
 771 0020 00       		.byte	0
 772 0021 0B       		.uleb128 0xb
 773 0022 0B       		.uleb128 0xb
 774 0023 3E       		.uleb128 0x3e
 775 0024 0B       		.uleb128 0xb
 776 0025 03       		.uleb128 0x3
 777 0026 08       		.uleb128 0x8
 778 0027 00       		.byte	0
 779 0028 00       		.byte	0
ARM GAS  C:\Users\Luci\AppData\Local\Temp\ccpYOZqY.s 			page 22


 780 0029 04       		.uleb128 0x4
 781 002a 16       		.uleb128 0x16
 782 002b 00       		.byte	0
 783 002c 03       		.uleb128 0x3
 784 002d 0E       		.uleb128 0xe
 785 002e 3A       		.uleb128 0x3a
 786 002f 0B       		.uleb128 0xb
 787 0030 3B       		.uleb128 0x3b
 788 0031 0B       		.uleb128 0xb
 789 0032 49       		.uleb128 0x49
 790 0033 13       		.uleb128 0x13
 791 0034 00       		.byte	0
 792 0035 00       		.byte	0
 793 0036 05       		.uleb128 0x5
 794 0037 16       		.uleb128 0x16
 795 0038 00       		.byte	0
 796 0039 03       		.uleb128 0x3
 797 003a 0E       		.uleb128 0xe
 798 003b 3A       		.uleb128 0x3a
 799 003c 0B       		.uleb128 0xb
 800 003d 3B       		.uleb128 0x3b
 801 003e 05       		.uleb128 0x5
 802 003f 49       		.uleb128 0x49
 803 0040 13       		.uleb128 0x13
 804 0041 00       		.byte	0
 805 0042 00       		.byte	0
 806 0043 06       		.uleb128 0x6
 807 0044 35       		.uleb128 0x35
 808 0045 00       		.byte	0
 809 0046 49       		.uleb128 0x49
 810 0047 13       		.uleb128 0x13
 811 0048 00       		.byte	0
 812 0049 00       		.byte	0
 813 004a 07       		.uleb128 0x7
 814 004b 0F       		.uleb128 0xf
 815 004c 00       		.byte	0
 816 004d 0B       		.uleb128 0xb
 817 004e 0B       		.uleb128 0xb
 818 004f 49       		.uleb128 0x49
 819 0050 13       		.uleb128 0x13
 820 0051 00       		.byte	0
 821 0052 00       		.byte	0
 822 0053 08       		.uleb128 0x8
 823 0054 15       		.uleb128 0x15
 824 0055 00       		.byte	0
 825 0056 27       		.uleb128 0x27
 826 0057 19       		.uleb128 0x19
 827 0058 00       		.byte	0
 828 0059 00       		.byte	0
 829 005a 09       		.uleb128 0x9
 830 005b 2E       		.uleb128 0x2e
 831 005c 00       		.byte	0
 832 005d 3F       		.uleb128 0x3f
 833 005e 19       		.uleb128 0x19
 834 005f 03       		.uleb128 0x3
 835 0060 0E       		.uleb128 0xe
 836 0061 3A       		.uleb128 0x3a
ARM GAS  C:\Users\Luci\AppData\Local\Temp\ccpYOZqY.s 			page 23


 837 0062 0B       		.uleb128 0xb
 838 0063 3B       		.uleb128 0x3b
 839 0064 0B       		.uleb128 0xb
 840 0065 27       		.uleb128 0x27
 841 0066 19       		.uleb128 0x19
 842 0067 11       		.uleb128 0x11
 843 0068 01       		.uleb128 0x1
 844 0069 12       		.uleb128 0x12
 845 006a 06       		.uleb128 0x6
 846 006b 40       		.uleb128 0x40
 847 006c 18       		.uleb128 0x18
 848 006d 9742     		.uleb128 0x2117
 849 006f 19       		.uleb128 0x19
 850 0070 00       		.byte	0
 851 0071 00       		.byte	0
 852 0072 0A       		.uleb128 0xa
 853 0073 2E       		.uleb128 0x2e
 854 0074 01       		.byte	0x1
 855 0075 3F       		.uleb128 0x3f
 856 0076 19       		.uleb128 0x19
 857 0077 03       		.uleb128 0x3
 858 0078 0E       		.uleb128 0xe
 859 0079 3A       		.uleb128 0x3a
 860 007a 0B       		.uleb128 0xb
 861 007b 3B       		.uleb128 0x3b
 862 007c 0B       		.uleb128 0xb
 863 007d 27       		.uleb128 0x27
 864 007e 19       		.uleb128 0x19
 865 007f 11       		.uleb128 0x11
 866 0080 01       		.uleb128 0x1
 867 0081 12       		.uleb128 0x12
 868 0082 06       		.uleb128 0x6
 869 0083 40       		.uleb128 0x40
 870 0084 18       		.uleb128 0x18
 871 0085 9742     		.uleb128 0x2117
 872 0087 19       		.uleb128 0x19
 873 0088 01       		.uleb128 0x1
 874 0089 13       		.uleb128 0x13
 875 008a 00       		.byte	0
 876 008b 00       		.byte	0
 877 008c 0B       		.uleb128 0xb
 878 008d 05       		.uleb128 0x5
 879 008e 00       		.byte	0
 880 008f 03       		.uleb128 0x3
 881 0090 0E       		.uleb128 0xe
 882 0091 3A       		.uleb128 0x3a
 883 0092 0B       		.uleb128 0xb
 884 0093 3B       		.uleb128 0x3b
 885 0094 0B       		.uleb128 0xb
 886 0095 49       		.uleb128 0x49
 887 0096 13       		.uleb128 0x13
 888 0097 02       		.uleb128 0x2
 889 0098 18       		.uleb128 0x18
 890 0099 00       		.byte	0
 891 009a 00       		.byte	0
 892 009b 0C       		.uleb128 0xc
 893 009c 2E       		.uleb128 0x2e
ARM GAS  C:\Users\Luci\AppData\Local\Temp\ccpYOZqY.s 			page 24


 894 009d 00       		.byte	0
 895 009e 3F       		.uleb128 0x3f
 896 009f 19       		.uleb128 0x19
 897 00a0 03       		.uleb128 0x3
 898 00a1 0E       		.uleb128 0xe
 899 00a2 3A       		.uleb128 0x3a
 900 00a3 0B       		.uleb128 0xb
 901 00a4 3B       		.uleb128 0x3b
 902 00a5 0B       		.uleb128 0xb
 903 00a6 27       		.uleb128 0x27
 904 00a7 19       		.uleb128 0x19
 905 00a8 49       		.uleb128 0x49
 906 00a9 13       		.uleb128 0x13
 907 00aa 11       		.uleb128 0x11
 908 00ab 01       		.uleb128 0x1
 909 00ac 12       		.uleb128 0x12
 910 00ad 06       		.uleb128 0x6
 911 00ae 40       		.uleb128 0x40
 912 00af 18       		.uleb128 0x18
 913 00b0 9742     		.uleb128 0x2117
 914 00b2 19       		.uleb128 0x19
 915 00b3 00       		.byte	0
 916 00b4 00       		.byte	0
 917 00b5 0D       		.uleb128 0xd
 918 00b6 05       		.uleb128 0x5
 919 00b7 00       		.byte	0
 920 00b8 03       		.uleb128 0x3
 921 00b9 0E       		.uleb128 0xe
 922 00ba 3A       		.uleb128 0x3a
 923 00bb 0B       		.uleb128 0xb
 924 00bc 3B       		.uleb128 0x3b
 925 00bd 0B       		.uleb128 0xb
 926 00be 49       		.uleb128 0x49
 927 00bf 13       		.uleb128 0x13
 928 00c0 02       		.uleb128 0x2
 929 00c1 17       		.uleb128 0x17
 930 00c2 00       		.byte	0
 931 00c3 00       		.byte	0
 932 00c4 0E       		.uleb128 0xe
 933 00c5 34       		.uleb128 0x34
 934 00c6 00       		.byte	0
 935 00c7 03       		.uleb128 0x3
 936 00c8 0E       		.uleb128 0xe
 937 00c9 3A       		.uleb128 0x3a
 938 00ca 0B       		.uleb128 0xb
 939 00cb 3B       		.uleb128 0x3b
 940 00cc 0B       		.uleb128 0xb
 941 00cd 49       		.uleb128 0x49
 942 00ce 13       		.uleb128 0x13
 943 00cf 02       		.uleb128 0x2
 944 00d0 17       		.uleb128 0x17
 945 00d1 00       		.byte	0
 946 00d2 00       		.byte	0
 947 00d3 0F       		.uleb128 0xf
 948 00d4 34       		.uleb128 0x34
 949 00d5 00       		.byte	0
 950 00d6 03       		.uleb128 0x3
ARM GAS  C:\Users\Luci\AppData\Local\Temp\ccpYOZqY.s 			page 25


 951 00d7 0E       		.uleb128 0xe
 952 00d8 3A       		.uleb128 0x3a
 953 00d9 0B       		.uleb128 0xb
 954 00da 3B       		.uleb128 0x3b
 955 00db 0B       		.uleb128 0xb
 956 00dc 49       		.uleb128 0x49
 957 00dd 13       		.uleb128 0x13
 958 00de 1C       		.uleb128 0x1c
 959 00df 0B       		.uleb128 0xb
 960 00e0 00       		.byte	0
 961 00e1 00       		.byte	0
 962 00e2 10       		.uleb128 0x10
 963 00e3 898201   		.uleb128 0x4109
 964 00e6 00       		.byte	0
 965 00e7 11       		.uleb128 0x11
 966 00e8 01       		.uleb128 0x1
 967 00e9 31       		.uleb128 0x31
 968 00ea 13       		.uleb128 0x13
 969 00eb 00       		.byte	0
 970 00ec 00       		.byte	0
 971 00ed 11       		.uleb128 0x11
 972 00ee 2E       		.uleb128 0x2e
 973 00ef 01       		.byte	0x1
 974 00f0 3F       		.uleb128 0x3f
 975 00f1 19       		.uleb128 0x19
 976 00f2 03       		.uleb128 0x3
 977 00f3 0E       		.uleb128 0xe
 978 00f4 3A       		.uleb128 0x3a
 979 00f5 0B       		.uleb128 0xb
 980 00f6 3B       		.uleb128 0x3b
 981 00f7 05       		.uleb128 0x5
 982 00f8 27       		.uleb128 0x27
 983 00f9 19       		.uleb128 0x19
 984 00fa 49       		.uleb128 0x49
 985 00fb 13       		.uleb128 0x13
 986 00fc 11       		.uleb128 0x11
 987 00fd 01       		.uleb128 0x1
 988 00fe 12       		.uleb128 0x12
 989 00ff 06       		.uleb128 0x6
 990 0100 40       		.uleb128 0x40
 991 0101 18       		.uleb128 0x18
 992 0102 9742     		.uleb128 0x2117
 993 0104 19       		.uleb128 0x19
 994 0105 01       		.uleb128 0x1
 995 0106 13       		.uleb128 0x13
 996 0107 00       		.byte	0
 997 0108 00       		.byte	0
 998 0109 12       		.uleb128 0x12
 999 010a 34       		.uleb128 0x34
 1000 010b 00       		.byte	0
 1001 010c 03       		.uleb128 0x3
 1002 010d 0E       		.uleb128 0xe
 1003 010e 3A       		.uleb128 0x3a
 1004 010f 0B       		.uleb128 0xb
 1005 0110 3B       		.uleb128 0x3b
 1006 0111 05       		.uleb128 0x5
 1007 0112 49       		.uleb128 0x49
ARM GAS  C:\Users\Luci\AppData\Local\Temp\ccpYOZqY.s 			page 26


 1008 0113 13       		.uleb128 0x13
 1009 0114 02       		.uleb128 0x2
 1010 0115 17       		.uleb128 0x17
 1011 0116 00       		.byte	0
 1012 0117 00       		.byte	0
 1013 0118 13       		.uleb128 0x13
 1014 0119 34       		.uleb128 0x34
 1015 011a 00       		.byte	0
 1016 011b 03       		.uleb128 0x3
 1017 011c 0E       		.uleb128 0xe
 1018 011d 3A       		.uleb128 0x3a
 1019 011e 0B       		.uleb128 0xb
 1020 011f 3B       		.uleb128 0x3b
 1021 0120 05       		.uleb128 0x5
 1022 0121 49       		.uleb128 0x49
 1023 0122 13       		.uleb128 0x13
 1024 0123 1C       		.uleb128 0x1c
 1025 0124 0B       		.uleb128 0xb
 1026 0125 00       		.byte	0
 1027 0126 00       		.byte	0
 1028 0127 14       		.uleb128 0x14
 1029 0128 2E       		.uleb128 0x2e
 1030 0129 00       		.byte	0
 1031 012a 3F       		.uleb128 0x3f
 1032 012b 19       		.uleb128 0x19
 1033 012c 03       		.uleb128 0x3
 1034 012d 0E       		.uleb128 0xe
 1035 012e 3A       		.uleb128 0x3a
 1036 012f 0B       		.uleb128 0xb
 1037 0130 3B       		.uleb128 0x3b
 1038 0131 05       		.uleb128 0x5
 1039 0132 27       		.uleb128 0x27
 1040 0133 19       		.uleb128 0x19
 1041 0134 11       		.uleb128 0x11
 1042 0135 01       		.uleb128 0x1
 1043 0136 12       		.uleb128 0x12
 1044 0137 06       		.uleb128 0x6
 1045 0138 40       		.uleb128 0x40
 1046 0139 18       		.uleb128 0x18
 1047 013a 9742     		.uleb128 0x2117
 1048 013c 19       		.uleb128 0x19
 1049 013d 00       		.byte	0
 1050 013e 00       		.byte	0
 1051 013f 15       		.uleb128 0x15
 1052 0140 2E       		.uleb128 0x2e
 1053 0141 00       		.byte	0
 1054 0142 3F       		.uleb128 0x3f
 1055 0143 19       		.uleb128 0x19
 1056 0144 03       		.uleb128 0x3
 1057 0145 0E       		.uleb128 0xe
 1058 0146 3A       		.uleb128 0x3a
 1059 0147 0B       		.uleb128 0xb
 1060 0148 3B       		.uleb128 0x3b
 1061 0149 05       		.uleb128 0x5
 1062 014a 27       		.uleb128 0x27
 1063 014b 19       		.uleb128 0x19
 1064 014c 49       		.uleb128 0x49
ARM GAS  C:\Users\Luci\AppData\Local\Temp\ccpYOZqY.s 			page 27


 1065 014d 13       		.uleb128 0x13
 1066 014e 11       		.uleb128 0x11
 1067 014f 01       		.uleb128 0x1
 1068 0150 12       		.uleb128 0x12
 1069 0151 06       		.uleb128 0x6
 1070 0152 40       		.uleb128 0x40
 1071 0153 18       		.uleb128 0x18
 1072 0154 9742     		.uleb128 0x2117
 1073 0156 19       		.uleb128 0x19
 1074 0157 00       		.byte	0
 1075 0158 00       		.byte	0
 1076 0159 16       		.uleb128 0x16
 1077 015a 898201   		.uleb128 0x4109
 1078 015d 01       		.byte	0x1
 1079 015e 11       		.uleb128 0x11
 1080 015f 01       		.uleb128 0x1
 1081 0160 31       		.uleb128 0x31
 1082 0161 13       		.uleb128 0x13
 1083 0162 01       		.uleb128 0x1
 1084 0163 13       		.uleb128 0x13
 1085 0164 00       		.byte	0
 1086 0165 00       		.byte	0
 1087 0166 17       		.uleb128 0x17
 1088 0167 8A8201   		.uleb128 0x410a
 1089 016a 00       		.byte	0
 1090 016b 02       		.uleb128 0x2
 1091 016c 18       		.uleb128 0x18
 1092 016d 9142     		.uleb128 0x2111
 1093 016f 18       		.uleb128 0x18
 1094 0170 00       		.byte	0
 1095 0171 00       		.byte	0
 1096 0172 18       		.uleb128 0x18
 1097 0173 01       		.uleb128 0x1
 1098 0174 01       		.byte	0x1
 1099 0175 49       		.uleb128 0x49
 1100 0176 13       		.uleb128 0x13
 1101 0177 01       		.uleb128 0x1
 1102 0178 13       		.uleb128 0x13
 1103 0179 00       		.byte	0
 1104 017a 00       		.byte	0
 1105 017b 19       		.uleb128 0x19
 1106 017c 21       		.uleb128 0x21
 1107 017d 00       		.byte	0
 1108 017e 49       		.uleb128 0x49
 1109 017f 13       		.uleb128 0x13
 1110 0180 2F       		.uleb128 0x2f
 1111 0181 0B       		.uleb128 0xb
 1112 0182 00       		.byte	0
 1113 0183 00       		.byte	0
 1114 0184 1A       		.uleb128 0x1a
 1115 0185 34       		.uleb128 0x34
 1116 0186 00       		.byte	0
 1117 0187 03       		.uleb128 0x3
 1118 0188 0E       		.uleb128 0xe
 1119 0189 3A       		.uleb128 0x3a
 1120 018a 0B       		.uleb128 0xb
 1121 018b 3B       		.uleb128 0x3b
ARM GAS  C:\Users\Luci\AppData\Local\Temp\ccpYOZqY.s 			page 28


 1122 018c 0B       		.uleb128 0xb
 1123 018d 49       		.uleb128 0x49
 1124 018e 13       		.uleb128 0x13
 1125 018f 3F       		.uleb128 0x3f
 1126 0190 19       		.uleb128 0x19
 1127 0191 3C       		.uleb128 0x3c
 1128 0192 19       		.uleb128 0x19
 1129 0193 00       		.byte	0
 1130 0194 00       		.byte	0
 1131 0195 1B       		.uleb128 0x1b
 1132 0196 2E       		.uleb128 0x2e
 1133 0197 00       		.byte	0
 1134 0198 3F       		.uleb128 0x3f
 1135 0199 19       		.uleb128 0x19
 1136 019a 03       		.uleb128 0x3
 1137 019b 0E       		.uleb128 0xe
 1138 019c 3A       		.uleb128 0x3a
 1139 019d 0B       		.uleb128 0xb
 1140 019e 3B       		.uleb128 0x3b
 1141 019f 0B       		.uleb128 0xb
 1142 01a0 27       		.uleb128 0x27
 1143 01a1 19       		.uleb128 0x19
 1144 01a2 49       		.uleb128 0x49
 1145 01a3 13       		.uleb128 0x13
 1146 01a4 3C       		.uleb128 0x3c
 1147 01a5 19       		.uleb128 0x19
 1148 01a6 00       		.byte	0
 1149 01a7 00       		.byte	0
 1150 01a8 1C       		.uleb128 0x1c
 1151 01a9 2E       		.uleb128 0x2e
 1152 01aa 01       		.byte	0x1
 1153 01ab 3F       		.uleb128 0x3f
 1154 01ac 19       		.uleb128 0x19
 1155 01ad 03       		.uleb128 0x3
 1156 01ae 0E       		.uleb128 0xe
 1157 01af 3A       		.uleb128 0x3a
 1158 01b0 0B       		.uleb128 0xb
 1159 01b1 3B       		.uleb128 0x3b
 1160 01b2 0B       		.uleb128 0xb
 1161 01b3 27       		.uleb128 0x27
 1162 01b4 19       		.uleb128 0x19
 1163 01b5 3C       		.uleb128 0x3c
 1164 01b6 19       		.uleb128 0x19
 1165 01b7 00       		.byte	0
 1166 01b8 00       		.byte	0
 1167 01b9 1D       		.uleb128 0x1d
 1168 01ba 05       		.uleb128 0x5
 1169 01bb 00       		.byte	0
 1170 01bc 49       		.uleb128 0x49
 1171 01bd 13       		.uleb128 0x13
 1172 01be 00       		.byte	0
 1173 01bf 00       		.byte	0
 1174 01c0 00       		.byte	0
 1175              		.section	.debug_loc,"",%progbits
 1176              	.Ldebug_loc0:
 1177              	.LLST0:
 1178 0000 00000000 		.4byte	.LVL1
ARM GAS  C:\Users\Luci\AppData\Local\Temp\ccpYOZqY.s 			page 29


 1179 0004 07000000 		.4byte	.LVL3-1
 1180 0008 0100     		.2byte	0x1
 1181 000a 50       		.byte	0x50
 1182 000b 07000000 		.4byte	.LVL3-1
 1183 000f 20000000 		.4byte	.LFE8
 1184 0013 0400     		.2byte	0x4
 1185 0015 F3       		.byte	0xf3
 1186 0016 01       		.uleb128 0x1
 1187 0017 50       		.byte	0x50
 1188 0018 9F       		.byte	0x9f
 1189 0019 00000000 		.4byte	0
 1190 001d 00000000 		.4byte	0
 1191              	.LLST1:
 1192 0021 08000000 		.4byte	.LVL3
 1193 0025 19000000 		.4byte	.LVL4-1
 1194 0029 0100     		.2byte	0x1
 1195 002b 50       		.byte	0x50
 1196 002c 00000000 		.4byte	0
 1197 0030 00000000 		.4byte	0
 1198              	.LLST2:
 1199 0034 04000000 		.4byte	.LVL6
 1200 0038 06000000 		.4byte	.LVL7
 1201 003c 0500     		.2byte	0x5
 1202 003e 70       		.byte	0x70
 1203 003f 00       		.sleb128 0
 1204 0040 4E       		.byte	0x4e
 1205 0041 25       		.byte	0x25
 1206 0042 9F       		.byte	0x9f
 1207 0043 06000000 		.4byte	.LVL7
 1208 0047 0C000000 		.4byte	.LFE9
 1209 004b 0100     		.2byte	0x1
 1210 004d 50       		.byte	0x50
 1211 004e 00000000 		.4byte	0
 1212 0052 00000000 		.4byte	0
 1213              	.LLST3:
 1214 0056 00000000 		.4byte	.LVL12
 1215 005a 07000000 		.4byte	.LVL13-1
 1216 005e 0100     		.2byte	0x1
 1217 0060 50       		.byte	0x50
 1218 0061 07000000 		.4byte	.LVL13-1
 1219 0065 18000000 		.4byte	.LVL17
 1220 0069 0100     		.2byte	0x1
 1221 006b 54       		.byte	0x54
 1222 006c 18000000 		.4byte	.LVL17
 1223 0070 1A000000 		.4byte	.LFE3
 1224 0074 0400     		.2byte	0x4
 1225 0076 F3       		.byte	0xf3
 1226 0077 01       		.uleb128 0x1
 1227 0078 50       		.byte	0x50
 1228 0079 9F       		.byte	0x9f
 1229 007a 00000000 		.4byte	0
 1230 007e 00000000 		.4byte	0
 1231              		.section	.debug_aranges,"",%progbits
 1232 0000 7C000000 		.4byte	0x7c
 1233 0004 0200     		.2byte	0x2
 1234 0006 00000000 		.4byte	.Ldebug_info0
 1235 000a 04       		.byte	0x4
ARM GAS  C:\Users\Luci\AppData\Local\Temp\ccpYOZqY.s 			page 30


 1236 000b 00       		.byte	0
 1237 000c 0000     		.2byte	0
 1238 000e 0000     		.2byte	0
 1239 0010 00000000 		.4byte	.LFB5
 1240 0014 02000000 		.4byte	.LFE5-.LFB5
 1241 0018 00000000 		.4byte	.LFB6
 1242 001c 0C000000 		.4byte	.LFE6-.LFB6
 1243 0020 00000000 		.4byte	.LFB7
 1244 0024 0C000000 		.4byte	.LFE7-.LFB7
 1245 0028 00000000 		.4byte	.LFB8
 1246 002c 20000000 		.4byte	.LFE8-.LFB8
 1247 0030 00000000 		.4byte	.LFB9
 1248 0034 0C000000 		.4byte	.LFE9-.LFB9
 1249 0038 00000000 		.4byte	.LFB10
 1250 003c 0C000000 		.4byte	.LFE10-.LFB10
 1251 0040 00000000 		.4byte	.LFB11
 1252 0044 14000000 		.4byte	.LFE11-.LFB11
 1253 0048 00000000 		.4byte	.LFB12
 1254 004c 0C000000 		.4byte	.LFE12-.LFB12
 1255 0050 00000000 		.4byte	.LFB2
 1256 0054 1C000000 		.4byte	.LFE2-.LFB2
 1257 0058 00000000 		.4byte	.LFB3
 1258 005c 1A000000 		.4byte	.LFE3-.LFB3
 1259 0060 00000000 		.4byte	.LFB4
 1260 0064 14000000 		.4byte	.LFE4-.LFB4
 1261 0068 00000000 		.4byte	.LFB13
 1262 006c 0C000000 		.4byte	.LFE13-.LFB13
 1263 0070 00000000 		.4byte	.LFB14
 1264 0074 0C000000 		.4byte	.LFE14-.LFB14
 1265 0078 00000000 		.4byte	0
 1266 007c 00000000 		.4byte	0
 1267              		.section	.debug_ranges,"",%progbits
 1268              	.Ldebug_ranges0:
 1269 0000 00000000 		.4byte	.LFB5
 1270 0004 02000000 		.4byte	.LFE5
 1271 0008 00000000 		.4byte	.LFB6
 1272 000c 0C000000 		.4byte	.LFE6
 1273 0010 00000000 		.4byte	.LFB7
 1274 0014 0C000000 		.4byte	.LFE7
 1275 0018 00000000 		.4byte	.LFB8
 1276 001c 20000000 		.4byte	.LFE8
 1277 0020 00000000 		.4byte	.LFB9
 1278 0024 0C000000 		.4byte	.LFE9
 1279 0028 00000000 		.4byte	.LFB10
 1280 002c 0C000000 		.4byte	.LFE10
 1281 0030 00000000 		.4byte	.LFB11
 1282 0034 14000000 		.4byte	.LFE11
 1283 0038 00000000 		.4byte	.LFB12
 1284 003c 0C000000 		.4byte	.LFE12
 1285 0040 00000000 		.4byte	.LFB2
 1286 0044 1C000000 		.4byte	.LFE2
 1287 0048 00000000 		.4byte	.LFB3
 1288 004c 1A000000 		.4byte	.LFE3
 1289 0050 00000000 		.4byte	.LFB4
 1290 0054 14000000 		.4byte	.LFE4
 1291 0058 00000000 		.4byte	.LFB13
 1292 005c 0C000000 		.4byte	.LFE13
ARM GAS  C:\Users\Luci\AppData\Local\Temp\ccpYOZqY.s 			page 31


 1293 0060 00000000 		.4byte	.LFB14
 1294 0064 0C000000 		.4byte	.LFE14
 1295 0068 00000000 		.4byte	0
 1296 006c 00000000 		.4byte	0
 1297              		.section	.debug_line,"",%progbits
 1298              	.Ldebug_line0:
 1299 0000 6C010000 		.section	.debug_str,"MS",%progbits,1
 1299      02006C00 
 1299      00000201 
 1299      FB0E0D00 
 1299      01010101 
 1300              	.LASF14:
 1301 0000 72656733 		.ascii	"reg32\000"
 1301      3200
 1302              	.LASF32:
 1303 0006 4144435F 		.ascii	"ADC_EOC_Int_ClearPending\000"
 1303      454F435F 
 1303      496E745F 
 1303      436C6561 
 1303      7250656E 
 1304              	.LASF29:
 1305 001f 4144435F 		.ascii	"ADC_EOC_Int_StartEx\000"
 1305      454F435F 
 1305      496E745F 
 1305      53746172 
 1305      74457800 
 1306              	.LASF3:
 1307 0033 73686F72 		.ascii	"short unsigned int\000"
 1307      7420756E 
 1307      7369676E 
 1307      65642069 
 1307      6E7400
 1308              	.LASF12:
 1309 0046 646F7562 		.ascii	"double\000"
 1309      6C6500
 1310              	.LASF35:
 1311 004d 413A5C44 		.ascii	"A:\\Documents\\School\\ECEG-721_Embedded_Systems\\L"
 1311      6F63756D 
 1311      656E7473 
 1311      5C536368 
 1311      6F6F6C5C 
 1312 007c 6162735C 		.ascii	"abs\\Lab7\\BLE Lab 1\\BLE Lab 1.cydsn\000"
 1312      4C616237 
 1312      5C424C45 
 1312      204C6162 
 1312      20315C42 
 1313              	.LASF11:
 1314 009f 666C6F61 		.ascii	"float\000"
 1314      7400
 1315              	.LASF7:
 1316 00a5 6C6F6E67 		.ascii	"long long unsigned int\000"
 1316      206C6F6E 
 1316      6720756E 
 1316      7369676E 
 1316      65642069 
 1317              	.LASF1:
 1318 00bc 756E7369 		.ascii	"unsigned char\000"
ARM GAS  C:\Users\Luci\AppData\Local\Temp\ccpYOZqY.s 			page 32


 1318      676E6564 
 1318      20636861 
 1318      7200
 1319              	.LASF25:
 1320 00ca 4144435F 		.ascii	"ADC_EOC_Int_GetVector\000"
 1320      454F435F 
 1320      496E745F 
 1320      47657456 
 1320      6563746F 
 1321              	.LASF23:
 1322 00e0 4144435F 		.ascii	"ADC_EOC_Int_Interrupt\000"
 1322      454F435F 
 1322      496E745F 
 1322      496E7465 
 1322      72727570 
 1323              	.LASF21:
 1324 00f6 696E7465 		.ascii	"interruptState\000"
 1324      72727570 
 1324      74537461 
 1324      746500
 1325              	.LASF5:
 1326 0105 6C6F6E67 		.ascii	"long unsigned int\000"
 1326      20756E73 
 1326      69676E65 
 1326      6420696E 
 1326      7400
 1327              	.LASF34:
 1328 0117 2E5C4765 		.ascii	".\\Generated_Source\\PSoC4\\ADC_EOC_Int.c\000"
 1328      6E657261 
 1328      7465645F 
 1328      536F7572 
 1328      63655C50 
 1329              	.LASF9:
 1330 013e 75696E74 		.ascii	"uint8\000"
 1330      3800
 1331              	.LASF20:
 1332 0144 7072696F 		.ascii	"priority\000"
 1332      72697479 
 1332      00
 1333              	.LASF28:
 1334 014d 4144435F 		.ascii	"ADC_EOC_Int_Start\000"
 1334      454F435F 
 1334      496E745F 
 1334      53746172 
 1334      7400
 1335              	.LASF27:
 1336 015f 4144435F 		.ascii	"ADC_EOC_Int_Disable\000"
 1336      454F435F 
 1336      496E745F 
 1336      44697361 
 1336      626C6500 
 1337              	.LASF31:
 1338 0173 4144435F 		.ascii	"ADC_EOC_Int_SetPending\000"
 1338      454F435F 
 1338      496E745F 
 1338      53657450 
 1338      656E6469 
ARM GAS  C:\Users\Luci\AppData\Local\Temp\ccpYOZqY.s 			page 33


 1339              	.LASF10:
 1340 018a 75696E74 		.ascii	"uint32\000"
 1340      333200
 1341              	.LASF38:
 1342 0191 4379456E 		.ascii	"CyEnterCriticalSection\000"
 1342      74657243 
 1342      72697469 
 1342      63616C53 
 1342      65637469 
 1343              	.LASF8:
 1344 01a8 756E7369 		.ascii	"unsigned int\000"
 1344      676E6564 
 1344      20696E74 
 1344      00
 1345              	.LASF30:
 1346 01b5 4144435F 		.ascii	"ADC_EOC_Int_Stop\000"
 1346      454F435F 
 1346      496E745F 
 1346      53746F70 
 1346      00
 1347              	.LASF19:
 1348 01c6 61646472 		.ascii	"address\000"
 1348      65737300 
 1349              	.LASF39:
 1350 01ce 43794578 		.ascii	"CyExitCriticalSection\000"
 1350      69744372 
 1350      69746963 
 1350      616C5365 
 1350      6374696F 
 1351              	.LASF15:
 1352 01e4 63796973 		.ascii	"cyisraddress\000"
 1352      72616464 
 1352      72657373 
 1352      00
 1353              	.LASF36:
 1354 01f1 4144435F 		.ascii	"ADC_EOC_Int_GetPriority\000"
 1354      454F435F 
 1354      496E745F 
 1354      47657450 
 1354      72696F72 
 1355              	.LASF16:
 1356 0209 73697A65 		.ascii	"sizetype\000"
 1356      74797065 
 1356      00
 1357              	.LASF6:
 1358 0212 6C6F6E67 		.ascii	"long long int\000"
 1358      206C6F6E 
 1358      6720696E 
 1358      7400
 1359              	.LASF13:
 1360 0220 63686172 		.ascii	"char\000"
 1360      00
 1361              	.LASF33:
 1362 0225 474E5520 		.ascii	"GNU C 4.9.3 20150303 (release) [ARM/embedded-4_9-br"
 1362      4320342E 
 1362      392E3320 
 1362      32303135 
ARM GAS  C:\Users\Luci\AppData\Local\Temp\ccpYOZqY.s 			page 34


 1362      30333033 
 1363 0258 616E6368 		.ascii	"anch revision 221220] -mcpu=cortex-m0 -mthumb -g -O"
 1363      20726576 
 1363      6973696F 
 1363      6E203232 
 1363      31323230 
 1364 028b 67202D66 		.ascii	"g -ffunction-sections -ffat-lto-objects\000"
 1364      66756E63 
 1364      74696F6E 
 1364      2D736563 
 1364      74696F6E 
 1365              	.LASF37:
 1366 02b3 43795261 		.ascii	"CyRamVectors\000"
 1366      6D566563 
 1366      746F7273 
 1366      00
 1367              	.LASF2:
 1368 02c0 73686F72 		.ascii	"short int\000"
 1368      7420696E 
 1368      7400
 1369              	.LASF22:
 1370 02ca 7072696F 		.ascii	"priorityOffset\000"
 1370      72697479 
 1370      4F666673 
 1370      657400
 1371              	.LASF4:
 1372 02d9 6C6F6E67 		.ascii	"long int\000"
 1372      20696E74 
 1372      00
 1373              	.LASF18:
 1374 02e2 4144435F 		.ascii	"ADC_EOC_Int_SetPriority\000"
 1374      454F435F 
 1374      496E745F 
 1374      53657450 
 1374      72696F72 
 1375              	.LASF24:
 1376 02fa 4144435F 		.ascii	"ADC_EOC_Int_Enable\000"
 1376      454F435F 
 1376      496E745F 
 1376      456E6162 
 1376      6C6500
 1377              	.LASF0:
 1378 030d 7369676E 		.ascii	"signed char\000"
 1378      65642063 
 1378      68617200 
 1379              	.LASF17:
 1380 0319 4144435F 		.ascii	"ADC_EOC_Int_SetVector\000"
 1380      454F435F 
 1380      496E745F 
 1380      53657456 
 1380      6563746F 
 1381              	.LASF26:
 1382 032f 4144435F 		.ascii	"ADC_EOC_Int_GetState\000"
 1382      454F435F 
 1382      496E745F 
 1382      47657453 
 1382      74617465 
ARM GAS  C:\Users\Luci\AppData\Local\Temp\ccpYOZqY.s 			page 35


 1383              		.ident	"GCC: (GNU Tools for ARM Embedded Processors) 4.9.3 20150303 (release) [ARM/embedded-4_9-br
