ARM GAS  C:\Users\Luci\AppData\Local\Temp\ccJvoqr0.s 			page 1


   1              		.cpu cortex-m0
   2              		.fpu softvfp
   3              		.eabi_attribute 20, 1
   4              		.eabi_attribute 21, 1
   5              		.eabi_attribute 23, 3
   6              		.eabi_attribute 24, 1
   7              		.eabi_attribute 25, 1
   8              		.eabi_attribute 26, 1
   9              		.eabi_attribute 30, 1
  10              		.eabi_attribute 34, 0
  11              		.eabi_attribute 18, 4
  12              		.code	16
  13              		.file	"ADC_3_Buffer.c"
  14              		.text
  15              	.Ltext0:
  16              		.cfi_sections	.debug_frame
  17              		.section	.text.ADC_3_Buffer_Init,"ax",%progbits
  18              		.align	2
  19              		.global	ADC_3_Buffer_Init
  20              		.code	16
  21              		.thumb_func
  22              		.type	ADC_3_Buffer_Init, %function
  23              	ADC_3_Buffer_Init:
  24              	.LFB0:
  25              		.file 1 ".\\Generated_Source\\PSoC4\\ADC_3_Buffer.c"
   1:.\Generated_Source\PSoC4/ADC_3_Buffer.c **** /*******************************************************************************
   2:.\Generated_Source\PSoC4/ADC_3_Buffer.c **** * File Name: ADC_3_Buffer.c
   3:.\Generated_Source\PSoC4/ADC_3_Buffer.c **** * Version 1.10
   4:.\Generated_Source\PSoC4/ADC_3_Buffer.c **** *
   5:.\Generated_Source\PSoC4/ADC_3_Buffer.c **** * Description:
   6:.\Generated_Source\PSoC4/ADC_3_Buffer.c **** *  This file provides the source code to the API for the Opamp (Analog Buffer)
   7:.\Generated_Source\PSoC4/ADC_3_Buffer.c **** *  Component.
   8:.\Generated_Source\PSoC4/ADC_3_Buffer.c **** *
   9:.\Generated_Source\PSoC4/ADC_3_Buffer.c **** *
  10:.\Generated_Source\PSoC4/ADC_3_Buffer.c **** ********************************************************************************
  11:.\Generated_Source\PSoC4/ADC_3_Buffer.c **** * Copyright 2013-2014, Cypress Semiconductor Corporation.  All rights reserved.
  12:.\Generated_Source\PSoC4/ADC_3_Buffer.c **** * You may use this file only in accordance with the license, terms, conditions,
  13:.\Generated_Source\PSoC4/ADC_3_Buffer.c **** * disclaimers, and limitations in the end user license agreement accompanying
  14:.\Generated_Source\PSoC4/ADC_3_Buffer.c **** * the software package with which this file was provided.
  15:.\Generated_Source\PSoC4/ADC_3_Buffer.c **** *******************************************************************************/
  16:.\Generated_Source\PSoC4/ADC_3_Buffer.c **** 
  17:.\Generated_Source\PSoC4/ADC_3_Buffer.c **** #include "ADC_3_Buffer.h"
  18:.\Generated_Source\PSoC4/ADC_3_Buffer.c **** 
  19:.\Generated_Source\PSoC4/ADC_3_Buffer.c **** uint8 ADC_3_Buffer_initVar = 0u; /* Defines if component was initialized */
  20:.\Generated_Source\PSoC4/ADC_3_Buffer.c **** static uint32 ADC_3_Buffer_internalPower = 0u; /* Defines component Power value */
  21:.\Generated_Source\PSoC4/ADC_3_Buffer.c **** 
  22:.\Generated_Source\PSoC4/ADC_3_Buffer.c **** 
  23:.\Generated_Source\PSoC4/ADC_3_Buffer.c **** /*******************************************************************************
  24:.\Generated_Source\PSoC4/ADC_3_Buffer.c **** * Function Name: ADC_3_Buffer_Init
  25:.\Generated_Source\PSoC4/ADC_3_Buffer.c **** ********************************************************************************
  26:.\Generated_Source\PSoC4/ADC_3_Buffer.c **** *
  27:.\Generated_Source\PSoC4/ADC_3_Buffer.c **** * Summary:
  28:.\Generated_Source\PSoC4/ADC_3_Buffer.c **** *  Initializes or restores the component according to the customizer Configure 
  29:.\Generated_Source\PSoC4/ADC_3_Buffer.c **** *  dialog settings. It is not necessary to call Init() because the Start() API 
  30:.\Generated_Source\PSoC4/ADC_3_Buffer.c **** *  calls this function and is the preferred method to begin the component operation.
  31:.\Generated_Source\PSoC4/ADC_3_Buffer.c **** *
  32:.\Generated_Source\PSoC4/ADC_3_Buffer.c **** * Parameters:
ARM GAS  C:\Users\Luci\AppData\Local\Temp\ccJvoqr0.s 			page 2


  33:.\Generated_Source\PSoC4/ADC_3_Buffer.c **** *  None
  34:.\Generated_Source\PSoC4/ADC_3_Buffer.c **** *
  35:.\Generated_Source\PSoC4/ADC_3_Buffer.c **** * Return:
  36:.\Generated_Source\PSoC4/ADC_3_Buffer.c **** *  None
  37:.\Generated_Source\PSoC4/ADC_3_Buffer.c **** *
  38:.\Generated_Source\PSoC4/ADC_3_Buffer.c **** *******************************************************************************/
  39:.\Generated_Source\PSoC4/ADC_3_Buffer.c **** void ADC_3_Buffer_Init(void)
  40:.\Generated_Source\PSoC4/ADC_3_Buffer.c **** {
  26              		.loc 1 40 0
  27              		.cfi_startproc
  41:.\Generated_Source\PSoC4/ADC_3_Buffer.c ****     ADC_3_Buffer_internalPower = ADC_3_Buffer_POWER;
  28              		.loc 1 41 0
  29 0000 0323     		mov	r3, #3
  30 0002 064A     		ldr	r2, .L2
  31 0004 1360     		str	r3, [r2]
  42:.\Generated_Source\PSoC4/ADC_3_Buffer.c ****     ADC_3_Buffer_CTB_CTRL_REG = ADC_3_Buffer_DEFAULT_CTB_CTRL;
  32              		.loc 1 42 0
  33 0006 8021     		mov	r1, #128
  34 0008 0906     		lsl	r1, r1, #24
  35 000a 054A     		ldr	r2, .L2+4
  36 000c 1160     		str	r1, [r2]
  43:.\Generated_Source\PSoC4/ADC_3_Buffer.c ****     ADC_3_Buffer_OA_RES_CTRL_REG = ADC_3_Buffer_DEFAULT_OA_RES_CTRL;
  37              		.loc 1 43 0
  38 000e 0021     		mov	r1, #0
  39 0010 044A     		ldr	r2, .L2+8
  40 0012 1160     		str	r1, [r2]
  44:.\Generated_Source\PSoC4/ADC_3_Buffer.c ****     ADC_3_Buffer_OA_COMP_TRIM_REG = ADC_3_Buffer_DEFAULT_OA_COMP_TRIM_REG;
  41              		.loc 1 44 0
  42 0014 044A     		ldr	r2, .L2+12
  43 0016 1360     		str	r3, [r2]
  45:.\Generated_Source\PSoC4/ADC_3_Buffer.c **** }
  44              		.loc 1 45 0
  45              		@ sp needed
  46 0018 7047     		bx	lr
  47              	.L3:
  48 001a C046     		.align	2
  49              	.L2:
  50 001c 00000000 		.word	.LANCHOR0
  51 0020 00003040 		.word	1076887552
  52 0024 08003040 		.word	1076887560
  53 0028 140F3040 		.word	1076891412
  54              		.cfi_endproc
  55              	.LFE0:
  56              		.size	ADC_3_Buffer_Init, .-ADC_3_Buffer_Init
  57              		.section	.text.ADC_3_Buffer_Enable,"ax",%progbits
  58              		.align	2
  59              		.global	ADC_3_Buffer_Enable
  60              		.code	16
  61              		.thumb_func
  62              		.type	ADC_3_Buffer_Enable, %function
  63              	ADC_3_Buffer_Enable:
  64              	.LFB1:
  46:.\Generated_Source\PSoC4/ADC_3_Buffer.c **** 
  47:.\Generated_Source\PSoC4/ADC_3_Buffer.c **** 
  48:.\Generated_Source\PSoC4/ADC_3_Buffer.c **** /*******************************************************************************
  49:.\Generated_Source\PSoC4/ADC_3_Buffer.c **** * Function Name: ADC_3_Buffer_Enable
  50:.\Generated_Source\PSoC4/ADC_3_Buffer.c **** ********************************************************************************
ARM GAS  C:\Users\Luci\AppData\Local\Temp\ccJvoqr0.s 			page 3


  51:.\Generated_Source\PSoC4/ADC_3_Buffer.c **** *
  52:.\Generated_Source\PSoC4/ADC_3_Buffer.c **** * Summary:
  53:.\Generated_Source\PSoC4/ADC_3_Buffer.c **** *  Activates the hardware and begins the component operation. It is not necessary to 
  54:.\Generated_Source\PSoC4/ADC_3_Buffer.c **** *  call Enable() because the Start() API calls this function, which is the 
  55:.\Generated_Source\PSoC4/ADC_3_Buffer.c **** *  preferred method to begin the component operation.
  56:.\Generated_Source\PSoC4/ADC_3_Buffer.c **** *
  57:.\Generated_Source\PSoC4/ADC_3_Buffer.c **** * Parameters:
  58:.\Generated_Source\PSoC4/ADC_3_Buffer.c **** *  None
  59:.\Generated_Source\PSoC4/ADC_3_Buffer.c **** *
  60:.\Generated_Source\PSoC4/ADC_3_Buffer.c **** * Return:
  61:.\Generated_Source\PSoC4/ADC_3_Buffer.c **** *  None
  62:.\Generated_Source\PSoC4/ADC_3_Buffer.c **** *
  63:.\Generated_Source\PSoC4/ADC_3_Buffer.c **** *******************************************************************************/
  64:.\Generated_Source\PSoC4/ADC_3_Buffer.c **** void ADC_3_Buffer_Enable(void)
  65:.\Generated_Source\PSoC4/ADC_3_Buffer.c **** {
  65              		.loc 1 65 0
  66              		.cfi_startproc
  66:.\Generated_Source\PSoC4/ADC_3_Buffer.c ****     ADC_3_Buffer_OA_RES_CTRL_REG |= ADC_3_Buffer_internalPower | \
  67              		.loc 1 66 0
  68 0000 044B     		ldr	r3, .L5
  69 0002 1968     		ldr	r1, [r3]
  70 0004 044A     		ldr	r2, .L5+4
  71 0006 1268     		ldr	r2, [r2]
  72 0008 0A43     		orr	r2, r1
  73 000a 8021     		mov	r1, #128
  74 000c 0901     		lsl	r1, r1, #4
  75 000e 0A43     		orr	r2, r1
  76 0010 1A60     		str	r2, [r3]
  67:.\Generated_Source\PSoC4/ADC_3_Buffer.c ****                                         ADC_3_Buffer_OA_PUMP_EN;
  68:.\Generated_Source\PSoC4/ADC_3_Buffer.c **** }
  77              		.loc 1 68 0
  78              		@ sp needed
  79 0012 7047     		bx	lr
  80              	.L6:
  81              		.align	2
  82              	.L5:
  83 0014 08003040 		.word	1076887560
  84 0018 00000000 		.word	.LANCHOR0
  85              		.cfi_endproc
  86              	.LFE1:
  87              		.size	ADC_3_Buffer_Enable, .-ADC_3_Buffer_Enable
  88              		.section	.text.ADC_3_Buffer_Start,"ax",%progbits
  89              		.align	2
  90              		.global	ADC_3_Buffer_Start
  91              		.code	16
  92              		.thumb_func
  93              		.type	ADC_3_Buffer_Start, %function
  94              	ADC_3_Buffer_Start:
  95              	.LFB2:
  69:.\Generated_Source\PSoC4/ADC_3_Buffer.c **** 
  70:.\Generated_Source\PSoC4/ADC_3_Buffer.c **** 
  71:.\Generated_Source\PSoC4/ADC_3_Buffer.c **** /*******************************************************************************
  72:.\Generated_Source\PSoC4/ADC_3_Buffer.c **** * Function Name: ADC_3_Buffer_Start
  73:.\Generated_Source\PSoC4/ADC_3_Buffer.c **** ********************************************************************************
  74:.\Generated_Source\PSoC4/ADC_3_Buffer.c **** *
  75:.\Generated_Source\PSoC4/ADC_3_Buffer.c **** * Summary:
  76:.\Generated_Source\PSoC4/ADC_3_Buffer.c **** *  Performs all of the required initialization for the component and enables power 
ARM GAS  C:\Users\Luci\AppData\Local\Temp\ccJvoqr0.s 			page 4


  77:.\Generated_Source\PSoC4/ADC_3_Buffer.c **** *  to the block. The first time the routine is executed, the Power level, Mode, 
  78:.\Generated_Source\PSoC4/ADC_3_Buffer.c **** *  and Output mode are set. When called to restart the Opamp following a Stop() call, 
  79:.\Generated_Source\PSoC4/ADC_3_Buffer.c **** *  the current component parameter settings are retained.
  80:.\Generated_Source\PSoC4/ADC_3_Buffer.c **** *
  81:.\Generated_Source\PSoC4/ADC_3_Buffer.c **** * Parameters:
  82:.\Generated_Source\PSoC4/ADC_3_Buffer.c **** *  None
  83:.\Generated_Source\PSoC4/ADC_3_Buffer.c **** *
  84:.\Generated_Source\PSoC4/ADC_3_Buffer.c **** * Return:
  85:.\Generated_Source\PSoC4/ADC_3_Buffer.c **** *  None
  86:.\Generated_Source\PSoC4/ADC_3_Buffer.c **** *
  87:.\Generated_Source\PSoC4/ADC_3_Buffer.c **** * Global variables:
  88:.\Generated_Source\PSoC4/ADC_3_Buffer.c **** *  ADC_3_Buffer_initVar: Used to check the initial configuration, modified
  89:.\Generated_Source\PSoC4/ADC_3_Buffer.c **** *  when this function is called for the first time.
  90:.\Generated_Source\PSoC4/ADC_3_Buffer.c **** *
  91:.\Generated_Source\PSoC4/ADC_3_Buffer.c **** *******************************************************************************/
  92:.\Generated_Source\PSoC4/ADC_3_Buffer.c **** void ADC_3_Buffer_Start(void)
  93:.\Generated_Source\PSoC4/ADC_3_Buffer.c **** {
  96              		.loc 1 93 0
  97              		.cfi_startproc
  98 0000 08B5     		push	{r3, lr}
  99              		.cfi_def_cfa_offset 8
 100              		.cfi_offset 3, -8
 101              		.cfi_offset 14, -4
  94:.\Generated_Source\PSoC4/ADC_3_Buffer.c ****     if( 0u == ADC_3_Buffer_initVar)
 102              		.loc 1 94 0
 103 0002 064B     		ldr	r3, .L9
 104 0004 1B79     		ldrb	r3, [r3, #4]
 105 0006 002B     		cmp	r3, #0
 106 0008 04D1     		bne	.L8
  95:.\Generated_Source\PSoC4/ADC_3_Buffer.c ****     {
  96:.\Generated_Source\PSoC4/ADC_3_Buffer.c ****         ADC_3_Buffer_Init();
 107              		.loc 1 96 0
 108 000a FFF7FEFF 		bl	ADC_3_Buffer_Init
 109              	.LVL0:
  97:.\Generated_Source\PSoC4/ADC_3_Buffer.c ****         ADC_3_Buffer_initVar = 1u;
 110              		.loc 1 97 0
 111 000e 0122     		mov	r2, #1
 112 0010 024B     		ldr	r3, .L9
 113 0012 1A71     		strb	r2, [r3, #4]
 114              	.L8:
  98:.\Generated_Source\PSoC4/ADC_3_Buffer.c ****     }
  99:.\Generated_Source\PSoC4/ADC_3_Buffer.c ****     ADC_3_Buffer_Enable();
 115              		.loc 1 99 0
 116 0014 FFF7FEFF 		bl	ADC_3_Buffer_Enable
 117              	.LVL1:
 100:.\Generated_Source\PSoC4/ADC_3_Buffer.c **** }
 118              		.loc 1 100 0
 119              		@ sp needed
 120 0018 08BD     		pop	{r3, pc}
 121              	.L10:
 122 001a C046     		.align	2
 123              	.L9:
 124 001c 00000000 		.word	.LANCHOR0
 125              		.cfi_endproc
 126              	.LFE2:
 127              		.size	ADC_3_Buffer_Start, .-ADC_3_Buffer_Start
 128              		.section	.text.ADC_3_Buffer_Stop,"ax",%progbits
ARM GAS  C:\Users\Luci\AppData\Local\Temp\ccJvoqr0.s 			page 5


 129              		.align	2
 130              		.global	ADC_3_Buffer_Stop
 131              		.code	16
 132              		.thumb_func
 133              		.type	ADC_3_Buffer_Stop, %function
 134              	ADC_3_Buffer_Stop:
 135              	.LFB3:
 101:.\Generated_Source\PSoC4/ADC_3_Buffer.c **** 
 102:.\Generated_Source\PSoC4/ADC_3_Buffer.c **** 
 103:.\Generated_Source\PSoC4/ADC_3_Buffer.c **** /*******************************************************************************
 104:.\Generated_Source\PSoC4/ADC_3_Buffer.c **** * Function Name: ADC_3_Buffer_Stop
 105:.\Generated_Source\PSoC4/ADC_3_Buffer.c **** ********************************************************************************
 106:.\Generated_Source\PSoC4/ADC_3_Buffer.c **** *
 107:.\Generated_Source\PSoC4/ADC_3_Buffer.c **** * Summary:
 108:.\Generated_Source\PSoC4/ADC_3_Buffer.c **** *  Turn off the Opamp block.
 109:.\Generated_Source\PSoC4/ADC_3_Buffer.c **** *
 110:.\Generated_Source\PSoC4/ADC_3_Buffer.c **** * Parameters:
 111:.\Generated_Source\PSoC4/ADC_3_Buffer.c **** *  None
 112:.\Generated_Source\PSoC4/ADC_3_Buffer.c **** *
 113:.\Generated_Source\PSoC4/ADC_3_Buffer.c **** * Return:
 114:.\Generated_Source\PSoC4/ADC_3_Buffer.c **** *  None
 115:.\Generated_Source\PSoC4/ADC_3_Buffer.c **** *
 116:.\Generated_Source\PSoC4/ADC_3_Buffer.c **** *******************************************************************************/
 117:.\Generated_Source\PSoC4/ADC_3_Buffer.c **** void ADC_3_Buffer_Stop(void)
 118:.\Generated_Source\PSoC4/ADC_3_Buffer.c **** {
 136              		.loc 1 118 0
 137              		.cfi_startproc
 119:.\Generated_Source\PSoC4/ADC_3_Buffer.c ****     ADC_3_Buffer_OA_RES_CTRL_REG &= ((uint32)~(ADC_3_Buffer_OA_PWR_MODE_MASK | \
 138              		.loc 1 119 0
 139 0000 024B     		ldr	r3, .L12
 140 0002 1968     		ldr	r1, [r3]
 141 0004 024A     		ldr	r2, .L12+4
 142 0006 0A40     		and	r2, r1
 143 0008 1A60     		str	r2, [r3]
 120:.\Generated_Source\PSoC4/ADC_3_Buffer.c ****                                                    ADC_3_Buffer_OA_PUMP_EN));
 121:.\Generated_Source\PSoC4/ADC_3_Buffer.c **** }
 144              		.loc 1 121 0
 145              		@ sp needed
 146 000a 7047     		bx	lr
 147              	.L13:
 148              		.align	2
 149              	.L12:
 150 000c 08003040 		.word	1076887560
 151 0010 FCF7FFFF 		.word	-2052
 152              		.cfi_endproc
 153              	.LFE3:
 154              		.size	ADC_3_Buffer_Stop, .-ADC_3_Buffer_Stop
 155              		.section	.text.ADC_3_Buffer_SetPower,"ax",%progbits
 156              		.align	2
 157              		.global	ADC_3_Buffer_SetPower
 158              		.code	16
 159              		.thumb_func
 160              		.type	ADC_3_Buffer_SetPower, %function
 161              	ADC_3_Buffer_SetPower:
 162              	.LFB4:
 122:.\Generated_Source\PSoC4/ADC_3_Buffer.c **** 
 123:.\Generated_Source\PSoC4/ADC_3_Buffer.c **** 
ARM GAS  C:\Users\Luci\AppData\Local\Temp\ccJvoqr0.s 			page 6


 124:.\Generated_Source\PSoC4/ADC_3_Buffer.c **** /*******************************************************************************
 125:.\Generated_Source\PSoC4/ADC_3_Buffer.c **** * Function Name: ADC_3_Buffer_SetPower
 126:.\Generated_Source\PSoC4/ADC_3_Buffer.c **** ********************************************************************************
 127:.\Generated_Source\PSoC4/ADC_3_Buffer.c **** *
 128:.\Generated_Source\PSoC4/ADC_3_Buffer.c **** * Summary:
 129:.\Generated_Source\PSoC4/ADC_3_Buffer.c **** *  Sets the Opamp to one of the three power levels.
 130:.\Generated_Source\PSoC4/ADC_3_Buffer.c **** *
 131:.\Generated_Source\PSoC4/ADC_3_Buffer.c **** * Parameters:
 132:.\Generated_Source\PSoC4/ADC_3_Buffer.c **** *  power: power levels.
 133:.\Generated_Source\PSoC4/ADC_3_Buffer.c **** *   ADC_3_Buffer_LOW_POWER - Lowest active power
 134:.\Generated_Source\PSoC4/ADC_3_Buffer.c **** *   ADC_3_Buffer_MED_POWER - Medium power
 135:.\Generated_Source\PSoC4/ADC_3_Buffer.c **** *   ADC_3_Buffer_HIGH_POWER - Highest active power
 136:.\Generated_Source\PSoC4/ADC_3_Buffer.c **** *
 137:.\Generated_Source\PSoC4/ADC_3_Buffer.c **** * Return:
 138:.\Generated_Source\PSoC4/ADC_3_Buffer.c **** *  None
 139:.\Generated_Source\PSoC4/ADC_3_Buffer.c **** *
 140:.\Generated_Source\PSoC4/ADC_3_Buffer.c **** **********************************************************************************/
 141:.\Generated_Source\PSoC4/ADC_3_Buffer.c **** void ADC_3_Buffer_SetPower(uint32 power)
 142:.\Generated_Source\PSoC4/ADC_3_Buffer.c **** {
 163              		.loc 1 142 0
 164              		.cfi_startproc
 165              	.LVL2:
 143:.\Generated_Source\PSoC4/ADC_3_Buffer.c ****     uint32 tmp;
 144:.\Generated_Source\PSoC4/ADC_3_Buffer.c ****     
 145:.\Generated_Source\PSoC4/ADC_3_Buffer.c ****     ADC_3_Buffer_internalPower = ADC_3_Buffer_GET_OA_PWR_MODE(power);
 166              		.loc 1 145 0
 167 0000 0322     		mov	r2, #3
 168 0002 1040     		and	r0, r2
 169              	.LVL3:
 170 0004 034B     		ldr	r3, .L15
 171 0006 1860     		str	r0, [r3]
 146:.\Generated_Source\PSoC4/ADC_3_Buffer.c ****     tmp = ADC_3_Buffer_OA_RES_CTRL_REG & \
 172              		.loc 1 146 0
 173 0008 034B     		ldr	r3, .L15+4
 174 000a 1968     		ldr	r1, [r3]
 175 000c 9143     		bic	r1, r2
 176              	.LVL4:
 147:.\Generated_Source\PSoC4/ADC_3_Buffer.c ****            (uint32)~ADC_3_Buffer_OA_PWR_MODE_MASK;
 148:.\Generated_Source\PSoC4/ADC_3_Buffer.c ****     ADC_3_Buffer_OA_RES_CTRL_REG = tmp | ADC_3_Buffer_internalPower;
 177              		.loc 1 148 0
 178 000e 0843     		orr	r0, r1
 179 0010 1860     		str	r0, [r3]
 149:.\Generated_Source\PSoC4/ADC_3_Buffer.c **** }
 180              		.loc 1 149 0
 181              		@ sp needed
 182 0012 7047     		bx	lr
 183              	.L16:
 184              		.align	2
 185              	.L15:
 186 0014 00000000 		.word	.LANCHOR0
 187 0018 08003040 		.word	1076887560
 188              		.cfi_endproc
 189              	.LFE4:
 190              		.size	ADC_3_Buffer_SetPower, .-ADC_3_Buffer_SetPower
 191              		.section	.text.ADC_3_Buffer_PumpControl,"ax",%progbits
 192              		.align	2
 193              		.global	ADC_3_Buffer_PumpControl
ARM GAS  C:\Users\Luci\AppData\Local\Temp\ccJvoqr0.s 			page 7


 194              		.code	16
 195              		.thumb_func
 196              		.type	ADC_3_Buffer_PumpControl, %function
 197              	ADC_3_Buffer_PumpControl:
 198              	.LFB5:
 150:.\Generated_Source\PSoC4/ADC_3_Buffer.c **** 
 151:.\Generated_Source\PSoC4/ADC_3_Buffer.c **** 
 152:.\Generated_Source\PSoC4/ADC_3_Buffer.c **** /*******************************************************************************
 153:.\Generated_Source\PSoC4/ADC_3_Buffer.c **** * Function Name: ADC_3_Buffer_PumpControl
 154:.\Generated_Source\PSoC4/ADC_3_Buffer.c **** ********************************************************************************
 155:.\Generated_Source\PSoC4/ADC_3_Buffer.c **** *
 156:.\Generated_Source\PSoC4/ADC_3_Buffer.c **** * Summary:
 157:.\Generated_Source\PSoC4/ADC_3_Buffer.c **** *  Allows the user to turn the Opamp's boost pump on or off. By Default the Start() 
 158:.\Generated_Source\PSoC4/ADC_3_Buffer.c **** *  function turns on the pump. Use this API to turn it off. The boost must be 
 159:.\Generated_Source\PSoC4/ADC_3_Buffer.c **** *  turned on when the supply is less than 2.7 volts and off if the supply is more 
 160:.\Generated_Source\PSoC4/ADC_3_Buffer.c **** *  than 4 volts.
 161:.\Generated_Source\PSoC4/ADC_3_Buffer.c **** *
 162:.\Generated_Source\PSoC4/ADC_3_Buffer.c **** * Parameters:
 163:.\Generated_Source\PSoC4/ADC_3_Buffer.c **** *  onOff: Control the pump.
 164:.\Generated_Source\PSoC4/ADC_3_Buffer.c **** *   ADC_3_Buffer_PUMP_OFF - Turn off the pump
 165:.\Generated_Source\PSoC4/ADC_3_Buffer.c **** *   ADC_3_Buffer_PUMP_ON - Turn on the pump
 166:.\Generated_Source\PSoC4/ADC_3_Buffer.c **** *
 167:.\Generated_Source\PSoC4/ADC_3_Buffer.c **** * Return:
 168:.\Generated_Source\PSoC4/ADC_3_Buffer.c **** *  None
 169:.\Generated_Source\PSoC4/ADC_3_Buffer.c **** *
 170:.\Generated_Source\PSoC4/ADC_3_Buffer.c **** **********************************************************************************/
 171:.\Generated_Source\PSoC4/ADC_3_Buffer.c **** void ADC_3_Buffer_PumpControl(uint32 onOff)
 172:.\Generated_Source\PSoC4/ADC_3_Buffer.c **** {
 199              		.loc 1 172 0
 200              		.cfi_startproc
 201              	.LVL5:
 173:.\Generated_Source\PSoC4/ADC_3_Buffer.c ****     
 174:.\Generated_Source\PSoC4/ADC_3_Buffer.c ****     if(0u != onOff)
 202              		.loc 1 174 0
 203 0000 0028     		cmp	r0, #0
 204 0002 06D0     		beq	.L18
 175:.\Generated_Source\PSoC4/ADC_3_Buffer.c ****     {
 176:.\Generated_Source\PSoC4/ADC_3_Buffer.c ****         ADC_3_Buffer_OA_RES_CTRL |= ADC_3_Buffer_OA_PUMP_EN;    
 205              		.loc 1 176 0
 206 0004 064B     		ldr	r3, .L20
 207 0006 1968     		ldr	r1, [r3]
 208 0008 8022     		mov	r2, #128
 209 000a 1201     		lsl	r2, r2, #4
 210 000c 0A43     		orr	r2, r1
 211 000e 1A60     		str	r2, [r3]
 212 0010 04E0     		b	.L17
 213              	.L18:
 177:.\Generated_Source\PSoC4/ADC_3_Buffer.c ****     }
 178:.\Generated_Source\PSoC4/ADC_3_Buffer.c ****     else
 179:.\Generated_Source\PSoC4/ADC_3_Buffer.c ****     {
 180:.\Generated_Source\PSoC4/ADC_3_Buffer.c ****         ADC_3_Buffer_OA_RES_CTRL &= (uint32)~ADC_3_Buffer_OA_PUMP_EN;
 214              		.loc 1 180 0
 215 0012 034B     		ldr	r3, .L20
 216 0014 1968     		ldr	r1, [r3]
 217 0016 034A     		ldr	r2, .L20+4
 218 0018 0A40     		and	r2, r1
 219 001a 1A60     		str	r2, [r3]
ARM GAS  C:\Users\Luci\AppData\Local\Temp\ccJvoqr0.s 			page 8


 220              	.L17:
 181:.\Generated_Source\PSoC4/ADC_3_Buffer.c ****     }
 182:.\Generated_Source\PSoC4/ADC_3_Buffer.c **** }
 221              		.loc 1 182 0
 222              		@ sp needed
 223 001c 7047     		bx	lr
 224              	.L21:
 225 001e C046     		.align	2
 226              	.L20:
 227 0020 08003040 		.word	1076887560
 228 0024 FFF7FFFF 		.word	-2049
 229              		.cfi_endproc
 230              	.LFE5:
 231              		.size	ADC_3_Buffer_PumpControl, .-ADC_3_Buffer_PumpControl
 232              		.global	ADC_3_Buffer_initVar
 233              		.bss
 234              		.align	2
 235              		.set	.LANCHOR0,. + 0
 236              		.type	ADC_3_Buffer_internalPower, %object
 237              		.size	ADC_3_Buffer_internalPower, 4
 238              	ADC_3_Buffer_internalPower:
 239 0000 00000000 		.space	4
 240              		.type	ADC_3_Buffer_initVar, %object
 241              		.size	ADC_3_Buffer_initVar, 1
 242              	ADC_3_Buffer_initVar:
 243 0004 00       		.space	1
 244 0005 000000   		.text
 245              	.Letext0:
 246              		.file 2 ".\\Generated_Source\\PSoC4\\cytypes.h"
 247              		.section	.debug_info,"",%progbits
 248              	.Ldebug_info0:
 249 0000 76010000 		.4byte	0x176
 250 0004 0400     		.2byte	0x4
 251 0006 00000000 		.4byte	.Ldebug_abbrev0
 252 000a 04       		.byte	0x4
 253 000b 01       		.uleb128 0x1
 254 000c 36010000 		.4byte	.LASF24
 255 0010 01       		.byte	0x1
 256 0011 22000000 		.4byte	.LASF25
 257 0015 4A000000 		.4byte	.LASF26
 258 0019 00000000 		.4byte	.Ldebug_ranges0+0
 259 001d 00000000 		.4byte	0
 260 0021 00000000 		.4byte	.Ldebug_line0
 261 0025 02       		.uleb128 0x2
 262 0026 01       		.byte	0x1
 263 0027 06       		.byte	0x6
 264 0028 37020000 		.4byte	.LASF0
 265 002c 02       		.uleb128 0x2
 266 002d 01       		.byte	0x1
 267 002e 08       		.byte	0x8
 268 002f A2000000 		.4byte	.LASF1
 269 0033 02       		.uleb128 0x2
 270 0034 02       		.byte	0x2
 271 0035 05       		.byte	0x5
 272 0036 D7010000 		.4byte	.LASF2
 273 003a 02       		.uleb128 0x2
 274 003b 02       		.byte	0x2
ARM GAS  C:\Users\Luci\AppData\Local\Temp\ccJvoqr0.s 			page 9


 275 003c 07       		.byte	0x7
 276 003d C8000000 		.4byte	.LASF3
 277 0041 02       		.uleb128 0x2
 278 0042 04       		.byte	0x4
 279 0043 05       		.byte	0x5
 280 0044 1B020000 		.4byte	.LASF4
 281 0048 02       		.uleb128 0x2
 282 0049 04       		.byte	0x4
 283 004a 07       		.byte	0x7
 284 004b B6000000 		.4byte	.LASF5
 285 004f 02       		.uleb128 0x2
 286 0050 08       		.byte	0x8
 287 0051 05       		.byte	0x5
 288 0052 C4010000 		.4byte	.LASF6
 289 0056 02       		.uleb128 0x2
 290 0057 08       		.byte	0x8
 291 0058 07       		.byte	0x7
 292 0059 1F010000 		.4byte	.LASF7
 293 005d 03       		.uleb128 0x3
 294 005e 04       		.byte	0x4
 295 005f 05       		.byte	0x5
 296 0060 696E7400 		.ascii	"int\000"
 297 0064 02       		.uleb128 0x2
 298 0065 04       		.byte	0x4
 299 0066 07       		.byte	0x7
 300 0067 FE000000 		.4byte	.LASF8
 301 006b 04       		.uleb128 0x4
 302 006c E1010000 		.4byte	.LASF9
 303 0070 02       		.byte	0x2
 304 0071 B3       		.byte	0xb3
 305 0072 2C000000 		.4byte	0x2c
 306 0076 04       		.uleb128 0x4
 307 0077 F7000000 		.4byte	.LASF10
 308 007b 02       		.byte	0x2
 309 007c B5       		.byte	0xb5
 310 007d 48000000 		.4byte	0x48
 311 0081 02       		.uleb128 0x2
 312 0082 04       		.byte	0x4
 313 0083 04       		.byte	0x4
 314 0084 9C000000 		.4byte	.LASF11
 315 0088 02       		.uleb128 0x2
 316 0089 08       		.byte	0x8
 317 008a 04       		.byte	0x4
 318 008b DB000000 		.4byte	.LASF12
 319 008f 02       		.uleb128 0x2
 320 0090 01       		.byte	0x1
 321 0091 08       		.byte	0x8
 322 0092 D2010000 		.4byte	.LASF13
 323 0096 05       		.uleb128 0x5
 324 0097 00000000 		.4byte	.LASF14
 325 009b 02       		.byte	0x2
 326 009c 5F01     		.2byte	0x15f
 327 009e A2000000 		.4byte	0xa2
 328 00a2 06       		.uleb128 0x6
 329 00a3 76000000 		.4byte	0x76
 330 00a7 07       		.uleb128 0x7
 331 00a8 B2010000 		.4byte	.LASF15
ARM GAS  C:\Users\Luci\AppData\Local\Temp\ccJvoqr0.s 			page 10


 332 00ac 01       		.byte	0x1
 333 00ad 27       		.byte	0x27
 334 00ae 00000000 		.4byte	.LFB0
 335 00b2 2C000000 		.4byte	.LFE0-.LFB0
 336 00b6 01       		.uleb128 0x1
 337 00b7 9C       		.byte	0x9c
 338 00b8 07       		.uleb128 0x7
 339 00b9 0B010000 		.4byte	.LASF16
 340 00bd 01       		.byte	0x1
 341 00be 40       		.byte	0x40
 342 00bf 00000000 		.4byte	.LFB1
 343 00c3 1C000000 		.4byte	.LFE1-.LFB1
 344 00c7 01       		.uleb128 0x1
 345 00c8 9C       		.byte	0x9c
 346 00c9 08       		.uleb128 0x8
 347 00ca 24020000 		.4byte	.LASF18
 348 00ce 01       		.byte	0x1
 349 00cf 5C       		.byte	0x5c
 350 00d0 00000000 		.4byte	.LFB2
 351 00d4 20000000 		.4byte	.LFE2-.LFB2
 352 00d8 01       		.uleb128 0x1
 353 00d9 9C       		.byte	0x9c
 354 00da F1000000 		.4byte	0xf1
 355 00de 09       		.uleb128 0x9
 356 00df 0E000000 		.4byte	.LVL0
 357 00e3 A7000000 		.4byte	0xa7
 358 00e7 09       		.uleb128 0x9
 359 00e8 18000000 		.4byte	.LVL1
 360 00ec B8000000 		.4byte	0xb8
 361 00f0 00       		.byte	0
 362 00f1 07       		.uleb128 0x7
 363 00f2 43020000 		.4byte	.LASF17
 364 00f6 01       		.byte	0x1
 365 00f7 75       		.byte	0x75
 366 00f8 00000000 		.4byte	.LFB3
 367 00fc 14000000 		.4byte	.LFE3-.LFB3
 368 0100 01       		.uleb128 0x1
 369 0101 9C       		.byte	0x9c
 370 0102 08       		.uleb128 0x8
 371 0103 06000000 		.4byte	.LASF19
 372 0107 01       		.byte	0x1
 373 0108 8D       		.byte	0x8d
 374 0109 00000000 		.4byte	.LFB4
 375 010d 1C000000 		.4byte	.LFE4-.LFB4
 376 0111 01       		.uleb128 0x1
 377 0112 9C       		.byte	0x9c
 378 0113 34010000 		.4byte	0x134
 379 0117 0A       		.uleb128 0xa
 380 0118 1C000000 		.4byte	.LASF21
 381 011c 01       		.byte	0x1
 382 011d 8D       		.byte	0x8d
 383 011e 76000000 		.4byte	0x76
 384 0122 00000000 		.4byte	.LLST0
 385 0126 0B       		.uleb128 0xb
 386 0127 746D7000 		.ascii	"tmp\000"
 387 012b 01       		.byte	0x1
 388 012c 8F       		.byte	0x8f
ARM GAS  C:\Users\Luci\AppData\Local\Temp\ccJvoqr0.s 			page 11


 389 012d 76000000 		.4byte	0x76
 390 0131 01       		.uleb128 0x1
 391 0132 51       		.byte	0x51
 392 0133 00       		.byte	0
 393 0134 08       		.uleb128 0x8
 394 0135 02020000 		.4byte	.LASF20
 395 0139 01       		.byte	0x1
 396 013a AB       		.byte	0xab
 397 013b 00000000 		.4byte	.LFB5
 398 013f 28000000 		.4byte	.LFE5-.LFB5
 399 0143 01       		.uleb128 0x1
 400 0144 9C       		.byte	0x9c
 401 0145 57010000 		.4byte	0x157
 402 0149 0C       		.uleb128 0xc
 403 014a B0000000 		.4byte	.LASF22
 404 014e 01       		.byte	0x1
 405 014f AB       		.byte	0xab
 406 0150 76000000 		.4byte	0x76
 407 0154 01       		.uleb128 0x1
 408 0155 50       		.byte	0x50
 409 0156 00       		.byte	0
 410 0157 0D       		.uleb128 0xd
 411 0158 E7010000 		.4byte	.LASF23
 412 015c 01       		.byte	0x1
 413 015d 14       		.byte	0x14
 414 015e 76000000 		.4byte	0x76
 415 0162 05       		.uleb128 0x5
 416 0163 03       		.byte	0x3
 417 0164 00000000 		.4byte	ADC_3_Buffer_internalPower
 418 0168 0E       		.uleb128 0xe
 419 0169 E2000000 		.4byte	.LASF27
 420 016d 01       		.byte	0x1
 421 016e 13       		.byte	0x13
 422 016f 6B000000 		.4byte	0x6b
 423 0173 05       		.uleb128 0x5
 424 0174 03       		.byte	0x3
 425 0175 00000000 		.4byte	ADC_3_Buffer_initVar
 426 0179 00       		.byte	0
 427              		.section	.debug_abbrev,"",%progbits
 428              	.Ldebug_abbrev0:
 429 0000 01       		.uleb128 0x1
 430 0001 11       		.uleb128 0x11
 431 0002 01       		.byte	0x1
 432 0003 25       		.uleb128 0x25
 433 0004 0E       		.uleb128 0xe
 434 0005 13       		.uleb128 0x13
 435 0006 0B       		.uleb128 0xb
 436 0007 03       		.uleb128 0x3
 437 0008 0E       		.uleb128 0xe
 438 0009 1B       		.uleb128 0x1b
 439 000a 0E       		.uleb128 0xe
 440 000b 55       		.uleb128 0x55
 441 000c 17       		.uleb128 0x17
 442 000d 11       		.uleb128 0x11
 443 000e 01       		.uleb128 0x1
 444 000f 10       		.uleb128 0x10
 445 0010 17       		.uleb128 0x17
ARM GAS  C:\Users\Luci\AppData\Local\Temp\ccJvoqr0.s 			page 12


 446 0011 00       		.byte	0
 447 0012 00       		.byte	0
 448 0013 02       		.uleb128 0x2
 449 0014 24       		.uleb128 0x24
 450 0015 00       		.byte	0
 451 0016 0B       		.uleb128 0xb
 452 0017 0B       		.uleb128 0xb
 453 0018 3E       		.uleb128 0x3e
 454 0019 0B       		.uleb128 0xb
 455 001a 03       		.uleb128 0x3
 456 001b 0E       		.uleb128 0xe
 457 001c 00       		.byte	0
 458 001d 00       		.byte	0
 459 001e 03       		.uleb128 0x3
 460 001f 24       		.uleb128 0x24
 461 0020 00       		.byte	0
 462 0021 0B       		.uleb128 0xb
 463 0022 0B       		.uleb128 0xb
 464 0023 3E       		.uleb128 0x3e
 465 0024 0B       		.uleb128 0xb
 466 0025 03       		.uleb128 0x3
 467 0026 08       		.uleb128 0x8
 468 0027 00       		.byte	0
 469 0028 00       		.byte	0
 470 0029 04       		.uleb128 0x4
 471 002a 16       		.uleb128 0x16
 472 002b 00       		.byte	0
 473 002c 03       		.uleb128 0x3
 474 002d 0E       		.uleb128 0xe
 475 002e 3A       		.uleb128 0x3a
 476 002f 0B       		.uleb128 0xb
 477 0030 3B       		.uleb128 0x3b
 478 0031 0B       		.uleb128 0xb
 479 0032 49       		.uleb128 0x49
 480 0033 13       		.uleb128 0x13
 481 0034 00       		.byte	0
 482 0035 00       		.byte	0
 483 0036 05       		.uleb128 0x5
 484 0037 16       		.uleb128 0x16
 485 0038 00       		.byte	0
 486 0039 03       		.uleb128 0x3
 487 003a 0E       		.uleb128 0xe
 488 003b 3A       		.uleb128 0x3a
 489 003c 0B       		.uleb128 0xb
 490 003d 3B       		.uleb128 0x3b
 491 003e 05       		.uleb128 0x5
 492 003f 49       		.uleb128 0x49
 493 0040 13       		.uleb128 0x13
 494 0041 00       		.byte	0
 495 0042 00       		.byte	0
 496 0043 06       		.uleb128 0x6
 497 0044 35       		.uleb128 0x35
 498 0045 00       		.byte	0
 499 0046 49       		.uleb128 0x49
 500 0047 13       		.uleb128 0x13
 501 0048 00       		.byte	0
 502 0049 00       		.byte	0
ARM GAS  C:\Users\Luci\AppData\Local\Temp\ccJvoqr0.s 			page 13


 503 004a 07       		.uleb128 0x7
 504 004b 2E       		.uleb128 0x2e
 505 004c 00       		.byte	0
 506 004d 3F       		.uleb128 0x3f
 507 004e 19       		.uleb128 0x19
 508 004f 03       		.uleb128 0x3
 509 0050 0E       		.uleb128 0xe
 510 0051 3A       		.uleb128 0x3a
 511 0052 0B       		.uleb128 0xb
 512 0053 3B       		.uleb128 0x3b
 513 0054 0B       		.uleb128 0xb
 514 0055 27       		.uleb128 0x27
 515 0056 19       		.uleb128 0x19
 516 0057 11       		.uleb128 0x11
 517 0058 01       		.uleb128 0x1
 518 0059 12       		.uleb128 0x12
 519 005a 06       		.uleb128 0x6
 520 005b 40       		.uleb128 0x40
 521 005c 18       		.uleb128 0x18
 522 005d 9742     		.uleb128 0x2117
 523 005f 19       		.uleb128 0x19
 524 0060 00       		.byte	0
 525 0061 00       		.byte	0
 526 0062 08       		.uleb128 0x8
 527 0063 2E       		.uleb128 0x2e
 528 0064 01       		.byte	0x1
 529 0065 3F       		.uleb128 0x3f
 530 0066 19       		.uleb128 0x19
 531 0067 03       		.uleb128 0x3
 532 0068 0E       		.uleb128 0xe
 533 0069 3A       		.uleb128 0x3a
 534 006a 0B       		.uleb128 0xb
 535 006b 3B       		.uleb128 0x3b
 536 006c 0B       		.uleb128 0xb
 537 006d 27       		.uleb128 0x27
 538 006e 19       		.uleb128 0x19
 539 006f 11       		.uleb128 0x11
 540 0070 01       		.uleb128 0x1
 541 0071 12       		.uleb128 0x12
 542 0072 06       		.uleb128 0x6
 543 0073 40       		.uleb128 0x40
 544 0074 18       		.uleb128 0x18
 545 0075 9742     		.uleb128 0x2117
 546 0077 19       		.uleb128 0x19
 547 0078 01       		.uleb128 0x1
 548 0079 13       		.uleb128 0x13
 549 007a 00       		.byte	0
 550 007b 00       		.byte	0
 551 007c 09       		.uleb128 0x9
 552 007d 898201   		.uleb128 0x4109
 553 0080 00       		.byte	0
 554 0081 11       		.uleb128 0x11
 555 0082 01       		.uleb128 0x1
 556 0083 31       		.uleb128 0x31
 557 0084 13       		.uleb128 0x13
 558 0085 00       		.byte	0
 559 0086 00       		.byte	0
ARM GAS  C:\Users\Luci\AppData\Local\Temp\ccJvoqr0.s 			page 14


 560 0087 0A       		.uleb128 0xa
 561 0088 05       		.uleb128 0x5
 562 0089 00       		.byte	0
 563 008a 03       		.uleb128 0x3
 564 008b 0E       		.uleb128 0xe
 565 008c 3A       		.uleb128 0x3a
 566 008d 0B       		.uleb128 0xb
 567 008e 3B       		.uleb128 0x3b
 568 008f 0B       		.uleb128 0xb
 569 0090 49       		.uleb128 0x49
 570 0091 13       		.uleb128 0x13
 571 0092 02       		.uleb128 0x2
 572 0093 17       		.uleb128 0x17
 573 0094 00       		.byte	0
 574 0095 00       		.byte	0
 575 0096 0B       		.uleb128 0xb
 576 0097 34       		.uleb128 0x34
 577 0098 00       		.byte	0
 578 0099 03       		.uleb128 0x3
 579 009a 08       		.uleb128 0x8
 580 009b 3A       		.uleb128 0x3a
 581 009c 0B       		.uleb128 0xb
 582 009d 3B       		.uleb128 0x3b
 583 009e 0B       		.uleb128 0xb
 584 009f 49       		.uleb128 0x49
 585 00a0 13       		.uleb128 0x13
 586 00a1 02       		.uleb128 0x2
 587 00a2 18       		.uleb128 0x18
 588 00a3 00       		.byte	0
 589 00a4 00       		.byte	0
 590 00a5 0C       		.uleb128 0xc
 591 00a6 05       		.uleb128 0x5
 592 00a7 00       		.byte	0
 593 00a8 03       		.uleb128 0x3
 594 00a9 0E       		.uleb128 0xe
 595 00aa 3A       		.uleb128 0x3a
 596 00ab 0B       		.uleb128 0xb
 597 00ac 3B       		.uleb128 0x3b
 598 00ad 0B       		.uleb128 0xb
 599 00ae 49       		.uleb128 0x49
 600 00af 13       		.uleb128 0x13
 601 00b0 02       		.uleb128 0x2
 602 00b1 18       		.uleb128 0x18
 603 00b2 00       		.byte	0
 604 00b3 00       		.byte	0
 605 00b4 0D       		.uleb128 0xd
 606 00b5 34       		.uleb128 0x34
 607 00b6 00       		.byte	0
 608 00b7 03       		.uleb128 0x3
 609 00b8 0E       		.uleb128 0xe
 610 00b9 3A       		.uleb128 0x3a
 611 00ba 0B       		.uleb128 0xb
 612 00bb 3B       		.uleb128 0x3b
 613 00bc 0B       		.uleb128 0xb
 614 00bd 49       		.uleb128 0x49
 615 00be 13       		.uleb128 0x13
 616 00bf 02       		.uleb128 0x2
ARM GAS  C:\Users\Luci\AppData\Local\Temp\ccJvoqr0.s 			page 15


 617 00c0 18       		.uleb128 0x18
 618 00c1 00       		.byte	0
 619 00c2 00       		.byte	0
 620 00c3 0E       		.uleb128 0xe
 621 00c4 34       		.uleb128 0x34
 622 00c5 00       		.byte	0
 623 00c6 03       		.uleb128 0x3
 624 00c7 0E       		.uleb128 0xe
 625 00c8 3A       		.uleb128 0x3a
 626 00c9 0B       		.uleb128 0xb
 627 00ca 3B       		.uleb128 0x3b
 628 00cb 0B       		.uleb128 0xb
 629 00cc 49       		.uleb128 0x49
 630 00cd 13       		.uleb128 0x13
 631 00ce 3F       		.uleb128 0x3f
 632 00cf 19       		.uleb128 0x19
 633 00d0 02       		.uleb128 0x2
 634 00d1 18       		.uleb128 0x18
 635 00d2 00       		.byte	0
 636 00d3 00       		.byte	0
 637 00d4 00       		.byte	0
 638              		.section	.debug_loc,"",%progbits
 639              	.Ldebug_loc0:
 640              	.LLST0:
 641 0000 00000000 		.4byte	.LVL2
 642 0004 04000000 		.4byte	.LVL3
 643 0008 0100     		.2byte	0x1
 644 000a 50       		.byte	0x50
 645 000b 04000000 		.4byte	.LVL3
 646 000f 1C000000 		.4byte	.LFE4
 647 0013 0400     		.2byte	0x4
 648 0015 F3       		.byte	0xf3
 649 0016 01       		.uleb128 0x1
 650 0017 50       		.byte	0x50
 651 0018 9F       		.byte	0x9f
 652 0019 00000000 		.4byte	0
 653 001d 00000000 		.4byte	0
 654              		.section	.debug_aranges,"",%progbits
 655 0000 44000000 		.4byte	0x44
 656 0004 0200     		.2byte	0x2
 657 0006 00000000 		.4byte	.Ldebug_info0
 658 000a 04       		.byte	0x4
 659 000b 00       		.byte	0
 660 000c 0000     		.2byte	0
 661 000e 0000     		.2byte	0
 662 0010 00000000 		.4byte	.LFB0
 663 0014 2C000000 		.4byte	.LFE0-.LFB0
 664 0018 00000000 		.4byte	.LFB1
 665 001c 1C000000 		.4byte	.LFE1-.LFB1
 666 0020 00000000 		.4byte	.LFB2
 667 0024 20000000 		.4byte	.LFE2-.LFB2
 668 0028 00000000 		.4byte	.LFB3
 669 002c 14000000 		.4byte	.LFE3-.LFB3
 670 0030 00000000 		.4byte	.LFB4
 671 0034 1C000000 		.4byte	.LFE4-.LFB4
 672 0038 00000000 		.4byte	.LFB5
 673 003c 28000000 		.4byte	.LFE5-.LFB5
ARM GAS  C:\Users\Luci\AppData\Local\Temp\ccJvoqr0.s 			page 16


 674 0040 00000000 		.4byte	0
 675 0044 00000000 		.4byte	0
 676              		.section	.debug_ranges,"",%progbits
 677              	.Ldebug_ranges0:
 678 0000 00000000 		.4byte	.LFB0
 679 0004 2C000000 		.4byte	.LFE0
 680 0008 00000000 		.4byte	.LFB1
 681 000c 1C000000 		.4byte	.LFE1
 682 0010 00000000 		.4byte	.LFB2
 683 0014 20000000 		.4byte	.LFE2
 684 0018 00000000 		.4byte	.LFB3
 685 001c 14000000 		.4byte	.LFE3
 686 0020 00000000 		.4byte	.LFB4
 687 0024 1C000000 		.4byte	.LFE4
 688 0028 00000000 		.4byte	.LFB5
 689 002c 28000000 		.4byte	.LFE5
 690 0030 00000000 		.4byte	0
 691 0034 00000000 		.4byte	0
 692              		.section	.debug_line,"",%progbits
 693              	.Ldebug_line0:
 694 0000 C6000000 		.section	.debug_str,"MS",%progbits,1
 694      02004B00 
 694      00000201 
 694      FB0E0D00 
 694      01010101 
 695              	.LASF14:
 696 0000 72656733 		.ascii	"reg32\000"
 696      3200
 697              	.LASF19:
 698 0006 4144435F 		.ascii	"ADC_3_Buffer_SetPower\000"
 698      335F4275 
 698      66666572 
 698      5F536574 
 698      506F7765 
 699              	.LASF21:
 700 001c 706F7765 		.ascii	"power\000"
 700      7200
 701              	.LASF25:
 702 0022 2E5C4765 		.ascii	".\\Generated_Source\\PSoC4\\ADC_3_Buffer.c\000"
 702      6E657261 
 702      7465645F 
 702      536F7572 
 702      63655C50 
 703              	.LASF26:
 704 004a 413A5C44 		.ascii	"A:\\Documents\\School\\ECEG-721_Embedded_Systems\\L"
 704      6F63756D 
 704      656E7473 
 704      5C536368 
 704      6F6F6C5C 
 705 0079 6162735C 		.ascii	"abs\\Lab7\\BLE Lab 1\\BLE Lab 1.cydsn\000"
 705      4C616237 
 705      5C424C45 
 705      204C6162 
 705      20315C42 
 706              	.LASF11:
 707 009c 666C6F61 		.ascii	"float\000"
 707      7400
ARM GAS  C:\Users\Luci\AppData\Local\Temp\ccJvoqr0.s 			page 17


 708              	.LASF1:
 709 00a2 756E7369 		.ascii	"unsigned char\000"
 709      676E6564 
 709      20636861 
 709      7200
 710              	.LASF22:
 711 00b0 6F6E4F66 		.ascii	"onOff\000"
 711      6600
 712              	.LASF5:
 713 00b6 6C6F6E67 		.ascii	"long unsigned int\000"
 713      20756E73 
 713      69676E65 
 713      6420696E 
 713      7400
 714              	.LASF3:
 715 00c8 73686F72 		.ascii	"short unsigned int\000"
 715      7420756E 
 715      7369676E 
 715      65642069 
 715      6E7400
 716              	.LASF12:
 717 00db 646F7562 		.ascii	"double\000"
 717      6C6500
 718              	.LASF27:
 719 00e2 4144435F 		.ascii	"ADC_3_Buffer_initVar\000"
 719      335F4275 
 719      66666572 
 719      5F696E69 
 719      74566172 
 720              	.LASF10:
 721 00f7 75696E74 		.ascii	"uint32\000"
 721      333200
 722              	.LASF8:
 723 00fe 756E7369 		.ascii	"unsigned int\000"
 723      676E6564 
 723      20696E74 
 723      00
 724              	.LASF16:
 725 010b 4144435F 		.ascii	"ADC_3_Buffer_Enable\000"
 725      335F4275 
 725      66666572 
 725      5F456E61 
 725      626C6500 
 726              	.LASF7:
 727 011f 6C6F6E67 		.ascii	"long long unsigned int\000"
 727      206C6F6E 
 727      6720756E 
 727      7369676E 
 727      65642069 
 728              	.LASF24:
 729 0136 474E5520 		.ascii	"GNU C 4.8.4 20140526 (release) [ARM/embedded-4_8-br"
 729      4320342E 
 729      382E3420 
 729      32303134 
 729      30353236 
 730 0169 616E6368 		.ascii	"anch revision 211358] -mcpu=cortex-m0 -mthumb -g -O"
 730      20726576 
ARM GAS  C:\Users\Luci\AppData\Local\Temp\ccJvoqr0.s 			page 18


 730      6973696F 
 730      6E203231 
 730      31333538 
 731 019c 67202D66 		.ascii	"g -ffunction-sections\000"
 731      66756E63 
 731      74696F6E 
 731      2D736563 
 731      74696F6E 
 732              	.LASF15:
 733 01b2 4144435F 		.ascii	"ADC_3_Buffer_Init\000"
 733      335F4275 
 733      66666572 
 733      5F496E69 
 733      7400
 734              	.LASF6:
 735 01c4 6C6F6E67 		.ascii	"long long int\000"
 735      206C6F6E 
 735      6720696E 
 735      7400
 736              	.LASF13:
 737 01d2 63686172 		.ascii	"char\000"
 737      00
 738              	.LASF2:
 739 01d7 73686F72 		.ascii	"short int\000"
 739      7420696E 
 739      7400
 740              	.LASF9:
 741 01e1 75696E74 		.ascii	"uint8\000"
 741      3800
 742              	.LASF23:
 743 01e7 4144435F 		.ascii	"ADC_3_Buffer_internalPower\000"
 743      335F4275 
 743      66666572 
 743      5F696E74 
 743      65726E61 
 744              	.LASF20:
 745 0202 4144435F 		.ascii	"ADC_3_Buffer_PumpControl\000"
 745      335F4275 
 745      66666572 
 745      5F50756D 
 745      70436F6E 
 746              	.LASF4:
 747 021b 6C6F6E67 		.ascii	"long int\000"
 747      20696E74 
 747      00
 748              	.LASF18:
 749 0224 4144435F 		.ascii	"ADC_3_Buffer_Start\000"
 749      335F4275 
 749      66666572 
 749      5F537461 
 749      727400
 750              	.LASF0:
 751 0237 7369676E 		.ascii	"signed char\000"
 751      65642063 
 751      68617200 
 752              	.LASF17:
 753 0243 4144435F 		.ascii	"ADC_3_Buffer_Stop\000"
ARM GAS  C:\Users\Luci\AppData\Local\Temp\ccJvoqr0.s 			page 19


 753      335F4275 
 753      66666572 
 753      5F53746F 
 753      7000
 754              		.ident	"GCC: (GNU Tools for ARM Embedded Processors) 4.8.4 20140526 (release) [ARM/embedded-4_8-br
