<html>
<body>
<pre>
<h1>µVision Build Log</h1>
<h2>Project:</h2>
D:\School\ECEG-721_Embedded_Systems\Labs\Lab4\lab4.uvproj
Project File Date:  11/05/2020

<h2>Output:</h2>
Build target 'Target 1'
compiling Main.c...
linking...
Program Size: Code=2052 RO-data=684 RW-data=8 ZI-data=1008  
".\lab4.axf" - 0 Error(s), 0 Warning(s).
</pre>
</body>
</html>
ected a ";"
        Variable "SW", Min Value: -1, Max Value: 1;
Main.c(31): error:  #20: identifier "SW" is undefined
                        SW = gSeriesData[i];
Main.c: 0 warnings, 3 errors
".\lab4.axf" - 3 Error(s), 0 Warning(s).
Target not created
