<html>
<body>
<pre>
<h1>µVision Build Log</h1>
<h2>Project:</h2>
D:\School\ECEG-721_Embedded_Systems\Labs\Lab2\lab2.uvproj
Project File Date:  09/28/2020

<h2>Output:</h2>
Build target 'Target 1'
assembling startup_TM4C123.s...
compiling main.c...
compiling system_TM4C123.c...
linking...
Program Size: Code=2612 RO-data=1248 RW-data=4 ZI-data=612  
".\lab2.axf" - 0 Error(s), 0 Warning(s).
Load "D:\\School\\ECEG-721_Embedded_Systems\\Labs\\Lab2\\lab2.axf" 
Connecting: Mode=JTAG, Speed=1000000Hz
Erase Done.
Programming Done.
Verify OK.
</pre>
</body>
</html>
