<html>
<body>
<pre>
<h1>µVision Build Log</h1>
<h2>Project:</h2>
A:\Luci\Documents\School\ECEG-721_Embedded_Systems\Labs\Lab2\lab2.uvproj
Project File Date:  09/28/2020

<h2>Output:</h2>
Build target 'Target 1'
linking...
Program Size: Code=2612 RO-data=1248 RW-data=4 ZI-data=612  
".\lab2.axf" - 0 Error(s), 0 Warning(s).
Load "A:\\Luci\\Documents\\School\\ECEG-721_Embedded_Systems\\Labs\\Lab2\\lab2.axf" 
Connecting: Mode=JTAG, Speed=1000000Hz
Connection failed!, error code=&d
Error: Flash Download failed  -  Target DLL has been cancelled
 created
