<html>
<body>
<pre>
<h1>µVision Build Log</h1>
<h2>Project:</h2>
D:\School\ECEG-721_Embedded_Systems\Labs\Lab3\lab3.uvproj
Project File Date:  10/27/2020

<h2>Output:</h2>
Build target 'Target 1'
compiling main.c...
main.c(35): warning:  #2548-D: multicharacter character literal (potential portability problem)
                UARTCharPut(UART0_BASE, ': ');
main.c(35): warning:  #69-D: integer conversion resulted in truncation
                UARTCharPut(UART0_BASE, ': ');
main.c: 2 warnings, 0 errors
linking...
Program Size: Code=2640 RO-data=1800 RW-data=4 ZI-data=612  
".\lab3.axf" - 0 Error(s), 2 Warning(s).
Load "D:\\School\\ECEG-721_Embedded_Systems\\Labs\\Lab3\\lab3.axf" 
Connecting: Mode=JTAG, Speed=1000000Hz
Erase Done.
Programming Done.
Verify OK.
