ARM Linker, 5.03 [Build 76] [MDK-ARM Lite]

==============================================================================

Section Cross References

    startup_tm4c123.o(STACK) refers (Special) to heapauxi.o(.text) for __use_two_region_memory
    startup_tm4c123.o(HEAP) refers (Special) to heapauxi.o(.text) for __use_two_region_memory
    startup_tm4c123.o(RESET) refers (Special) to heapauxi.o(.text) for __use_two_region_memory
    startup_tm4c123.o(RESET) refers to startup_tm4c123.o(STACK) for __initial_sp
    startup_tm4c123.o(RESET) refers to startup_tm4c123.o(.text) for Reset_Handler
    startup_tm4c123.o(RESET) refers to main.o(.text) for TIMER0A_Handler
    startup_tm4c123.o(.text) refers (Special) to heapauxi.o(.text) for __use_two_region_memory
    startup_tm4c123.o(.text) refers to system_tm4c123.o(.text) for SystemInit
    startup_tm4c123.o(.text) refers to __main.o(!!!main) for __main
    startup_tm4c123.o(.text) refers to startup_tm4c123.o(HEAP) for Heap_Mem
    startup_tm4c123.o(.text) refers to startup_tm4c123.o(STACK) for Stack_Mem
    main.o(.text) refers to sysctl.o(i.SysCtlClockSet) for SysCtlClockSet
    main.o(.text) refers to sysctl.o(i.SysCtlPeripheralEnable) for SysCtlPeripheralEnable
    main.o(.text) refers to gpio.o(i.GPIOPinTypeGPIOOutput) for GPIOPinTypeGPIOOutput
    main.o(.text) refers to timer.o(i.TimerConfigure) for TimerConfigure
    main.o(.text) refers to sysctl.o(i.SysCtlClockGet) for SysCtlClockGet
    main.o(.text) refers to dflt_clz.o(x$fpl$dfltu) for __aeabi_ui2d
    main.o(.text) refers to ddiv.o(x$fpl$ddiv) for __aeabi_ddiv
    main.o(.text) refers to dfixu.o(x$fpl$dfixu) for __aeabi_d2uiz
    main.o(.text) refers to timer.o(i.TimerLoadSet) for TimerLoadSet
    main.o(.text) refers to interrupt.o(i.IntEnable) for IntEnable
    main.o(.text) refers to timer.o(i.TimerIntEnable) for TimerIntEnable
    main.o(.text) refers to interrupt.o(i.IntMasterEnable) for IntMasterEnable
    main.o(.text) refers to timer.o(i.TimerEnable) for TimerEnable
    main.o(.text) refers to timer.o(i.TimerIntClear) for TimerIntClear
    main.o(.text) refers to gpio.o(i.GPIOPinRead) for GPIOPinRead
    main.o(.text) refers to gpio.o(i.GPIOPinWrite) for GPIOPinWrite
    system_tm4c123.o(.text) refers to system_tm4c123.o(.data) for SystemCoreClock
    gpio.o(i.GPIOIntRegister) refers to gpio.o(i._GPIOIntNumberGet) for _GPIOIntNumberGet
    gpio.o(i.GPIOIntRegister) refers to interrupt.o(i.IntRegister) for IntRegister
    gpio.o(i.GPIOIntRegister) refers to interrupt.o(i.IntEnable) for IntEnable
    gpio.o(i.GPIOIntRegisterPin) refers to gpio.o(i._GPIOIntNumberGet) for _GPIOIntNumberGet
    gpio.o(i.GPIOIntRegisterPin) refers to interrupt.o(i.IntRegister) for IntRegister
    gpio.o(i.GPIOIntRegisterPin) refers to interrupt.o(i.IntEnable) for IntEnable
    gpio.o(i.GPIOIntUnregister) refers to gpio.o(i._GPIOIntNumberGet) for _GPIOIntNumberGet
    gpio.o(i.GPIOIntUnregister) refers to interrupt.o(i.IntDisable) for IntDisable
    gpio.o(i.GPIOIntUnregister) refers to interrupt.o(i.IntUnregister) for IntUnregister
    gpio.o(i.GPIOIntUnregisterPin) refers to gpio.o(i._GPIOIntNumberGet) for _GPIOIntNumberGet
    gpio.o(i.GPIOIntUnregisterPin) refers to interrupt.o(i.IntDisable) for IntDisable
    gpio.o(i.GPIOIntUnregisterPin) refers to interrupt.o(i.IntUnregister) for IntUnregister
    gpio.o(i.GPIOPinConfigure) refers to gpio.o(.constdata) for .constdata
    gpio.o(i.GPIOPinTypeADC) refers to gpio.o(i.GPIODirModeSet) for GPIODirModeSet
    gpio.o(i.GPIOPinTypeADC) refers to gpio.o(i.GPIOPadConfigSet) for GPIOPadConfigSet
    gpio.o(i.GPIOPinTypeCAN) refers to gpio.o(i.GPIODirModeSet) for GPIODirModeSet
    gpio.o(i.GPIOPinTypeCAN) refers to gpio.o(i.GPIOPadConfigSet) for GPIOPadConfigSet
    gpio.o(i.GPIOPinTypeComparator) refers to gpio.o(i.GPIODirModeSet) for GPIODirModeSet
    gpio.o(i.GPIOPinTypeComparator) refers to gpio.o(i.GPIOPadConfigSet) for GPIOPadConfigSet
    gpio.o(i.GPIOPinTypeComparatorOutput) refers to gpio.o(i.GPIODirModeSet) for GPIODirModeSet
    gpio.o(i.GPIOPinTypeComparatorOutput) refers to gpio.o(i.GPIOPadConfigSet) for GPIOPadConfigSet
    gpio.o(i.GPIOPinTypeDIVSCLK) refers to gpio.o(i.GPIODirModeSet) for GPIODirModeSet
    gpio.o(i.GPIOPinTypeDIVSCLK) refers to gpio.o(i.GPIOPadConfigSet) for GPIOPadConfigSet
    gpio.o(i.GPIOPinTypeEPI) refers to gpio.o(i.GPIODirModeSet) for GPIODirModeSet
    gpio.o(i.GPIOPinTypeEPI) refers to gpio.o(i.GPIOPadConfigSet) for GPIOPadConfigSet
    gpio.o(i.GPIOPinTypeEthernetLED) refers to gpio.o(i.GPIODirModeSet) for GPIODirModeSet
    gpio.o(i.GPIOPinTypeEthernetLED) refers to gpio.o(i.GPIOPadConfigSet) for GPIOPadConfigSet
    gpio.o(i.GPIOPinTypeEthernetMII) refers to gpio.o(i.GPIODirModeSet) for GPIODirModeSet
    gpio.o(i.GPIOPinTypeEthernetMII) refers to gpio.o(i.GPIOPadConfigSet) for GPIOPadConfigSet
    gpio.o(i.GPIOPinTypeGPIOInput) refers to gpio.o(i.GPIODirModeSet) for GPIODirModeSet
    gpio.o(i.GPIOPinTypeGPIOInput) refers to gpio.o(i.GPIOPadConfigSet) for GPIOPadConfigSet
    gpio.o(i.GPIOPinTypeGPIOOutput) refers to gpio.o(i.GPIOPadConfigSet) for GPIOPadConfigSet
    gpio.o(i.GPIOPinTypeGPIOOutput) refers to gpio.o(i.GPIODirModeSet) for GPIODirModeSet
    gpio.o(i.GPIOPinTypeGPIOOutputOD) refers to gpio.o(i.GPIOPadConfigSet) for GPIOPadConfigSet
    gpio.o(i.GPIOPinTypeGPIOOutputOD) refers to gpio.o(i.GPIODirModeSet) for GPIODirModeSet
    gpio.o(i.GPIOPinTypeHibernateRTCCLK) refers to gpio.o(i.GPIODirModeSet) for GPIODirModeSet
    gpio.o(i.GPIOPinTypeHibernateRTCCLK) refers to gpio.o(i.GPIOPadConfigSet) for GPIOPadConfigSet
    gpio.o(i.GPIOPinTypeI2C) refers to gpio.o(i.GPIODirModeSet) for GPIODirModeSet
    gpio.o(i.GPIOPinTypeI2C) refers to gpio.o(i.GPIOPadConfigSet) for GPIOPadConfigSet
    gpio.o(i.GPIOPinTypeI2CSCL) refers to gpio.o(i.GPIODirModeSet) for GPIODirModeSet
    gpio.o(i.GPIOPinTypeI2CSCL) refers to gpio.o(i.GPIOPadConfigSet) for GPIOPadConfigSet
    gpio.o(i.GPIOPinTypeLCD) refers to gpio.o(i.GPIODirModeSet) for GPIODirModeSet
    gpio.o(i.GPIOPinTypeLCD) refers to gpio.o(i.GPIOPadConfigSet) for GPIOPadConfigSet
    gpio.o(i.GPIOPinTypeOneWire) refers to gpio.o(i.GPIODirModeSet) for GPIODirModeSet
    gpio.o(i.GPIOPinTypeOneWire) refers to gpio.o(i.GPIOPadConfigSet) for GPIOPadConfigSet
    gpio.o(i.GPIOPinTypePWM) refers to gpio.o(i.GPIODirModeSet) for GPIODirModeSet
    gpio.o(i.GPIOPinTypePWM) refers to gpio.o(i.GPIOPadConfigSet) for GPIOPadConfigSet
    gpio.o(i.GPIOPinTypeQEI) refers to gpio.o(i.GPIODirModeSet) for GPIODirModeSet
    gpio.o(i.GPIOPinTypeQEI) refers to gpio.o(i.GPIOPadConfigSet) for GPIOPadConfigSet
    gpio.o(i.GPIOPinTypeSSI) refers to gpio.o(i.GPIODirModeSet) for GPIODirModeSet
    gpio.o(i.GPIOPinTypeSSI) refers to gpio.o(i.GPIOPadConfigSet) for GPIOPadConfigSet
    gpio.o(i.GPIOPinTypeTimer) refers to gpio.o(i.GPIODirModeSet) for GPIODirModeSet
    gpio.o(i.GPIOPinTypeTimer) refers to gpio.o(i.GPIOPadConfigSet) for GPIOPadConfigSet
    gpio.o(i.GPIOPinTypeTrace) refers to gpio.o(i.GPIODirModeSet) for GPIODirModeSet
    gpio.o(i.GPIOPinTypeTrace) refers to gpio.o(i.GPIOPadConfigSet) for GPIOPadConfigSet
    gpio.o(i.GPIOPinTypeUART) refers to gpio.o(i.GPIODirModeSet) for GPIODirModeSet
    gpio.o(i.GPIOPinTypeUART) refers to gpio.o(i.GPIOPadConfigSet) for GPIOPadConfigSet
    gpio.o(i.GPIOPinTypeUSBAnalog) refers to gpio.o(i.GPIODirModeSet) for GPIODirModeSet
    gpio.o(i.GPIOPinTypeUSBAnalog) refers to gpio.o(i.GPIOPadConfigSet) for GPIOPadConfigSet
    gpio.o(i.GPIOPinTypeUSBDigital) refers to gpio.o(i.GPIODirModeSet) for GPIODirModeSet
    gpio.o(i.GPIOPinTypeUSBDigital) refers to gpio.o(i.GPIOPadConfigSet) for GPIOPadConfigSet
    gpio.o(i.GPIOPinTypeWakeHigh) refers to gpio.o(i.GPIODirModeSet) for GPIODirModeSet
    gpio.o(i.GPIOPinTypeWakeHigh) refers to gpio.o(i.GPIOPadConfigSet) for GPIOPadConfigSet
    gpio.o(i.GPIOPinTypeWakeLow) refers to gpio.o(i.GPIODirModeSet) for GPIODirModeSet
    gpio.o(i.GPIOPinTypeWakeLow) refers to gpio.o(i.GPIOPadConfigSet) for GPIOPadConfigSet
    gpio.o(i._GPIOIntNumberGet) refers to gpio.o(.constdata) for .constdata
    interrupt.o(i.IntDisable) refers to interrupt.o(.constdata) for .constdata
    interrupt.o(i.IntEnable) refers to interrupt.o(.constdata) for .constdata
    interrupt.o(i.IntIsEnabled) refers to interrupt.o(.constdata) for .constdata
    interrupt.o(i.IntMasterDisable) refers to cpu.o(.emb_text) for CPUcpsid
    interrupt.o(i.IntMasterEnable) refers to cpu.o(.emb_text) for CPUcpsie
    interrupt.o(i.IntPendClear) refers to interrupt.o(.constdata) for .constdata
    interrupt.o(i.IntPendSet) refers to interrupt.o(.constdata) for .constdata
    interrupt.o(i.IntPriorityGet) refers to interrupt.o(.constdata) for .constdata
    interrupt.o(i.IntPriorityGroupingGet) refers to interrupt.o(.constdata) for .constdata
    interrupt.o(i.IntPriorityGroupingSet) refers to interrupt.o(.constdata) for .constdata
    interrupt.o(i.IntPriorityMaskGet) refers to cpu.o(.emb_text) for CPUbasepriGet
    interrupt.o(i.IntPriorityMaskSet) refers to cpu.o(.emb_text) for CPUbasepriSet
    interrupt.o(i.IntPrioritySet) refers to interrupt.o(.constdata) for .constdata
    interrupt.o(i.IntRegister) refers to interrupt.o(vtable) for vtable
    interrupt.o(i.IntUnregister) refers to interrupt.o(i._IntDefaultHandler) for _IntDefaultHandler
    interrupt.o(i.IntUnregister) refers to interrupt.o(vtable) for vtable
    sysctl.o(i.SysCtlClockFreqSet) refers to sysctl.o(.constdata) for .constdata
    sysctl.o(i.SysCtlClockGet) refers to sysctl.o(.constdata) for .constdata
    sysctl.o(i.SysCtlClockSet) refers to sysctl.o(.emb_text) for SysCtlDelay
    sysctl.o(i.SysCtlDeepSleep) refers to cpu.o(.emb_text) for CPUwfi
    sysctl.o(i.SysCtlIntRegister) refers to interrupt.o(i.IntRegister) for IntRegister
    sysctl.o(i.SysCtlIntRegister) refers to interrupt.o(i.IntEnable) for IntEnable
    sysctl.o(i.SysCtlIntUnregister) refers to interrupt.o(i.IntDisable) for IntDisable
    sysctl.o(i.SysCtlIntUnregister) refers to interrupt.o(i.IntUnregister) for IntUnregister
    sysctl.o(i.SysCtlSleep) refers to cpu.o(.emb_text) for CPUwfi
    sysctl.o(i.SysCtlVCOGet) refers to sysctl.o(.constdata) for .constdata
    timer.o(i.TimerIntRegister) refers to interrupt.o(i.IntRegister) for IntRegister
    timer.o(i.TimerIntRegister) refers to interrupt.o(i.IntEnable) for IntEnable
    timer.o(i.TimerIntRegister) refers to timer.o(.constdata) for .constdata
    timer.o(i.TimerIntUnregister) refers to interrupt.o(i.IntDisable) for IntDisable
    timer.o(i.TimerIntUnregister) refers to interrupt.o(i.IntUnregister) for IntUnregister
    timer.o(i.TimerIntUnregister) refers to timer.o(.constdata) for .constdata
    __main.o(!!!main) refers to rtentry.o(.ARM.Collect$$rtentry$$00000000) for __rt_entry
    ddiv.o(x$fpl$drdiv) refers (Special) to usenofp.o(x$fpl$usenofp) for __I$use$fp
    ddiv.o(x$fpl$drdiv) refers to ddiv.o(x$fpl$ddiv) for ddiv_entry
    ddiv.o(x$fpl$ddiv) refers (Special) to usenofp.o(x$fpl$usenofp) for __I$use$fp
    ddiv.o(x$fpl$ddiv) refers to dretinf.o(x$fpl$dretinf) for __fpl_dretinf
    ddiv.o(x$fpl$ddiv) refers to dnaninf.o(x$fpl$dnaninf) for __fpl_dnaninf
    dfixu.o(x$fpl$dfixu) refers (Special) to usenofp.o(x$fpl$usenofp) for __I$use$fp
    dfixu.o(x$fpl$dfixu) refers to dnaninf.o(x$fpl$dnaninf) for __fpl_dnaninf
    dfixu.o(x$fpl$dfixur) refers (Special) to usenofp.o(x$fpl$usenofp) for __I$use$fp
    dfixu.o(x$fpl$dfixur) refers to dnaninf.o(x$fpl$dnaninf) for __fpl_dnaninf
    dflt_clz.o(x$fpl$dfltu) refers (Special) to usenofp.o(x$fpl$usenofp) for __I$use$fp
    dflt_clz.o(x$fpl$dflt) refers (Special) to usenofp.o(x$fpl$usenofp) for __I$use$fp
    dflt_clz.o(x$fpl$dfltn) refers (Special) to usenofp.o(x$fpl$usenofp) for __I$use$fp
    rtentry.o(.ARM.Collect$$rtentry$$00000000) refers (Special) to rtentry2.o(.ARM.Collect$$rtentry$$0000000A) for __rt_entry_li
    rtentry.o(.ARM.Collect$$rtentry$$00000000) refers (Special) to rtentry2.o(.ARM.Collect$$rtentry$$0000000D) for __rt_entry_main
    rtentry.o(.ARM.Collect$$rtentry$$00000000) refers (Special) to rtentry2.o(.ARM.Collect$$rtentry$$0000000C) for __rt_entry_postli_1
    rtentry.o(.ARM.Collect$$rtentry$$00000000) refers (Special) to rtentry2.o(.ARM.Collect$$rtentry$$00000009) for __rt_entry_postsh_1
    rtentry.o(.ARM.Collect$$rtentry$$00000000) refers (Special) to rtentry2.o(.ARM.Collect$$rtentry$$00000002) for __rt_entry_presh_1
    rtentry.o(.ARM.Collect$$rtentry$$00000000) refers (Special) to rtentry4.o(.ARM.Collect$$rtentry$$00000004) for __rt_entry_sh
    dnaninf.o(x$fpl$dnaninf) refers (Special) to usenofp.o(x$fpl$usenofp) for __I$use$fp
    dretinf.o(x$fpl$dretinf) refers (Special) to usenofp.o(x$fpl$usenofp) for __I$use$fp
    rtentry2.o(.ARM.Collect$$rtentry$$00000008) refers to boardinit2.o(.text) for _platform_post_stackheap_init
    rtentry2.o(.ARM.Collect$$rtentry$$0000000A) refers to libinit.o(.ARM.Collect$$libinit$$00000000) for __rt_lib_init
    rtentry2.o(.ARM.Collect$$rtentry$$0000000B) refers to boardinit3.o(.text) for _platform_post_lib_init
    rtentry2.o(.ARM.Collect$$rtentry$$0000000D) refers to main.o(.text) for main
    rtentry2.o(.ARM.Collect$$rtentry$$0000000D) refers to exit.o(.text) for exit
    rtentry2.o(.ARM.exidx) refers to rtentry2.o(.ARM.Collect$$rtentry$$00000001) for .ARM.Collect$$rtentry$$00000001
    rtentry2.o(.ARM.exidx) refers to rtentry2.o(.ARM.Collect$$rtentry$$00000008) for .ARM.Collect$$rtentry$$00000008
    rtentry2.o(.ARM.exidx) refers to rtentry2.o(.ARM.Collect$$rtentry$$0000000A) for .ARM.Collect$$rtentry$$0000000A
    rtentry2.o(.ARM.exidx) refers to rtentry2.o(.ARM.Collect$$rtentry$$0000000B) for .ARM.Collect$$rtentry$$0000000B
    rtentry2.o(.ARM.exidx) refers to rtentry2.o(.ARM.Collect$$rtentry$$0000000D) for .ARM.Collect$$rtentry$$0000000D
    rtentry4.o(.ARM.Collect$$rtentry$$00000004) refers to sys_stackheap_outer.o(.text) for __user_setup_stackheap
    rtentry4.o(.ARM.exidx) refers to rtentry4.o(.ARM.Collect$$rtentry$$00000004) for .ARM.Collect$$rtentry$$00000004
    sys_stackheap_outer.o(.text) refers to libspace.o(.text) for __user_perproc_libspace
    sys_stackheap_outer.o(.text) refers to startup_tm4c123.o(.text) for __user_initial_stackheap
    exit.o(.text) refers to rtexit.o(.ARM.Collect$$rtexit$$00000000) for __rt_exit
    libinit.o(.ARM.Collect$$libinit$$00000000) refers (Special) to libinit2.o(.ARM.Collect$$libinit$$0000002C) for __rt_lib_init_alloca_1
    libinit.o(.ARM.Collect$$libinit$$00000000) refers (Special) to libinit2.o(.ARM.Collect$$libinit$$0000002A) for __rt_lib_init_argv_1
    libinit.o(.ARM.Collect$$libinit$$00000000) refers (Special) to libinit2.o(.ARM.Collect$$libinit$$00000019) for __rt_lib_init_atexit_1
    libinit.o(.ARM.Collect$$libinit$$00000000) refers (Special) to libinit2.o(.ARM.Collect$$libinit$$0000001F) for __rt_lib_init_clock_1
    libinit.o(.ARM.Collect$$libinit$$00000000) refers (Special) to libinit2.o(.ARM.Collect$$libinit$$00000030) for __rt_lib_init_cpp_1
    libinit.o(.ARM.Collect$$libinit$$00000000) refers (Special) to libinit2.o(.ARM.Collect$$libinit$$0000002E) for __rt_lib_init_exceptions_1
    libinit.o(.ARM.Collect$$libinit$$00000000) refers (Special) to libinit2.o(.ARM.Collect$$libinit$$00000001) for __rt_lib_init_fp_1
    libinit.o(.ARM.Collect$$libinit$$00000000) refers (Special) to libinit2.o(.ARM.Collect$$libinit$$0000001D) for __rt_lib_init_fp_trap_1
    libinit.o(.ARM.Collect$$libinit$$00000000) refers (Special) to libinit2.o(.ARM.Collect$$libinit$$00000021) for __rt_lib_init_getenv_1
    libinit.o(.ARM.Collect$$libinit$$00000000) refers (Special) to libinit2.o(.ARM.Collect$$libinit$$00000008) for __rt_lib_init_heap_1
    libinit.o(.ARM.Collect$$libinit$$00000000) refers (Special) to libinit2.o(.ARM.Collect$$libinit$$0000000F) for __rt_lib_init_lc_collate_1
    libinit.o(.ARM.Collect$$libinit$$00000000) refers (Special) to libinit2.o(.ARM.Collect$$libinit$$00000011) for __rt_lib_init_lc_ctype_1
    libinit.o(.ARM.Collect$$libinit$$00000000) refers (Special) to libinit2.o(.ARM.Collect$$libinit$$00000013) for __rt_lib_init_lc_monetary_1
    libinit.o(.ARM.Collect$$libinit$$00000000) refers (Special) to libinit2.o(.ARM.Collect$$libinit$$00000015) for __rt_lib_init_lc_numeric_1
    libinit.o(.ARM.Collect$$libinit$$00000000) refers (Special) to libinit2.o(.ARM.Collect$$libinit$$00000017) for __rt_lib_init_lc_time_1
    libinit.o(.ARM.Collect$$libinit$$00000000) refers (Special) to libinit2.o(.ARM.Collect$$libinit$$0000000C) for __rt_lib_init_rand_1
    libinit.o(.ARM.Collect$$libinit$$00000000) refers (Special) to libinit2.o(.ARM.Collect$$libinit$$00000031) for __rt_lib_init_return
    libinit.o(.ARM.Collect$$libinit$$00000000) refers (Special) to libinit2.o(.ARM.Collect$$libinit$$0000001B) for __rt_lib_init_signal_1
    libinit.o(.ARM.Collect$$libinit$$00000000) refers (Special) to libinit2.o(.ARM.Collect$$libinit$$00000023) for __rt_lib_init_stdio_1
    libinit.o(.ARM.Collect$$libinit$$00000000) refers (Special) to libinit2.o(.ARM.Collect$$libinit$$0000000A) for __rt_lib_init_user_alloc_1
    libspace.o(.text) refers to libspace.o(.bss) for __libspace_start
    rtexit.o(.ARM.Collect$$rtexit$$00000000) refers (Special) to rtexit2.o(.ARM.Collect$$rtexit$$00000004) for __rt_exit_exit
    rtexit.o(.ARM.Collect$$rtexit$$00000000) refers (Special) to rtexit2.o(.ARM.Collect$$rtexit$$00000003) for __rt_exit_ls
    rtexit.o(.ARM.Collect$$rtexit$$00000000) refers (Special) to rtexit2.o(.ARM.Collect$$rtexit$$00000002) for __rt_exit_prels_1
    rtexit.o(.ARM.exidx) refers (Special) to rtexit2.o(.ARM.Collect$$rtexit$$00000004) for __rt_exit_exit
    rtexit.o(.ARM.exidx) refers (Special) to rtexit2.o(.ARM.Collect$$rtexit$$00000003) for __rt_exit_ls
    rtexit.o(.ARM.exidx) refers (Special) to rtexit2.o(.ARM.Collect$$rtexit$$00000002) for __rt_exit_prels_1
    rtexit.o(.ARM.exidx) refers to rtexit.o(.ARM.Collect$$rtexit$$00000000) for .ARM.Collect$$rtexit$$00000000
    libinit2.o(.ARM.Collect$$libinit$$00000001) refers to fpinit.o(x$fpl$fpinit) for _fp_init
    libinit2.o(.ARM.Collect$$libinit$$0000000E) refers to libinit2.o(.ARM.Collect$$libinit$$0000000D) for .ARM.Collect$$libinit$$0000000D
    libinit2.o(.ARM.Collect$$libinit$$00000010) refers to libinit2.o(.ARM.Collect$$libinit$$0000000D) for .ARM.Collect$$libinit$$0000000D
    libinit2.o(.ARM.Collect$$libinit$$00000012) refers to libinit2.o(.ARM.Collect$$libinit$$0000000D) for .ARM.Collect$$libinit$$0000000D
    libinit2.o(.ARM.Collect$$libinit$$00000014) refers to libinit2.o(.ARM.Collect$$libinit$$0000000D) for .ARM.Collect$$libinit$$0000000D
    libinit2.o(.ARM.Collect$$libinit$$00000016) refers to libinit2.o(.ARM.Collect$$libinit$$0000000D) for .ARM.Collect$$libinit$$0000000D
    libinit2.o(.ARM.Collect$$libinit$$00000024) refers to argv_veneer.o(.emb_text) for __ARM_argv_veneer
    libinit2.o(.ARM.Collect$$libinit$$00000025) refers to argv_veneer.o(.emb_text) for __ARM_argv_veneer
    rtexit2.o(.ARM.Collect$$rtexit$$00000003) refers to libshutdown.o(.ARM.Collect$$libshutdown$$00000000) for __rt_lib_shutdown
    rtexit2.o(.ARM.Collect$$rtexit$$00000004) refers to sys_exit.o(.text) for _sys_exit
    rtexit2.o(.ARM.exidx) refers to rtexit2.o(.ARM.Collect$$rtexit$$00000001) for .ARM.Collect$$rtexit$$00000001
    rtexit2.o(.ARM.exidx) refers to rtexit2.o(.ARM.Collect$$rtexit$$00000003) for .ARM.Collect$$rtexit$$00000003
    rtexit2.o(.ARM.exidx) refers to rtexit2.o(.ARM.Collect$$rtexit$$00000004) for .ARM.Collect$$rtexit$$00000004
    argv_veneer.o(.emb_text) refers to no_argv.o(.text) for __ARM_get_argv
    sys_exit.o(.text) refers (Special) to use_no_semi.o(.text) for __I$use$semihosting
    sys_exit.o(.text) refers (Special) to indicate_semi.o(.text) for __semihosting_library_function
    _get_argv_nomalloc.o(.text) refers (Special) to hrguard.o(.text) for __heap_region$guard
    _get_argv_nomalloc.o(.text) refers to defsig_rtmem_outer.o(.text) for __rt_SIGRTMEM
    _get_argv_nomalloc.o(.text) refers to sys_command.o(.text) for _sys_command_string
    libshutdown.o(.ARM.Collect$$libshutdown$$00000000) refers (Special) to libshutdown2.o(.ARM.Collect$$libshutdown$$00000006) for __rt_lib_shutdown_fp_trap_1
    libshutdown.o(.ARM.Collect$$libshutdown$$00000000) refers (Special) to libshutdown2.o(.ARM.Collect$$libshutdown$$0000000E) for __rt_lib_shutdown_heap_1
    libshutdown.o(.ARM.Collect$$libshutdown$$00000000) refers (Special) to libshutdown2.o(.ARM.Collect$$libshutdown$$0000000F) for __rt_lib_shutdown_return
    libshutdown.o(.ARM.Collect$$libshutdown$$00000000) refers (Special) to libshutdown2.o(.ARM.Collect$$libshutdown$$00000009) for __rt_lib_shutdown_signal_1
    libshutdown.o(.ARM.Collect$$libshutdown$$00000000) refers (Special) to libshutdown2.o(.ARM.Collect$$libshutdown$$00000003) for __rt_lib_shutdown_stdio_1
    libshutdown.o(.ARM.Collect$$libshutdown$$00000000) refers (Special) to libshutdown2.o(.ARM.Collect$$libshutdown$$0000000B) for __rt_lib_shutdown_user_alloc_1
    sys_command.o(.text) refers (Special) to use_no_semi.o(.text) for __I$use$semihosting
    sys_command.o(.text) refers (Special) to indicate_semi.o(.text) for __semihosting_library_function
    defsig_rtmem_outer.o(.text) refers to defsig_rtmem_inner.o(.text) for __rt_SIGRTMEM_inner
    defsig_rtmem_outer.o(.text) refers to defsig_exit.o(.text) for __sig_exit
    defsig_rtmem_formal.o(.text) refers to rt_raise.o(.text) for __rt_raise
    rt_raise.o(.text) refers to __raise.o(.text) for __raise
    rt_raise.o(.text) refers to sys_exit.o(.text) for _sys_exit
    defsig_exit.o(.text) refers to sys_exit.o(.text) for _sys_exit
    defsig_rtmem_inner.o(.text) refers to defsig_general.o(.text) for __default_signal_display
    __raise.o(.text) refers to defsig.o(CL$$defsig) for __default_signal_handler
    defsig_general.o(.text) refers to sys_wrch.o(.text) for _ttywrch
    sys_wrch.o(.text) refers (Special) to use_no_semi.o(.text) for __I$use$semihosting
    sys_wrch.o(.text) refers (Special) to indicate_semi.o(.text) for __semihosting_library_function
    defsig.o(CL$$defsig) refers to defsig_rtmem_inner.o(.text) for __rt_SIGRTMEM_inner
    defsig_abrt_inner.o(.text) refers to defsig_general.o(.text) for __default_signal_display
    defsig_fpe_inner.o(.text) refers to defsig_general.o(.text) for __default_signal_display
    defsig_rtred_inner.o(.text) refers to defsig_general.o(.text) for __default_signal_display
    defsig_stak_inner.o(.text) refers to defsig_general.o(.text) for __default_signal_display
    defsig_pvfn_inner.o(.text) refers to defsig_general.o(.text) for __default_signal_display
    defsig_cppl_inner.o(.text) refers to defsig_general.o(.text) for __default_signal_display
    defsig_segv_inner.o(.text) refers to defsig_general.o(.text) for __default_signal_display
    defsig_other.o(.text) refers to defsig_general.o(.text) for __default_signal_display


==============================================================================

Removing Unused input sections from the image.

    Removing system_tm4c123.o(.rev16_text), (4 bytes).
    Removing system_tm4c123.o(.revsh_text), (4 bytes).
    Removing gpio.o(i.GPIOADCTriggerDisable), (14 bytes).
    Removing gpio.o(i.GPIOADCTriggerEnable), (12 bytes).
    Removing gpio.o(i.GPIODMATriggerDisable), (14 bytes).
    Removing gpio.o(i.GPIODMATriggerEnable), (12 bytes).
    Removing gpio.o(i.GPIODirModeGet), (34 bytes).
    Removing gpio.o(i.GPIOIntClear), (6 bytes).
    Removing gpio.o(i.GPIOIntDisable), (14 bytes).
    Removing gpio.o(i.GPIOIntEnable), (12 bytes).
    Removing gpio.o(i.GPIOIntRegister), (26 bytes).
    Removing gpio.o(i.GPIOIntRegisterPin), (30 bytes).
    Removing gpio.o(i.GPIOIntStatus), (14 bytes).
    Removing gpio.o(i.GPIOIntTypeGet), (68 bytes).
    Removing gpio.o(i.GPIOIntTypeSet), (80 bytes).
    Removing gpio.o(i.GPIOIntUnregister), (22 bytes).
    Removing gpio.o(i.GPIOIntUnregisterPin), (26 bytes).
    Removing gpio.o(i.GPIOPadConfigGet), (204 bytes).
    Removing gpio.o(i.GPIOPinConfigure), (68 bytes).
    Removing gpio.o(i.GPIOPinTypeADC), (28 bytes).
    Removing gpio.o(i.GPIOPinTypeCAN), (28 bytes).
    Removing gpio.o(i.GPIOPinTypeComparator), (28 bytes).
    Removing gpio.o(i.GPIOPinTypeComparatorOutput), (28 bytes).
    Removing gpio.o(i.GPIOPinTypeDIVSCLK), (28 bytes).
    Removing gpio.o(i.GPIOPinTypeEPI), (28 bytes).
    Removing gpio.o(i.GPIOPinTypeEthernetLED), (28 bytes).
    Removing gpio.o(i.GPIOPinTypeEthernetMII), (28 bytes).
    Removing gpio.o(i.GPIOPinTypeGPIOInput), (28 bytes).
    Removing gpio.o(i.GPIOPinTypeGPIOOutputOD), (28 bytes).
    Removing gpio.o(i.GPIOPinTypeHibernateRTCCLK), (28 bytes).
    Removing gpio.o(i.GPIOPinTypeI2C), (28 bytes).
    Removing gpio.o(i.GPIOPinTypeI2CSCL), (28 bytes).
    Removing gpio.o(i.GPIOPinTypeLCD), (28 bytes).
    Removing gpio.o(i.GPIOPinTypeOneWire), (28 bytes).
    Removing gpio.o(i.GPIOPinTypePWM), (28 bytes).
    Removing gpio.o(i.GPIOPinTypeQEI), (28 bytes).
    Removing gpio.o(i.GPIOPinTypeSSI), (28 bytes).
    Removing gpio.o(i.GPIOPinTypeTimer), (28 bytes).
    Removing gpio.o(i.GPIOPinTypeTrace), (28 bytes).
    Removing gpio.o(i.GPIOPinTypeUART), (28 bytes).
    Removing gpio.o(i.GPIOPinTypeUSBAnalog), (28 bytes).
    Removing gpio.o(i.GPIOPinTypeUSBDigital), (28 bytes).
    Removing gpio.o(i.GPIOPinTypeWakeHigh), (30 bytes).
    Removing gpio.o(i.GPIOPinTypeWakeLow), (30 bytes).
    Removing gpio.o(i.GPIOPinWakeStatus), (6 bytes).
    Removing gpio.o(i._GPIOIntNumberGet), (80 bytes).
    Removing gpio.o(.constdata), (552 bytes).
    Removing interrupt.o(i.IntDisable), (100 bytes).
    Removing interrupt.o(i.IntIsEnabled), (96 bytes).
    Removing interrupt.o(i.IntMasterDisable), (14 bytes).
    Removing interrupt.o(i.IntPendClear), (68 bytes).
    Removing interrupt.o(i.IntPendSet), (84 bytes).
    Removing interrupt.o(i.IntPriorityGet), (28 bytes).
    Removing interrupt.o(i.IntPriorityGroupingGet), (36 bytes).
    Removing interrupt.o(i.IntPriorityGroupingSet), (28 bytes).
    Removing interrupt.o(i.IntPriorityMaskGet), (4 bytes).
    Removing interrupt.o(i.IntPriorityMaskSet), (4 bytes).
    Removing interrupt.o(i.IntPrioritySet), (40 bytes).
    Removing interrupt.o(i.IntRegister), (52 bytes).
    Removing interrupt.o(i.IntTrigger), (12 bytes).
    Removing interrupt.o(i.IntUnregister), (20 bytes).
    Removing interrupt.o(i._IntDefaultHandler), (2 bytes).
    Removing interrupt.o(vtable), (620 bytes).
    Removing sysctl.o(i.SysCtlAltClkConfig), (12 bytes).
    Removing sysctl.o(i.SysCtlClockFreqSet), (740 bytes).
    Removing sysctl.o(i.SysCtlClockOutConfig), (20 bytes).
    Removing sysctl.o(i.SysCtlDeepSleep), (32 bytes).
    Removing sysctl.o(i.SysCtlDeepSleepClockConfigSet), (112 bytes).
    Removing sysctl.o(i.SysCtlDeepSleepClockSet), (12 bytes).
    Removing sysctl.o(i.SysCtlDeepSleepPowerSet), (12 bytes).
    Removing sysctl.o(i.SysCtlFlashSectorSizeGet), (56 bytes).
    Removing sysctl.o(i.SysCtlFlashSizeGet), (56 bytes).
    Removing sysctl.o(i.SysCtlGPIOAHBDisable), (28 bytes).
    Removing sysctl.o(i.SysCtlGPIOAHBEnable), (24 bytes).
    Removing sysctl.o(i.SysCtlIntClear), (12 bytes).
    Removing sysctl.o(i.SysCtlIntDisable), (16 bytes).
    Removing sysctl.o(i.SysCtlIntEnable), (16 bytes).
    Removing sysctl.o(i.SysCtlIntRegister), (20 bytes).
    Removing sysctl.o(i.SysCtlIntStatus), (16 bytes).
    Removing sysctl.o(i.SysCtlIntUnregister), (18 bytes).
    Removing sysctl.o(i.SysCtlLDODeepSleepGet), (12 bytes).
    Removing sysctl.o(i.SysCtlLDODeepSleepSet), (12 bytes).
    Removing sysctl.o(i.SysCtlLDOSleepGet), (12 bytes).
    Removing sysctl.o(i.SysCtlLDOSleepSet), (12 bytes).
    Removing sysctl.o(i.SysCtlMOSCConfigSet), (12 bytes).
    Removing sysctl.o(i.SysCtlNMIClear), (16 bytes).
    Removing sysctl.o(i.SysCtlNMIStatus), (12 bytes).
    Removing sysctl.o(i.SysCtlPIOSCCalibrate), (76 bytes).
    Removing sysctl.o(i.SysCtlPWMClockGet), (24 bytes).
    Removing sysctl.o(i.SysCtlPWMClockSet), (20 bytes).
    Removing sysctl.o(i.SysCtlPeripheralClockGating), (68 bytes).
    Removing sysctl.o(i.SysCtlPeripheralDeepSleepDisable), (40 bytes).
    Removing sysctl.o(i.SysCtlPeripheralDeepSleepEnable), (40 bytes).
    Removing sysctl.o(i.SysCtlPeripheralDisable), (40 bytes).
    Removing sysctl.o(i.SysCtlPeripheralPowerOff), (40 bytes).
    Removing sysctl.o(i.SysCtlPeripheralPowerOn), (40 bytes).
    Removing sysctl.o(i.SysCtlPeripheralPresent), (44 bytes).
    Removing sysctl.o(i.SysCtlPeripheralReady), (44 bytes).
    Removing sysctl.o(i.SysCtlPeripheralReset), (60 bytes).
    Removing sysctl.o(i.SysCtlPeripheralSleepDisable), (40 bytes).
    Removing sysctl.o(i.SysCtlPeripheralSleepEnable), (40 bytes).
    Removing sysctl.o(i.SysCtlReset), (16 bytes).
    Removing sysctl.o(i.SysCtlResetBehaviorGet), (12 bytes).
    Removing sysctl.o(i.SysCtlResetBehaviorSet), (12 bytes).
    Removing sysctl.o(i.SysCtlResetCauseClear), (16 bytes).
    Removing sysctl.o(i.SysCtlResetCauseGet), (12 bytes).
    Removing sysctl.o(i.SysCtlSRAMSizeGet), (16 bytes).
    Removing sysctl.o(i.SysCtlSleep), (4 bytes).
    Removing sysctl.o(i.SysCtlSleepPowerSet), (12 bytes).
    Removing sysctl.o(i.SysCtlUSBPLLDisable), (16 bytes).
    Removing sysctl.o(i.SysCtlUSBPLLEnable), (16 bytes).
    Removing sysctl.o(i.SysCtlVCOGet), (120 bytes).
    Removing sysctl.o(i.SysCtlVoltageEventClear), (16 bytes).
    Removing sysctl.o(i.SysCtlVoltageEventConfig), (12 bytes).
    Removing sysctl.o(i.SysCtlVoltageEventStatus), (12 bytes).
    Removing timer.o(i.TimerADCEventGet), (4 bytes).
    Removing timer.o(i.TimerADCEventSet), (4 bytes).
    Removing timer.o(i.TimerClockSourceGet), (6 bytes).
    Removing timer.o(i.TimerClockSourceSet), (6 bytes).
    Removing timer.o(i.TimerControlEvent), (18 bytes).
    Removing timer.o(i.TimerControlLevel), (22 bytes).
    Removing timer.o(i.TimerControlStall), (22 bytes).
    Removing timer.o(i.TimerControlTrigger), (80 bytes).
    Removing timer.o(i.TimerControlWaitOnTrigger), (48 bytes).
    Removing timer.o(i.TimerDMAEventGet), (4 bytes).
    Removing timer.o(i.TimerDMAEventSet), (4 bytes).
    Removing timer.o(i.TimerDisable), (16 bytes).
    Removing timer.o(i.TimerIntDisable), (10 bytes).
    Removing timer.o(i.TimerIntRegister), (104 bytes).
    Removing timer.o(i.TimerIntStatus), (10 bytes).
    Removing timer.o(i.TimerIntUnregister), (104 bytes).
    Removing timer.o(i.TimerLoadGet), (10 bytes).
    Removing timer.o(i.TimerLoadGet64), (14 bytes).
    Removing timer.o(i.TimerLoadSet64), (6 bytes).
    Removing timer.o(i.TimerMatchGet), (10 bytes).
    Removing timer.o(i.TimerMatchGet64), (14 bytes).
    Removing timer.o(i.TimerMatchSet), (18 bytes).
    Removing timer.o(i.TimerMatchSet64), (6 bytes).
    Removing timer.o(i.TimerPrescaleGet), (10 bytes).
    Removing timer.o(i.TimerPrescaleMatchGet), (10 bytes).
    Removing timer.o(i.TimerPrescaleMatchSet), (18 bytes).
    Removing timer.o(i.TimerPrescaleSet), (18 bytes).
    Removing timer.o(i.TimerRTCDisable), (10 bytes).
    Removing timer.o(i.TimerRTCEnable), (10 bytes).
    Removing timer.o(i.TimerSynchronize), (4 bytes).
    Removing timer.o(i.TimerUpdateMode), (42 bytes).
    Removing timer.o(i.TimerValueGet), (10 bytes).
    Removing timer.o(i.TimerValueGet64), (14 bytes).
    Removing timer.o(.constdata), (160 bytes).

149 unused section(s) (total 6258 bytes) removed from the image.

==============================================================================

Image Symbol Table

    Local Symbols

    Symbol Name                              Value     Ov Type        Size  Object(Section)

    RESET                                    0x00000000   Section      620  startup_tm4c123.o(RESET)
    ../clib/angel/boardlib.s                 0x00000000   Number         0  boardshut.o ABSOLUTE
    ../clib/angel/boardlib.s                 0x00000000   Number         0  boardinit3.o ABSOLUTE
    ../clib/angel/boardlib.s                 0x00000000   Number         0  boardinit2.o ABSOLUTE
    ../clib/angel/boardlib.s                 0x00000000   Number         0  boardinit1.o ABSOLUTE
    ../clib/angel/handlers.s                 0x00000000   Number         0  __scatter_zi.o ABSOLUTE
    ../clib/angel/handlers.s                 0x00000000   Number         0  __scatter_copy.o ABSOLUTE
    ../clib/angel/kernel.s                   0x00000000   Number         0  rtexit2.o ABSOLUTE
    ../clib/angel/kernel.s                   0x00000000   Number         0  rtexit.o ABSOLUTE
    ../clib/angel/kernel.s                   0x00000000   Number         0  rtentry2.o ABSOLUTE
    ../clib/angel/kernel.s                   0x00000000   Number         0  rtentry.o ABSOLUTE
    ../clib/angel/kernel.s                   0x00000000   Number         0  rtentry4.o ABSOLUTE
    ../clib/angel/rt.s                       0x00000000   Number         0  rt_raise.o ABSOLUTE
    ../clib/angel/scatter.s                  0x00000000   Number         0  __scatter.o ABSOLUTE
    ../clib/angel/startup.s                  0x00000000   Number         0  __main.o ABSOLUTE
    ../clib/angel/sys.s                      0x00000000   Number         0  sys_stackheap_outer.o ABSOLUTE
    ../clib/angel/sys.s                      0x00000000   Number         0  use_no_semi.o ABSOLUTE
    ../clib/angel/sys.s                      0x00000000   Number         0  libspace.o ABSOLUTE
    ../clib/angel/sys.s                      0x00000000   Number         0  indicate_semi.o ABSOLUTE
    ../clib/angel/sysapp.c                   0x00000000   Number         0  sys_command.o ABSOLUTE
    ../clib/angel/sysapp.c                   0x00000000   Number         0  sys_wrch.o ABSOLUTE
    ../clib/angel/sysapp.c                   0x00000000   Number         0  sys_exit.o ABSOLUTE
    ../clib/armsys.c                         0x00000000   Number         0  argv_veneer.o ABSOLUTE
    ../clib/armsys.c                         0x00000000   Number         0  argv_veneer.o ABSOLUTE
    ../clib/armsys.c                         0x00000000   Number         0  _get_argv_nomalloc.o ABSOLUTE
    ../clib/armsys.c                         0x00000000   Number         0  no_argv.o ABSOLUTE
    ../clib/heapalloc.c                      0x00000000   Number         0  hrguard.o ABSOLUTE
    ../clib/heapaux.c                        0x00000000   Number         0  heapauxi.o ABSOLUTE
    ../clib/libinit.s                        0x00000000   Number         0  libinit2.o ABSOLUTE
    ../clib/libinit.s                        0x00000000   Number         0  libshutdown.o ABSOLUTE
    ../clib/libinit.s                        0x00000000   Number         0  libinit.o ABSOLUTE
    ../clib/libinit.s                        0x00000000   Number         0  libshutdown2.o ABSOLUTE
    ../clib/signal.c                         0x00000000   Number         0  defsig_segv_inner.o ABSOLUTE
    ../clib/signal.c                         0x00000000   Number         0  defsig_cppl_inner.o ABSOLUTE
    ../clib/signal.c                         0x00000000   Number         0  defsig_pvfn_inner.o ABSOLUTE
    ../clib/signal.c                         0x00000000   Number         0  __raise.o ABSOLUTE
    ../clib/signal.c                         0x00000000   Number         0  defsig_stak_inner.o ABSOLUTE
    ../clib/signal.c                         0x00000000   Number         0  defsig_rtred_inner.o ABSOLUTE
    ../clib/signal.c                         0x00000000   Number         0  defsig_fpe_inner.o ABSOLUTE
    ../clib/signal.c                         0x00000000   Number         0  defsig_abrt_inner.o ABSOLUTE
    ../clib/signal.c                         0x00000000   Number         0  defsig_general.o ABSOLUTE
    ../clib/signal.c                         0x00000000   Number         0  defsig_rtmem_inner.o ABSOLUTE
    ../clib/signal.c                         0x00000000   Number         0  defsig_exit.o ABSOLUTE
    ../clib/signal.c                         0x00000000   Number         0  defsig_rtmem_formal.o ABSOLUTE
    ../clib/signal.c                         0x00000000   Number         0  defsig_rtmem_outer.o ABSOLUTE
    ../clib/signal.c                         0x00000000   Number         0  defsig_other.o ABSOLUTE
    ../clib/signal.s                         0x00000000   Number         0  defsig.o ABSOLUTE
    ../clib/stdlib.c                         0x00000000   Number         0  exit.o ABSOLUTE
    ../fplib/ddiv.s                          0x00000000   Number         0  ddiv.o ABSOLUTE
    ../fplib/dfixu.s                         0x00000000   Number         0  dfixu.o ABSOLUTE
    ../fplib/dflt.s                          0x00000000   Number         0  dflt_clz.o ABSOLUTE
    ../fplib/dnaninf.s                       0x00000000   Number         0  dnaninf.o ABSOLUTE
    ../fplib/dretinf.s                       0x00000000   Number         0  dretinf.o ABSOLUTE
    ../fplib/fpinit.s                        0x00000000   Number         0  fpinit.o ABSOLUTE
    ../fplib/usenofp.s                       0x00000000   Number         0  usenofp.o ABSOLUTE
    C:\Keil\ARM\Startup\TI\TM4C123\system_TM4C123.c 0x00000000   Number         0  system_tm4c123.o ABSOLUTE
    C:\\Keil\\ARM\\Startup\\TI\\TM4C123\\system_TM4C123.c 0x00000000   Number         0  system_tm4c123.o ABSOLUTE
    cpu.c                                    0x00000000   Number         0  cpu.o ABSOLUTE
    cpu.c                                    0x00000000   Number         0  cpu.o ABSOLUTE
    dc.s                                     0x00000000   Number         0  dc.o ABSOLUTE
    gpio.c                                   0x00000000   Number         0  gpio.o ABSOLUTE
    interrupt.c                              0x00000000   Number         0  interrupt.o ABSOLUTE
    main.c                                   0x00000000   Number         0  main.o ABSOLUTE
    startup_TM4C123.s                        0x00000000   Number         0  startup_tm4c123.o ABSOLUTE
    sysctl.c                                 0x00000000   Number         0  sysctl.o ABSOLUTE
    sysctl.c                                 0x00000000   Number         0  sysctl.o ABSOLUTE
    timer.c                                  0x00000000   Number         0  timer.o ABSOLUTE
    !!!main                                  0x0000026c   Section        8  __main.o(!!!main)
    !!!scatter                               0x00000274   Section       52  __scatter.o(!!!scatter)
    !!handler_copy                           0x000002a8   Section       26  __scatter_copy.o(!!handler_copy)
    !!handler_zi                             0x000002c4   Section       28  __scatter_zi.o(!!handler_zi)
    .ARM.Collect$$libinit$$00000000          0x000002e0   Section        2  libinit.o(.ARM.Collect$$libinit$$00000000)
    .ARM.Collect$$libinit$$00000001          0x000002e2   Section        4  libinit2.o(.ARM.Collect$$libinit$$00000001)
    .ARM.Collect$$libinit$$00000008          0x000002e6   Section        0  libinit2.o(.ARM.Collect$$libinit$$00000008)
    .ARM.Collect$$libinit$$0000000A          0x000002e6   Section        0  libinit2.o(.ARM.Collect$$libinit$$0000000A)
    .ARM.Collect$$libinit$$0000000C          0x000002e6   Section        0  libinit2.o(.ARM.Collect$$libinit$$0000000C)
    .ARM.Collect$$libinit$$0000000F          0x000002e6   Section        0  libinit2.o(.ARM.Collect$$libinit$$0000000F)
    .ARM.Collect$$libinit$$00000011          0x000002e6   Section        0  libinit2.o(.ARM.Collect$$libinit$$00000011)
    .ARM.Collect$$libinit$$00000013          0x000002e6   Section        0  libinit2.o(.ARM.Collect$$libinit$$00000013)
    .ARM.Collect$$libinit$$00000015          0x000002e6   Section        0  libinit2.o(.ARM.Collect$$libinit$$00000015)
    .ARM.Collect$$libinit$$00000017          0x000002e6   Section        0  libinit2.o(.ARM.Collect$$libinit$$00000017)
    .ARM.Collect$$libinit$$00000019          0x000002e6   Section        0  libinit2.o(.ARM.Collect$$libinit$$00000019)
    .ARM.Collect$$libinit$$0000001B          0x000002e6   Section        0  libinit2.o(.ARM.Collect$$libinit$$0000001B)
    .ARM.Collect$$libinit$$0000001D          0x000002e6   Section        0  libinit2.o(.ARM.Collect$$libinit$$0000001D)
    .ARM.Collect$$libinit$$0000001F          0x000002e6   Section        0  libinit2.o(.ARM.Collect$$libinit$$0000001F)
    .ARM.Collect$$libinit$$00000021          0x000002e6   Section        0  libinit2.o(.ARM.Collect$$libinit$$00000021)
    .ARM.Collect$$libinit$$00000023          0x000002e6   Section        0  libinit2.o(.ARM.Collect$$libinit$$00000023)
    .ARM.Collect$$libinit$$0000002A          0x000002e6   Section        0  libinit2.o(.ARM.Collect$$libinit$$0000002A)
    .ARM.Collect$$libinit$$0000002C          0x000002e6   Section        0  libinit2.o(.ARM.Collect$$libinit$$0000002C)
    .ARM.Collect$$libinit$$0000002E          0x000002e6   Section        0  libinit2.o(.ARM.Collect$$libinit$$0000002E)
    .ARM.Collect$$libinit$$00000030          0x000002e6   Section        0  libinit2.o(.ARM.Collect$$libinit$$00000030)
    .ARM.Collect$$libinit$$00000031          0x000002e6   Section        2  libinit2.o(.ARM.Collect$$libinit$$00000031)
    .ARM.Collect$$libshutdown$$00000000      0x000002e8   Section        2  libshutdown.o(.ARM.Collect$$libshutdown$$00000000)
    .ARM.Collect$$libshutdown$$00000003      0x000002ea   Section        0  libshutdown2.o(.ARM.Collect$$libshutdown$$00000003)
    .ARM.Collect$$libshutdown$$00000006      0x000002ea   Section        0  libshutdown2.o(.ARM.Collect$$libshutdown$$00000006)
    .ARM.Collect$$libshutdown$$00000009      0x000002ea   Section        0  libshutdown2.o(.ARM.Collect$$libshutdown$$00000009)
    .ARM.Collect$$libshutdown$$0000000B      0x000002ea   Section        0  libshutdown2.o(.ARM.Collect$$libshutdown$$0000000B)
    .ARM.Collect$$libshutdown$$0000000E      0x000002ea   Section        0  libshutdown2.o(.ARM.Collect$$libshutdown$$0000000E)
    .ARM.Collect$$libshutdown$$0000000F      0x000002ea   Section        2  libshutdown2.o(.ARM.Collect$$libshutdown$$0000000F)
    .ARM.Collect$$rtentry$$00000000          0x000002ec   Section        0  rtentry.o(.ARM.Collect$$rtentry$$00000000)
    .ARM.Collect$$rtentry$$00000002          0x000002ec   Section        0  rtentry2.o(.ARM.Collect$$rtentry$$00000002)
    .ARM.Collect$$rtentry$$00000004          0x000002ec   Section        6  rtentry4.o(.ARM.Collect$$rtentry$$00000004)
    .ARM.Collect$$rtentry$$00000009          0x000002f2   Section        0  rtentry2.o(.ARM.Collect$$rtentry$$00000009)
    .ARM.Collect$$rtentry$$0000000A          0x000002f2   Section        4  rtentry2.o(.ARM.Collect$$rtentry$$0000000A)
    .ARM.Collect$$rtentry$$0000000C          0x000002f6   Section        0  rtentry2.o(.ARM.Collect$$rtentry$$0000000C)
    .ARM.Collect$$rtentry$$0000000D          0x000002f6   Section        8  rtentry2.o(.ARM.Collect$$rtentry$$0000000D)
    .ARM.Collect$$rtexit$$00000000           0x000002fe   Section        2  rtexit.o(.ARM.Collect$$rtexit$$00000000)
    .ARM.Collect$$rtexit$$00000002           0x00000300   Section        0  rtexit2.o(.ARM.Collect$$rtexit$$00000002)
    .ARM.Collect$$rtexit$$00000003           0x00000300   Section        4  rtexit2.o(.ARM.Collect$$rtexit$$00000003)
    .ARM.Collect$$rtexit$$00000004           0x00000304   Section        6  rtexit2.o(.ARM.Collect$$rtexit$$00000004)
    .emb_text                                0x0000030c   Section        6  sysctl.o(.emb_text)
    $v0                                      0x0000030c   Number         0  sysctl.o(.emb_text)
    .emb_text                                0x00000314   Section       38  cpu.o(.emb_text)
    $v0                                      0x00000314   Number         0  cpu.o(.emb_text)
    .text                                    0x0000033c   Section      276  startup_tm4c123.o(.text)
    $v0                                      0x0000033c   Number         0  startup_tm4c123.o(.text)
    .text                                    0x00000450   Section        0  main.o(.text)
    .text                                    0x00000528   Section        0  system_tm4c123.o(.text)
    getOscClk                                0x00000529   Thumb Code   182  system_tm4c123.o(.text)
    .text                                    0x00000774   Section        0  heapauxi.o(.text)
    .text                                    0x0000077a   Section       74  sys_stackheap_outer.o(.text)
    .text                                    0x000007c4   Section        0  exit.o(.text)
    .text                                    0x000007d0   Section        8  libspace.o(.text)
    .text                                    0x000007d8   Section        0  sys_exit.o(.text)
    .text                                    0x000007e4   Section        2  use_no_semi.o(.text)
    .text                                    0x000007e6   Section        0  indicate_semi.o(.text)
    i.GPIODirModeSet                         0x000007e6   Section        0  gpio.o(i.GPIODirModeSet)
    i.GPIOPadConfigSet                       0x0000080e   Section        0  gpio.o(i.GPIOPadConfigSet)
    i.GPIOPinRead                            0x00000946   Section        0  gpio.o(i.GPIOPinRead)
    i.GPIOPinTypeGPIOOutput                  0x0000094c   Section        0  gpio.o(i.GPIOPinTypeGPIOOutput)
    i.GPIOPinWrite                           0x00000968   Section        0  gpio.o(i.GPIOPinWrite)
    i.IntEnable                              0x00000970   Section        0  interrupt.o(i.IntEnable)
    i.IntMasterEnable                        0x000009d4   Section        0  interrupt.o(i.IntMasterEnable)
    i.SysCtlClockGet                         0x000009e4   Section        0  sysctl.o(i.SysCtlClockGet)
    i.SysCtlClockSet                         0x00000b38   Section        0  sysctl.o(i.SysCtlClockSet)
    i.SysCtlPeripheralEnable                 0x00000c58   Section        0  sysctl.o(i.SysCtlPeripheralEnable)
    i.TimerConfigure                         0x00000c80   Section        0  timer.o(i.TimerConfigure)
    i.TimerEnable                            0x00000ce0   Section        0  timer.o(i.TimerEnable)
    i.TimerIntClear                          0x00000cee   Section        0  timer.o(i.TimerIntClear)
    i.TimerIntEnable                         0x00000cf2   Section        0  timer.o(i.TimerIntEnable)
    i.TimerLoadSet                           0x00000cfa   Section        0  timer.o(i.TimerLoadSet)
    x$fpl$ddiv                               0x00000d0c   Section      688  ddiv.o(x$fpl$ddiv)
    $v0                                      0x00000d0c   Number         0  ddiv.o(x$fpl$ddiv)
    ddiv_entry                               0x00000d13   Thumb Code     0  ddiv.o(x$fpl$ddiv)
    x$fpl$dfixu                              0x00000fbc   Section       90  dfixu.o(x$fpl$dfixu)
    $v0                                      0x00000fbc   Number         0  dfixu.o(x$fpl$dfixu)
    x$fpl$dfltu                              0x00001016   Section       38  dflt_clz.o(x$fpl$dfltu)
    $v0                                      0x00001016   Number         0  dflt_clz.o(x$fpl$dfltu)
    x$fpl$dnaninf                            0x0000103c   Section      156  dnaninf.o(x$fpl$dnaninf)
    $v0                                      0x0000103c   Number         0  dnaninf.o(x$fpl$dnaninf)
    x$fpl$dretinf                            0x000010d8   Section       12  dretinf.o(x$fpl$dretinf)
    $v0                                      0x000010d8   Number         0  dretinf.o(x$fpl$dretinf)
    x$fpl$fpinit                             0x000010e4   Section       10  fpinit.o(x$fpl$fpinit)
    $v0                                      0x000010e4   Number         0  fpinit.o(x$fpl$fpinit)
    x$fpl$usenofp                            0x000010ee   Section        0  usenofp.o(x$fpl$usenofp)
    .constdata                               0x000010f0   Section      268  interrupt.o(.constdata)
    g_pui32Priority                          0x000010f0   Data          32  interrupt.o(.constdata)
    g_pui32Regs                              0x00001110   Data         156  interrupt.o(.constdata)
    g_pui32EnRegs                            0x000011ac   Data          20  interrupt.o(.constdata)
    g_pui32Dii16Regs                         0x000011c0   Data          20  interrupt.o(.constdata)
    g_pui32PendRegs                          0x000011d4   Data          20  interrupt.o(.constdata)
    g_pui32UnpendRegs                        0x000011e8   Data          20  interrupt.o(.constdata)
    .constdata                               0x000011fc   Section      596  sysctl.o(.constdata)
    g_pui32VCOFrequencies                    0x000011fc   Data           8  sysctl.o(.constdata)
    g_pui32Xtals                             0x00001204   Data         108  sysctl.o(.constdata)
    g_pppui32XTALtoVCO                       0x00001270   Data         432  sysctl.o(.constdata)
    g_sXTALtoMEMTIM                          0x00001420   Data          48  sysctl.o(.constdata)
    .data                                    0x20000000   Section        4  system_tm4c123.o(.data)
    .bss                                     0x20000004   Section       96  libspace.o(.bss)
    HEAP                                     0x20000068   Section        0  startup_tm4c123.o(HEAP)
    STACK                                    0x20000068   Section      512  startup_tm4c123.o(STACK)
    Heap_Mem                                 0x20000068   Data           0  startup_tm4c123.o(HEAP)
    Stack_Mem                                0x20000068   Data         512  startup_tm4c123.o(STACK)
    __initial_sp                             0x20000268   Data           0  startup_tm4c123.o(STACK)

    Global Symbols

    Symbol Name                              Value     Ov Type        Size  Object(Section)

    BuildAttributes$$THM_ISAv4$E$P$D$K$B$S$7EM$VFPi3$EXTD16$VFPS$VFMA$PE$A:L22UL41UL21$X:L11$S22US41US21$IEEE1$IW$USESV6$~STKCKD$USESV7$~SHL$OTIME$ROPI$EBA8$UX$STANDARDLIB$REQ8$PRES8$EABIv2 0x00000000   Number         0  anon$$obj.o ABSOLUTE
    __ARM_use_no_argv                        0x00000000   Number         0  main.o ABSOLUTE
    __Vectors                                0x00000000   Data           4  startup_tm4c123.o(RESET)
    __ARM_exceptions_init                     - Undefined Weak Reference
    __alloca_initialize                       - Undefined Weak Reference
    __cpp_initialize__aeabi_                  - Undefined Weak Reference
    __cxa_finalize                            - Undefined Weak Reference
    __rt_locale                               - Undefined Weak Reference
    __sigvec_lookup                           - Undefined Weak Reference
    _atexit_init                              - Undefined Weak Reference
    _call_atexit_fns                          - Undefined Weak Reference
    _clock_init                               - Undefined Weak Reference
    _fp_trap_init                             - Undefined Weak Reference
    _fp_trap_shutdown                         - Undefined Weak Reference
    _get_lc_collate                           - Undefined Weak Reference
    _get_lc_ctype                             - Undefined Weak Reference
    _get_lc_monetary                          - Undefined Weak Reference
    _get_lc_numeric                           - Undefined Weak Reference
    _get_lc_time                              - Undefined Weak Reference
    _getenv_init                              - Undefined Weak Reference
    _handle_redirection                       - Undefined Weak Reference
    _init_alloc                               - Undefined Weak Reference
    _init_user_alloc                          - Undefined Weak Reference
    _initio                                   - Undefined Weak Reference
    _rand_init                                - Undefined Weak Reference
    _signal_finish                            - Undefined Weak Reference
    _signal_init                              - Undefined Weak Reference
    _terminate_alloc                          - Undefined Weak Reference
    _terminate_user_alloc                     - Undefined Weak Reference
    _terminateio                              - Undefined Weak Reference
    __Vectors_End                            0x0000026c   Data           0  startup_tm4c123.o(RESET)
    __Vectors_Size                           0x0000026c   Number         0  startup_tm4c123.o ABSOLUTE
    __main                                   0x0000026d   Thumb Code     8  __main.o(!!!main)
    __scatterload                            0x00000275   Thumb Code     0  __scatter.o(!!!scatter)
    __scatterload_rt2                        0x00000275   Thumb Code    44  __scatter.o(!!!scatter)
    __scatterload_rt2_thumb_only             0x00000275   Thumb Code     0  __scatter.o(!!!scatter)
    __scatterload_null                       0x00000283   Thumb Code     0  __scatter.o(!!!scatter)
    __scatterload_copy                       0x000002a9   Thumb Code    26  __scatter_copy.o(!!handler_copy)
    __scatterload_zeroinit                   0x000002c5   Thumb Code    28  __scatter_zi.o(!!handler_zi)
    __rt_lib_init                            0x000002e1   Thumb Code     0  libinit.o(.ARM.Collect$$libinit$$00000000)
    __rt_lib_init_fp_1                       0x000002e3   Thumb Code     0  libinit2.o(.ARM.Collect$$libinit$$00000001)
    __rt_lib_init_alloca_1                   0x000002e7   Thumb Code     0  libinit2.o(.ARM.Collect$$libinit$$0000002C)
    __rt_lib_init_argv_1                     0x000002e7   Thumb Code     0  libinit2.o(.ARM.Collect$$libinit$$0000002A)
    __rt_lib_init_atexit_1                   0x000002e7   Thumb Code     0  libinit2.o(.ARM.Collect$$libinit$$00000019)
    __rt_lib_init_clock_1                    0x000002e7   Thumb Code     0  libinit2.o(.ARM.Collect$$libinit$$0000001F)
    __rt_lib_init_cpp_1                      0x000002e7   Thumb Code     0  libinit2.o(.ARM.Collect$$libinit$$00000030)
    __rt_lib_init_exceptions_1               0x000002e7   Thumb Code     0  libinit2.o(.ARM.Collect$$libinit$$0000002E)
    __rt_lib_init_fp_trap_1                  0x000002e7   Thumb Code     0  libinit2.o(.ARM.Collect$$libinit$$0000001D)
    __rt_lib_init_getenv_1                   0x000002e7   Thumb Code     0  libinit2.o(.ARM.Collect$$libinit$$00000021)
    __rt_lib_init_heap_1                     0x000002e7   Thumb Code     0  libinit2.o(.ARM.Collect$$libinit$$00000008)
    __rt_lib_init_lc_collate_1               0x000002e7   Thumb Code     0  libinit2.o(.ARM.Collect$$libinit$$0000000F)
    __rt_lib_init_lc_ctype_1                 0x000002e7   Thumb Code     0  libinit2.o(.ARM.Collect$$libinit$$00000011)
    __rt_lib_init_lc_monetary_1              0x000002e7   Thumb Code     0  libinit2.o(.ARM.Collect$$libinit$$00000013)
    __rt_lib_init_lc_numeric_1               0x000002e7   Thumb Code     0  libinit2.o(.ARM.Collect$$libinit$$00000015)
    __rt_lib_init_lc_time_1                  0x000002e7   Thumb Code     0  libinit2.o(.ARM.Collect$$libinit$$00000017)
    __rt_lib_init_rand_1                     0x000002e7   Thumb Code     0  libinit2.o(.ARM.Collect$$libinit$$0000000C)
    __rt_lib_init_return                     0x000002e7   Thumb Code     0  libinit2.o(.ARM.Collect$$libinit$$00000031)
    __rt_lib_init_signal_1                   0x000002e7   Thumb Code     0  libinit2.o(.ARM.Collect$$libinit$$0000001B)
    __rt_lib_init_stdio_1                    0x000002e7   Thumb Code     0  libinit2.o(.ARM.Collect$$libinit$$00000023)
    __rt_lib_init_user_alloc_1               0x000002e7   Thumb Code     0  libinit2.o(.ARM.Collect$$libinit$$0000000A)
    __rt_lib_shutdown                        0x000002e9   Thumb Code     0  libshutdown.o(.ARM.Collect$$libshutdown$$00000000)
    __rt_lib_shutdown_fp_trap_1              0x000002eb   Thumb Code     0  libshutdown2.o(.ARM.Collect$$libshutdown$$00000006)
    __rt_lib_shutdown_heap_1                 0x000002eb   Thumb Code     0  libshutdown2.o(.ARM.Collect$$libshutdown$$0000000E)
    __rt_lib_shutdown_return                 0x000002eb   Thumb Code     0  libshutdown2.o(.ARM.Collect$$libshutdown$$0000000F)
    __rt_lib_shutdown_signal_1               0x000002eb   Thumb Code     0  libshutdown2.o(.ARM.Collect$$libshutdown$$00000009)
    __rt_lib_shutdown_stdio_1                0x000002eb   Thumb Code     0  libshutdown2.o(.ARM.Collect$$libshutdown$$00000003)
    __rt_lib_shutdown_user_alloc_1           0x000002eb   Thumb Code     0  libshutdown2.o(.ARM.Collect$$libshutdown$$0000000B)
    __rt_entry                               0x000002ed   Thumb Code     0  rtentry.o(.ARM.Collect$$rtentry$$00000000)
    __rt_entry_presh_1                       0x000002ed   Thumb Code     0  rtentry2.o(.ARM.Collect$$rtentry$$00000002)
    __rt_entry_sh                            0x000002ed   Thumb Code     0  rtentry4.o(.ARM.Collect$$rtentry$$00000004)
    __rt_entry_li                            0x000002f3   Thumb Code     0  rtentry2.o(.ARM.Collect$$rtentry$$0000000A)
    __rt_entry_postsh_1                      0x000002f3   Thumb Code     0  rtentry2.o(.ARM.Collect$$rtentry$$00000009)
    __rt_entry_main                          0x000002f7   Thumb Code     0  rtentry2.o(.ARM.Collect$$rtentry$$0000000D)
    __rt_entry_postli_1                      0x000002f7   Thumb Code     0  rtentry2.o(.ARM.Collect$$rtentry$$0000000C)
    __rt_exit                                0x000002ff   Thumb Code     0  rtexit.o(.ARM.Collect$$rtexit$$00000000)
    __rt_exit_ls                             0x00000301   Thumb Code     0  rtexit2.o(.ARM.Collect$$rtexit$$00000003)
    __rt_exit_prels_1                        0x00000301   Thumb Code     0  rtexit2.o(.ARM.Collect$$rtexit$$00000002)
    __rt_exit_exit                           0x00000305   Thumb Code     0  rtexit2.o(.ARM.Collect$$rtexit$$00000004)
    SysCtlDelay                              0x0000030d   Thumb Code     6  sysctl.o(.emb_text)
    CPUcpsid                                 0x00000315   Thumb Code     8  cpu.o(.emb_text)
    CPUprimask                               0x0000031d   Thumb Code     6  cpu.o(.emb_text)
    CPUcpsie                                 0x00000323   Thumb Code     8  cpu.o(.emb_text)
    CPUwfi                                   0x0000032b   Thumb Code     4  cpu.o(.emb_text)
    CPUbasepriSet                            0x0000032f   Thumb Code     6  cpu.o(.emb_text)
    CPUbasepriGet                            0x00000335   Thumb Code     6  cpu.o(.emb_text)
    Reset_Handler                            0x0000033d   Thumb Code     8  startup_tm4c123.o(.text)
    NMI_Handler                              0x00000345   Thumb Code     2  startup_tm4c123.o(.text)
    HardFault_Handler                        0x00000347   Thumb Code     2  startup_tm4c123.o(.text)
    MemManage_Handler                        0x00000349   Thumb Code     2  startup_tm4c123.o(.text)
    BusFault_Handler                         0x0000034b   Thumb Code     2  startup_tm4c123.o(.text)
    UsageFault_Handler                       0x0000034d   Thumb Code     2  startup_tm4c123.o(.text)
    SVC_Handler                              0x0000034f   Thumb Code     2  startup_tm4c123.o(.text)
    DebugMon_Handler                         0x00000351   Thumb Code     2  startup_tm4c123.o(.text)
    PendSV_Handler                           0x00000353   Thumb Code     2  startup_tm4c123.o(.text)
    SysTick_Handler                          0x00000355   Thumb Code     2  startup_tm4c123.o(.text)
    GPIOA_Handler                            0x00000357   Thumb Code     2  startup_tm4c123.o(.text)
    GPIOB_Handler                            0x00000359   Thumb Code     2  startup_tm4c123.o(.text)
    GPIOC_Handler                            0x0000035b   Thumb Code     2  startup_tm4c123.o(.text)
    GPIOD_Handler                            0x0000035d   Thumb Code     2  startup_tm4c123.o(.text)
    GPIOE_Handler                            0x0000035f   Thumb Code     2  startup_tm4c123.o(.text)
    UART0_Handler                            0x00000361   Thumb Code     2  startup_tm4c123.o(.text)
    UART1_Handler                            0x00000363   Thumb Code     2  startup_tm4c123.o(.text)
    SSI0_Handler                             0x00000365   Thumb Code     2  startup_tm4c123.o(.text)
    I2C0_Handler                             0x00000367   Thumb Code     2  startup_tm4c123.o(.text)
    PMW0_FAULT_Handler                       0x00000369   Thumb Code     2  startup_tm4c123.o(.text)
    PWM0_0_Handler                           0x0000036b   Thumb Code     2  startup_tm4c123.o(.text)
    PWM0_1_Handler                           0x0000036d   Thumb Code     2  startup_tm4c123.o(.text)
    PWM0_2_Handler                           0x0000036f   Thumb Code     2  startup_tm4c123.o(.text)
    QEI0_Handler                             0x00000371   Thumb Code     2  startup_tm4c123.o(.text)
    ADC0SS0_Handler                          0x00000373   Thumb Code     2  startup_tm4c123.o(.text)
    ADC0SS1_Handler                          0x00000375   Thumb Code     2  startup_tm4c123.o(.text)
    ADC0SS2_Handler                          0x00000377   Thumb Code     2  startup_tm4c123.o(.text)
    ADC0SS3_Handler                          0x00000379   Thumb Code     2  startup_tm4c123.o(.text)
    WDT0_Handler                             0x0000037b   Thumb Code     2  startup_tm4c123.o(.text)
    TIMER0B_Handler                          0x0000037f   Thumb Code     2  startup_tm4c123.o(.text)
    TIMER1A_Handler                          0x00000381   Thumb Code     2  startup_tm4c123.o(.text)
    TIMER1B_Handler                          0x00000383   Thumb Code     2  startup_tm4c123.o(.text)
    TIMER2A_Handler                          0x00000385   Thumb Code     2  startup_tm4c123.o(.text)
    TIMER2B_Handler                          0x00000387   Thumb Code     2  startup_tm4c123.o(.text)
    COMP0_Handler                            0x00000389   Thumb Code     2  startup_tm4c123.o(.text)
    COMP1_Handler                            0x0000038b   Thumb Code     2  startup_tm4c123.o(.text)
    COMP2_Handler                            0x0000038d   Thumb Code     2  startup_tm4c123.o(.text)
    SYSCTL_Handler                           0x0000038f   Thumb Code     2  startup_tm4c123.o(.text)
    FLASH_Handler                            0x00000391   Thumb Code     2  startup_tm4c123.o(.text)
    GPIOF_Handler                            0x00000393   Thumb Code     2  startup_tm4c123.o(.text)
    GPIOG_Handler                            0x00000395   Thumb Code     2  startup_tm4c123.o(.text)
    GPIOH_Handler                            0x00000397   Thumb Code     2  startup_tm4c123.o(.text)
    UART2_Handler                            0x00000399   Thumb Code     2  startup_tm4c123.o(.text)
    SSI1_Handler                             0x0000039b   Thumb Code     2  startup_tm4c123.o(.text)
    TIMER3A_Handler                          0x0000039d   Thumb Code     2  startup_tm4c123.o(.text)
    TIMER3B_Handler                          0x0000039f   Thumb Code     2  startup_tm4c123.o(.text)
    I2C1_Handler                             0x000003a1   Thumb Code     2  startup_tm4c123.o(.text)
    QEI1_Handler                             0x000003a3   Thumb Code     2  startup_tm4c123.o(.text)
    CAN0_Handler                             0x000003a5   Thumb Code     2  startup_tm4c123.o(.text)
    CAN1_Handler                             0x000003a7   Thumb Code     2  startup_tm4c123.o(.text)
    CAN2_Handler                             0x000003a9   Thumb Code     2  startup_tm4c123.o(.text)
    HIB_Handler                              0x000003ab   Thumb Code     2  startup_tm4c123.o(.text)
    USB0_Handler                             0x000003ad   Thumb Code     2  startup_tm4c123.o(.text)
    PWM0_3_Handler                           0x000003af   Thumb Code     2  startup_tm4c123.o(.text)
    UDMA_Handler                             0x000003b1   Thumb Code     2  startup_tm4c123.o(.text)
    UDMAERR_Handler                          0x000003b3   Thumb Code     2  startup_tm4c123.o(.text)
    ADC1SS0_Handler                          0x000003b5   Thumb Code     2  startup_tm4c123.o(.text)
    ADC1SS1_Handler                          0x000003b7   Thumb Code     2  startup_tm4c123.o(.text)
    ADC1SS2_Handler                          0x000003b9   Thumb Code     2  startup_tm4c123.o(.text)
    ADC1SS3_Handler                          0x000003bb   Thumb Code     2  startup_tm4c123.o(.text)
    GPIOJ_Handler                            0x000003bd   Thumb Code     2  startup_tm4c123.o(.text)
    GPIOK_Handler                            0x000003bf   Thumb Code     2  startup_tm4c123.o(.text)
    GPIOL_Handler                            0x000003c1   Thumb Code     2  startup_tm4c123.o(.text)
    SSI2_Handler                             0x000003c3   Thumb Code     2  startup_tm4c123.o(.text)
    SSI3_Handler                             0x000003c5   Thumb Code     2  startup_tm4c123.o(.text)
    UART3_Handler                            0x000003c7   Thumb Code     2  startup_tm4c123.o(.text)
    UART4_Handler                            0x000003c9   Thumb Code     2  startup_tm4c123.o(.text)
    UART5_Handler                            0x000003cb   Thumb Code     2  startup_tm4c123.o(.text)
    UART6_Handler                            0x000003cd   Thumb Code     2  startup_tm4c123.o(.text)
    UART7_Handler                            0x000003cf   Thumb Code     2  startup_tm4c123.o(.text)
    I2C2_Handler                             0x000003d1   Thumb Code     2  startup_tm4c123.o(.text)
    I2C3_Handler                             0x000003d3   Thumb Code     2  startup_tm4c123.o(.text)
    TIMER4A_Handler                          0x000003d5   Thumb Code     2  startup_tm4c123.o(.text)
    TIMER4B_Handler                          0x000003d7   Thumb Code     2  startup_tm4c123.o(.text)
    TIMER5A_Handler                          0x000003d9   Thumb Code     2  startup_tm4c123.o(.text)
    TIMER5B_Handler                          0x000003db   Thumb Code     2  startup_tm4c123.o(.text)
    WTIMER0A_Handler                         0x000003dd   Thumb Code     2  startup_tm4c123.o(.text)
    WTIMER0B_Handler                         0x000003df   Thumb Code     2  startup_tm4c123.o(.text)
    WTIMER1A_Handler                         0x000003e1   Thumb Code     2  startup_tm4c123.o(.text)
    WTIMER1B_Handler                         0x000003e3   Thumb Code     2  startup_tm4c123.o(.text)
    WTIMER2A_Handler                         0x000003e5   Thumb Code     2  startup_tm4c123.o(.text)
    WTIMER2B_Handler                         0x000003e7   Thumb Code     2  startup_tm4c123.o(.text)
    WTIMER3A_Handler                         0x000003e9   Thumb Code     2  startup_tm4c123.o(.text)
    WTIMER3B_Handler                         0x000003eb   Thumb Code     2  startup_tm4c123.o(.text)
    WTIMER4A_Handler                         0x000003ed   Thumb Code     2  startup_tm4c123.o(.text)
    WTIMER4B_Handler                         0x000003ef   Thumb Code     2  startup_tm4c123.o(.text)
    WTIMER5A_Handler                         0x000003f1   Thumb Code     2  startup_tm4c123.o(.text)
    WTIMER5B_Handler                         0x000003f3   Thumb Code     2  startup_tm4c123.o(.text)
    FPU_Handler                              0x000003f5   Thumb Code     2  startup_tm4c123.o(.text)
    I2C4_Handler                             0x000003f7   Thumb Code     2  startup_tm4c123.o(.text)
    I2C5_Handler                             0x000003f9   Thumb Code     2  startup_tm4c123.o(.text)
    GPIOM_Handler                            0x000003fb   Thumb Code     2  startup_tm4c123.o(.text)
    GPION_Handler                            0x000003fd   Thumb Code     2  startup_tm4c123.o(.text)
    QEI2_Handler                             0x000003ff   Thumb Code     2  startup_tm4c123.o(.text)
    GPIOP0_Handler                           0x00000401   Thumb Code     2  startup_tm4c123.o(.text)
    GPIOP1_Handler                           0x00000403   Thumb Code     2  startup_tm4c123.o(.text)
    GPIOP2_Handler                           0x00000405   Thumb Code     2  startup_tm4c123.o(.text)
    GPIOP3_Handler                           0x00000407   Thumb Code     2  startup_tm4c123.o(.text)
    GPIOP4_Handler                           0x00000409   Thumb Code     2  startup_tm4c123.o(.text)
    GPIOP5_Handler                           0x0000040b   Thumb Code     2  startup_tm4c123.o(.text)
    GPIOP6_Handler                           0x0000040d   Thumb Code     2  startup_tm4c123.o(.text)
    GPIOP7_Handler                           0x0000040f   Thumb Code     2  startup_tm4c123.o(.text)
    GPIOQ0_Handler                           0x00000411   Thumb Code     2  startup_tm4c123.o(.text)
    GPIOQ1_Handler                           0x00000413   Thumb Code     2  startup_tm4c123.o(.text)
    GPIOQ2_Handler                           0x00000415   Thumb Code     2  startup_tm4c123.o(.text)
    GPIOQ3_Handler                           0x00000417   Thumb Code     2  startup_tm4c123.o(.text)
    GPIOQ4_Handler                           0x00000419   Thumb Code     2  startup_tm4c123.o(.text)
    GPIOQ5_Handler                           0x0000041b   Thumb Code     2  startup_tm4c123.o(.text)
    GPIOQ6_Handler                           0x0000041d   Thumb Code     2  startup_tm4c123.o(.text)
    GPIOQ7_Handler                           0x0000041f   Thumb Code     2  startup_tm4c123.o(.text)
    GPIOR_Handler                            0x00000421   Thumb Code     2  startup_tm4c123.o(.text)
    GPIOS_Handler                            0x00000423   Thumb Code     2  startup_tm4c123.o(.text)
    PMW1_0_Handler                           0x00000425   Thumb Code     2  startup_tm4c123.o(.text)
    PWM1_1_Handler                           0x00000427   Thumb Code     2  startup_tm4c123.o(.text)
    PWM1_2_Handler                           0x00000429   Thumb Code     2  startup_tm4c123.o(.text)
    PWM1_3_Handler                           0x0000042b   Thumb Code     2  startup_tm4c123.o(.text)
    PWM1_FAULT_Handler                       0x0000042d   Thumb Code     2  startup_tm4c123.o(.text)
    __user_initial_stackheap                 0x00000431   Thumb Code     0  startup_tm4c123.o(.text)
    main                                     0x00000451   Thumb Code   144  main.o(.text)
    TIMER0A_Handler                          0x000004e1   Thumb Code    44  main.o(.text)
    SystemCoreClockUpdate                    0x000005df   Thumb Code   182  system_tm4c123.o(.text)
    SystemInit                               0x00000695   Thumb Code   112  system_tm4c123.o(.text)
    __use_two_region_memory                  0x00000775   Thumb Code     2  heapauxi.o(.text)
    __rt_heap_escrow$2region                 0x00000777   Thumb Code     2  heapauxi.o(.text)
    __rt_heap_expand$2region                 0x00000779   Thumb Code     2  heapauxi.o(.text)
    __user_setup_stackheap                   0x0000077b   Thumb Code    74  sys_stackheap_outer.o(.text)
    exit                                     0x000007c5   Thumb Code    12  exit.o(.text)
    __user_libspace                          0x000007d1   Thumb Code     8  libspace.o(.text)
    __user_perproc_libspace                  0x000007d1   Thumb Code     0  libspace.o(.text)
    __user_perthread_libspace                0x000007d1   Thumb Code     0  libspace.o(.text)
    _sys_exit                                0x000007d9   Thumb Code     8  sys_exit.o(.text)
    __I$use$semihosting                      0x000007e5   Thumb Code     0  use_no_semi.o(.text)
    __use_no_semihosting_swi                 0x000007e5   Thumb Code     2  use_no_semi.o(.text)
    GPIODirModeSet                           0x000007e7   Thumb Code    40  gpio.o(i.GPIODirModeSet)
    __semihosting_library_function           0x000007e7   Thumb Code     0  indicate_semi.o(.text)
    GPIOPadConfigSet                         0x0000080f   Thumb Code   312  gpio.o(i.GPIOPadConfigSet)
    GPIOPinRead                              0x00000947   Thumb Code     6  gpio.o(i.GPIOPinRead)
    GPIOPinTypeGPIOOutput                    0x0000094d   Thumb Code    28  gpio.o(i.GPIOPinTypeGPIOOutput)
    GPIOPinWrite                             0x00000969   Thumb Code     6  gpio.o(i.GPIOPinWrite)
    IntEnable                                0x00000971   Thumb Code    92  interrupt.o(i.IntEnable)
    IntMasterEnable                          0x000009d5   Thumb Code    14  interrupt.o(i.IntMasterEnable)
    SysCtlClockGet                           0x000009e5   Thumb Code   304  sysctl.o(i.SysCtlClockGet)
    SysCtlClockSet                           0x00000b39   Thumb Code   270  sysctl.o(i.SysCtlClockSet)
    SysCtlPeripheralEnable                   0x00000c59   Thumb Code    36  sysctl.o(i.SysCtlPeripheralEnable)
    TimerConfigure                           0x00000c81   Thumb Code    88  timer.o(i.TimerConfigure)
    TimerEnable                              0x00000ce1   Thumb Code    14  timer.o(i.TimerEnable)
    TimerIntClear                            0x00000cef   Thumb Code     4  timer.o(i.TimerIntClear)
    TimerIntEnable                           0x00000cf3   Thumb Code     8  timer.o(i.TimerIntEnable)
    TimerLoadSet                             0x00000cfb   Thumb Code    18  timer.o(i.TimerLoadSet)
    __aeabi_ddiv                             0x00000d0d   Thumb Code     0  ddiv.o(x$fpl$ddiv)
    _ddiv                                    0x00000d0d   Thumb Code   552  ddiv.o(x$fpl$ddiv)
    __aeabi_d2uiz                            0x00000fbd   Thumb Code     0  dfixu.o(x$fpl$dfixu)
    _dfixu                                   0x00000fbd   Thumb Code    90  dfixu.o(x$fpl$dfixu)
    __aeabi_ui2d                             0x00001017   Thumb Code     0  dflt_clz.o(x$fpl$dfltu)
    _dfltu                                   0x00001017   Thumb Code    38  dflt_clz.o(x$fpl$dfltu)
    __fpl_dnaninf                            0x0000103d   Thumb Code   156  dnaninf.o(x$fpl$dnaninf)
    __fpl_dretinf                            0x000010d9   Thumb Code    12  dretinf.o(x$fpl$dretinf)
    _fp_init                                 0x000010e5   Thumb Code    10  fpinit.o(x$fpl$fpinit)
    __fplib_config_fpu_vfp                   0x000010ed   Thumb Code     0  fpinit.o(x$fpl$fpinit)
    __fplib_config_pureend_doubles           0x000010ed   Thumb Code     0  fpinit.o(x$fpl$fpinit)
    __I$use$fp                               0x000010ee   Number         0  usenofp.o(x$fpl$usenofp)
    Region$$Table$$Base                      0x00001450   Number         0  anon$$obj.o(Region$$Table)
    Region$$Table$$Limit                     0x00001470   Number         0  anon$$obj.o(Region$$Table)
    SystemCoreClock                          0x20000000   Data           4  system_tm4c123.o(.data)
    __libspace_start                         0x20000004   Data          96  libspace.o(.bss)
    __temporary_stack_top$libspace           0x20000064   Data           0  libspace.o(.bss)



==============================================================================

Memory Map of the image

  Image Entry point : 0x0000033d

  Load Region LR_1 (Base: 0x00000000, Size: 0x00001474, Max: 0xffffffff, ABSOLUTE)

    Execution Region ER_RO (Base: 0x00000000, Size: 0x00001470, Max: 0xffffffff, ABSOLUTE)

    Base Addr    Size         Type   Attr      Idx    E Section Name        Object

    0x00000000   0x0000026c   Data   RO            3    RESET               startup_tm4c123.o
    0x0000026c   0x00000008   Code   RO         1146  * !!!main             c_w.l(__main.o)
    0x00000274   0x00000034   Code   RO         1319    !!!scatter          c_w.l(__scatter.o)
    0x000002a8   0x0000001a   Code   RO         1321    !!handler_copy      c_w.l(__scatter_copy.o)
    0x000002c2   0x00000002   PAD
    0x000002c4   0x0000001c   Code   RO         1323    !!handler_zi        c_w.l(__scatter_zi.o)
    0x000002e0   0x00000002   Code   RO         1192    .ARM.Collect$$libinit$$00000000  c_w.l(libinit.o)
    0x000002e2   0x00000004   Code   RO         1198    .ARM.Collect$$libinit$$00000001  c_w.l(libinit2.o)
    0x000002e6   0x00000000   Code   RO         1202    .ARM.Collect$$libinit$$00000008  c_w.l(libinit2.o)
    0x000002e6   0x00000000   Code   RO         1204    .ARM.Collect$$libinit$$0000000A  c_w.l(libinit2.o)
    0x000002e6   0x00000000   Code   RO         1206    .ARM.Collect$$libinit$$0000000C  c_w.l(libinit2.o)
    0x000002e6   0x00000000   Code   RO         1209    .ARM.Collect$$libinit$$0000000F  c_w.l(libinit2.o)
    0x000002e6   0x00000000   Code   RO         1211    .ARM.Collect$$libinit$$00000011  c_w.l(libinit2.o)
    0x000002e6   0x00000000   Code   RO         1213    .ARM.Collect$$libinit$$00000013  c_w.l(libinit2.o)
    0x000002e6   0x00000000   Code   RO         1215    .ARM.Collect$$libinit$$00000015  c_w.l(libinit2.o)
    0x000002e6   0x00000000   Code   RO         1217    .ARM.Collect$$libinit$$00000017  c_w.l(libinit2.o)
    0x000002e6   0x00000000   Code   RO         1219    .ARM.Collect$$libinit$$00000019  c_w.l(libinit2.o)
    0x000002e6   0x00000000   Code   RO         1221    .ARM.Collect$$libinit$$0000001B  c_w.l(libinit2.o)
    0x000002e6   0x00000000   Code   RO         1223    .ARM.Collect$$libinit$$0000001D  c_w.l(libinit2.o)
    0x000002e6   0x00000000   Code   RO         1225    .ARM.Collect$$libinit$$0000001F  c_w.l(libinit2.o)
    0x000002e6   0x00000000   Code   RO         1227    .ARM.Collect$$libinit$$00000021  c_w.l(libinit2.o)
    0x000002e6   0x00000000   Code   RO         1229    .ARM.Collect$$libinit$$00000023  c_w.l(libinit2.o)
    0x000002e6   0x00000000   Code   RO         1233    .ARM.Collect$$libinit$$0000002A  c_w.l(libinit2.o)
    0x000002e6   0x00000000   Code   RO         1235    .ARM.Collect$$libinit$$0000002C  c_w.l(libinit2.o)
    0x000002e6   0x00000000   Code   RO         1237    .ARM.Collect$$libinit$$0000002E  c_w.l(libinit2.o)
    0x000002e6   0x00000000   Code   RO         1239    .ARM.Collect$$libinit$$00000030  c_w.l(libinit2.o)
    0x000002e6   0x00000002   Code   RO         1240    .ARM.Collect$$libinit$$00000031  c_w.l(libinit2.o)
    0x000002e8   0x00000002   Code   RO         1260    .ARM.Collect$$libshutdown$$00000000  c_w.l(libshutdown.o)
    0x000002ea   0x00000000   Code   RO         1274    .ARM.Collect$$libshutdown$$00000003  c_w.l(libshutdown2.o)
    0x000002ea   0x00000000   Code   RO         1277    .ARM.Collect$$libshutdown$$00000006  c_w.l(libshutdown2.o)
    0x000002ea   0x00000000   Code   RO         1280    .ARM.Collect$$libshutdown$$00000009  c_w.l(libshutdown2.o)
    0x000002ea   0x00000000   Code   RO         1282    .ARM.Collect$$libshutdown$$0000000B  c_w.l(libshutdown2.o)
    0x000002ea   0x00000000   Code   RO         1285    .ARM.Collect$$libshutdown$$0000000E  c_w.l(libshutdown2.o)
    0x000002ea   0x00000002   Code   RO         1286    .ARM.Collect$$libshutdown$$0000000F  c_w.l(libshutdown2.o)
    0x000002ec   0x00000000   Code   RO         1162    .ARM.Collect$$rtentry$$00000000  c_w.l(rtentry.o)
    0x000002ec   0x00000000   Code   RO         1169    .ARM.Collect$$rtentry$$00000002  c_w.l(rtentry2.o)
    0x000002ec   0x00000006   Code   RO         1181    .ARM.Collect$$rtentry$$00000004  c_w.l(rtentry4.o)
    0x000002f2   0x00000000   Code   RO         1171    .ARM.Collect$$rtentry$$00000009  c_w.l(rtentry2.o)
    0x000002f2   0x00000004   Code   RO         1172    .ARM.Collect$$rtentry$$0000000A  c_w.l(rtentry2.o)
    0x000002f6   0x00000000   Code   RO         1174    .ARM.Collect$$rtentry$$0000000C  c_w.l(rtentry2.o)
    0x000002f6   0x00000008   Code   RO         1175    .ARM.Collect$$rtentry$$0000000D  c_w.l(rtentry2.o)
    0x000002fe   0x00000002   Code   RO         1196    .ARM.Collect$$rtexit$$00000000  c_w.l(rtexit.o)
    0x00000300   0x00000000   Code   RO         1242    .ARM.Collect$$rtexit$$00000002  c_w.l(rtexit2.o)
    0x00000300   0x00000004   Code   RO         1243    .ARM.Collect$$rtexit$$00000003  c_w.l(rtexit2.o)
    0x00000304   0x00000006   Code   RO         1244    .ARM.Collect$$rtexit$$00000004  c_w.l(rtexit2.o)
    0x0000030a   0x00000002   PAD
    0x0000030c   0x00000006   Code   RO          542    .emb_text           driverlib.lib(sysctl.o)
    0x00000312   0x00000002   PAD
    0x00000314   0x00000026   Code   RO         1132    .emb_text           driverlib.lib(cpu.o)
    0x0000033a   0x00000002   PAD
    0x0000033c   0x00000114   Code   RO            4  * .text               startup_tm4c123.o
    0x00000450   0x000000d8   Code   RO           10    .text               main.o
    0x00000528   0x0000024c   Code   RO           52    .text               system_tm4c123.o
    0x00000774   0x00000006   Code   RO         1144    .text               c_w.l(heapauxi.o)
    0x0000077a   0x0000004a   Code   RO         1183    .text               c_w.l(sys_stackheap_outer.o)
    0x000007c4   0x0000000c   Code   RO         1185    .text               c_w.l(exit.o)
    0x000007d0   0x00000008   Code   RO         1193    .text               c_w.l(libspace.o)
    0x000007d8   0x0000000c   Code   RO         1252    .text               c_w.l(sys_exit.o)
    0x000007e4   0x00000002   Code   RO         1263    .text               c_w.l(use_no_semi.o)
    0x000007e6   0x00000000   Code   RO         1265    .text               c_w.l(indicate_semi.o)
    0x000007e6   0x00000028   Code   RO          100    i.GPIODirModeSet    driverlib.lib(gpio.o)
    0x0000080e   0x00000138   Code   RO          112    i.GPIOPadConfigSet  driverlib.lib(gpio.o)
    0x00000946   0x00000006   Code   RO          114    i.GPIOPinRead       driverlib.lib(gpio.o)
    0x0000094c   0x0000001c   Code   RO          124    i.GPIOPinTypeGPIOOutput  driverlib.lib(gpio.o)
    0x00000968   0x00000006   Code   RO          142    i.GPIOPinWrite      driverlib.lib(gpio.o)
    0x0000096e   0x00000002   PAD
    0x00000970   0x00000064   Code   RO          427    i.IntEnable         driverlib.lib(interrupt.o)
    0x000009d4   0x0000000e   Code   RO          430    i.IntMasterEnable   driverlib.lib(interrupt.o)
    0x000009e2   0x00000002   PAD
    0x000009e4   0x00000154   Code   RO          545    i.SysCtlClockGet    driverlib.lib(sysctl.o)
    0x00000b38   0x00000120   Code   RO          547    i.SysCtlClockSet    driverlib.lib(sysctl.o)
    0x00000c58   0x00000028   Code   RO          576    i.SysCtlPeripheralEnable  driverlib.lib(sysctl.o)
    0x00000c80   0x00000060   Code   RO          894    i.TimerConfigure    driverlib.lib(timer.o)
    0x00000ce0   0x0000000e   Code   RO          903    i.TimerEnable       driverlib.lib(timer.o)
    0x00000cee   0x00000004   Code   RO          904    i.TimerIntClear     driverlib.lib(timer.o)
    0x00000cf2   0x00000008   Code   RO          906    i.TimerIntEnable    driverlib.lib(timer.o)
    0x00000cfa   0x00000012   Code   RO          912    i.TimerLoadSet      driverlib.lib(timer.o)
    0x00000d0c   0x000002b0   Code   RO         1149    x$fpl$ddiv          fz_wm.l(ddiv.o)
    0x00000fbc   0x0000005a   Code   RO         1152    x$fpl$dfixu         fz_wm.l(dfixu.o)
    0x00001016   0x00000026   Code   RO         1156    x$fpl$dfltu         fz_wm.l(dflt_clz.o)
    0x0000103c   0x0000009c   Code   RO         1163    x$fpl$dnaninf       fz_wm.l(dnaninf.o)
    0x000010d8   0x0000000c   Code   RO         1165    x$fpl$dretinf       fz_wm.l(dretinf.o)
    0x000010e4   0x0000000a   Code   RO         1250    x$fpl$fpinit        fz_wm.l(fpinit.o)
    0x000010ee   0x00000000   Code   RO         1167    x$fpl$usenofp       fz_wm.l(usenofp.o)
    0x000010ee   0x00000002   PAD
    0x000010f0   0x0000010c   Data   RO          443    .constdata          driverlib.lib(interrupt.o)
    0x000011fc   0x00000254   Data   RO          598    .constdata          driverlib.lib(sysctl.o)
    0x00001450   0x00000020   Data   RO         1317    Region$$Table       anon$$obj.o


    Execution Region ER_RW (Base: 0x20000000, Size: 0x00000004, Max: 0xffffffff, ABSOLUTE)

    Base Addr    Size         Type   Attr      Idx    E Section Name        Object

    0x20000000   0x00000004   Data   RW           53    .data               system_tm4c123.o


    Execution Region ER_ZI (Base: 0x20000004, Size: 0x00000264, Max: 0xffffffff, ABSOLUTE)

    Base Addr    Size         Type   Attr      Idx    E Section Name        Object

    0x20000004   0x00000060   Zero   RW         1194    .bss                c_w.l(libspace.o)
    0x20000064   0x00000004   PAD
    0x20000068   0x00000000   Zero   RW            2    HEAP                startup_tm4c123.o
    0x20000068   0x00000200   Zero   RW            1    STACK               startup_tm4c123.o


==============================================================================

Image component sizes


      Code (inc. data)   RO Data    RW Data    ZI Data      Debug   Object Name

       216         28          0          0          0       4859   main.o
       276         24        620          0        512       5388   startup_tm4c123.o
       588        136          0          4          0       1381   system_tm4c123.o

    ----------------------------------------------------------------------
      1080        188        652          4        512      11628   Object Totals
         0          0         32          0          0          0   (incl. Generated)
         0          0          0          0          0          0   (incl. Padding)

    ----------------------------------------------------------------------

      Code (inc. data)   RO Data    RW Data    ZI Data      Debug   Library Member Name

         8          0          0          0          0         68   __main.o
        52          8          0          0          0          0   __scatter.o
        26          0          0          0          0          0   __scatter_copy.o
        28          0          0          0          0          0   __scatter_zi.o
        12          0          0          0          0         72   exit.o
         6          0          0          0          0        152   heapauxi.o
         0          0          0          0          0          0   indicate_semi.o
         2          0          0          0          0          0   libinit.o
         6          0          0          0          0          0   libinit2.o
         2          0          0          0          0          0   libshutdown.o
         2          0          0          0          0          0   libshutdown2.o
         8          4          0          0         96         68   libspace.o
         0          0          0          0          0          0   rtentry.o
        12          0          0          0          0          0   rtentry2.o
         6          0          0          0          0          0   rtentry4.o
         2          0          0          0          0          0   rtexit.o
        10          0          0          0          0          0   rtexit2.o
        12          4          0          0          0         68   sys_exit.o
        74          0          0          0          0         80   sys_stackheap_outer.o
         2          0          0          0          0         68   use_no_semi.o
        38          0          0          0          0        572   cpu.o
       392          0          0          0          0       6809   gpio.o
       114          8        268          0          0       2042   interrupt.o
       674         58        596          0          0       4395   sysctl.o
       140          8          0          0          0       2591   timer.o
       688        140          0          0          0        256   ddiv.o
        90          4          0          0          0        140   dfixu.o
        38          0          0          0          0        116   dflt_clz.o
       156          4          0          0          0        140   dnaninf.o
        12          0          0          0          0        116   dretinf.o
        10          0          0          0          0        116   fpinit.o
         0          0          0          0          0          0   usenofp.o

    ----------------------------------------------------------------------
      2636        238        864          0        100      17869   Library Totals
        14          0          0          0          4          0   (incl. Padding)

    ----------------------------------------------------------------------

      Code (inc. data)   RO Data    RW Data    ZI Data      Debug   Library Name

       270         16          0          0         96        576   c_w.l
      1358         74        864          0          0      16409   driverlib.lib
       994        148          0          0          0        884   fz_wm.l

    ----------------------------------------------------------------------
      2636        238        864          0        100      17869   Library Totals

    ----------------------------------------------------------------------

==============================================================================


      Code (inc. data)   RO Data    RW Data    ZI Data      Debug   

      3716        426       1516          4        612      27237   Grand Totals
      3716        426       1516          4        612      27237   ELF Image Totals
      3716        426       1516          4          0          0   ROM Totals

==============================================================================

    Total RO  Size (Code + RO Data)                 5232 (   5.11kB)
    Total RW  Size (RW Data + ZI Data)               616 (   0.60kB)
    Total ROM Size (Code + RO Data + RW Data)       5236 (   5.11kB)

==============================================================================

