<html>
<body>
<pre>
<h1>µVision Build Log</h1>
<h2>Project:</h2>
D:\School\ECEG-721_Embedded_Systems\Labs\Lab6\lab6.uvproj
Project File Date:  11/17/2020

<h2>Output:</h2>
Build target 'Target 1'
assembling startup_TM4C123.s...
compiling main.c...
main.c(37): warning:  #1-D: last line of file ends without a newline
  }
main.c: 1 warning, 0 errors
compiling system_TM4C123.c...
linking...
Program Size: Code=3716 RO-data=1516 RW-data=4 ZI-data=612  
".\lab6.axf" - 0 Error(s), 1 Warning(s).
Load "D:\\School\\ECEG-721_Embedded_Systems\\Labs\\Lab6\\lab6.axf" 
Connecting: Mode=JTAG, Speed=1000000Hz
Erase Done.
Programming Done.
Verify OK.
